Archive member included to satisfy reference by file (symbol)

/home/huynhtai/Downloads/STM32-master/stm32f4xx_demo_RTOS_Software_timer/STM32F4xx_StdPeriph_Driver/lib/stdperiph.a(stm32f4xx_gpio.o)
                              my_printf.o (GPIO_Init)
/home/huynhtai/Downloads/STM32-master/stm32f4xx_demo_RTOS_Software_timer/STM32F4xx_StdPeriph_Driver/lib/stdperiph.a(stm32f4xx_flash.o)
                              EEPROM.o (FLASH_Unlock)
/home/huynhtai/Downloads/STM32-master/stm32f4xx_demo_RTOS_Software_timer/STM32F4xx_StdPeriph_Driver/lib/stdperiph.a(misc.o)
                              my_printf.o (NVIC_Init)
/home/huynhtai/Downloads/STM32-master/stm32f4xx_demo_RTOS_Software_timer/STM32F4xx_StdPeriph_Driver/lib/stdperiph.a(stm32f4xx_usart.o)
                              my_printf.o (USART_DeInit)
/home/huynhtai/Downloads/STM32-master/stm32f4xx_demo_RTOS_Software_timer/STM32F4xx_StdPeriph_Driver/lib/stdperiph.a(stm32f4xx_exti.o)
                              my_printf.o (EXTI_Init)
/home/huynhtai/Downloads/STM32-master/stm32f4xx_demo_RTOS_Software_timer/STM32F4xx_StdPeriph_Driver/lib/stdperiph.a(stm32f4xx_rtc.o)
                              stm32f4xx_it.o (RTC_ClearFlag)
/home/huynhtai/Downloads/STM32-master/stm32f4xx_demo_RTOS_Software_timer/STM32F4xx_StdPeriph_Driver/lib/stdperiph.a(stm32f4xx_rcc.o)
                              /home/huynhtai/Downloads/STM32-master/stm32f4xx_demo_RTOS_Software_timer/STM32F4xx_StdPeriph_Driver/lib/stdperiph.a(stm32f4xx_usart.o) (RCC_GetClocksFreq)
/home/huynhtai/Downloads/STM32-master/stm32f4xx_demo_RTOS_Software_timer/STM32F4xx_StdPeriph_Driver/lib/stdperiph.a(stm32f4xx_syscfg.o)
                              my_printf.o (SYSCFG_EXTILineConfig)
/home/huynhtai/Downloads/STM32-master/stm32f4xx_demo_RTOS_Software_timer/STM32F4xx_StdPeriph_Driver/lib/freertos.a(queue.o)
                              main.o (xQueueGenericCreate)
/home/huynhtai/Downloads/STM32-master/stm32f4xx_demo_RTOS_Software_timer/STM32F4xx_StdPeriph_Driver/lib/freertos.a(list.o)
                              /home/huynhtai/Downloads/STM32-master/stm32f4xx_demo_RTOS_Software_timer/STM32F4xx_StdPeriph_Driver/lib/freertos.a(queue.o) (vListInitialise)
/home/huynhtai/Downloads/STM32-master/stm32f4xx_demo_RTOS_Software_timer/STM32F4xx_StdPeriph_Driver/lib/freertos.a(tasks.o)
                              main.o (vTaskStartScheduler)
/home/huynhtai/Downloads/STM32-master/stm32f4xx_demo_RTOS_Software_timer/STM32F4xx_StdPeriph_Driver/lib/freertos.a(timers.o)
                              /home/huynhtai/Downloads/STM32-master/stm32f4xx_demo_RTOS_Software_timer/STM32F4xx_StdPeriph_Driver/lib/freertos.a(tasks.o) (xTimerCreateTimerTask)
/home/huynhtai/Downloads/STM32-master/stm32f4xx_demo_RTOS_Software_timer/STM32F4xx_StdPeriph_Driver/lib/freertos.a(port.o)
                              /home/huynhtai/Downloads/STM32-master/stm32f4xx_demo_RTOS_Software_timer/STM32F4xx_StdPeriph_Driver/lib/freertos.a(tasks.o) (pxPortInitialiseStack)
/home/huynhtai/Downloads/STM32-master/stm32f4xx_demo_RTOS_Software_timer/STM32F4xx_StdPeriph_Driver/lib/freertos.a(heap_4.o)
                              main.o (pvPortMalloc)
/home/huynhtai/Downloads/TOOLCHAIN/gcc-arm-none-eabi-5_4-2016q3/bin/../lib/gcc/arm-none-eabi/5.4.1/../../../../arm-none-eabi/lib/armv7e-m/fpu/libc_nano.a(lib_a-memcpy-stub.o)
                              startup_stm32f4xx.o (memcpy)
/home/huynhtai/Downloads/TOOLCHAIN/gcc-arm-none-eabi-5_4-2016q3/bin/../lib/gcc/arm-none-eabi/5.4.1/../../../../arm-none-eabi/lib/armv7e-m/fpu/libc_nano.a(lib_a-memset.o)
                              startup_stm32f4xx.o (memset)

Allocating common symbols
Common symbol       size              file

xAutoReloadTimer    0x4               main.o
xQueueRegistry      0x40              /home/huynhtai/Downloads/STM32-master/stm32f4xx_demo_RTOS_Software_timer/STM32F4xx_StdPeriph_Driver/lib/freertos.a(queue.o)
xTimer2Started      0x4               main.o
xTimer1Started      0x4               main.o
xOneShotTimer       0x4               main.o

Discarded input sections

 .group         0x00000000        0x8 EEPROM.o
 .group         0x00000000        0x8 EEPROM.o
 .group         0x00000000        0x8 EEPROM.o
 .group         0x00000000        0x8 EEPROM.o
 .group         0x00000000        0x8 EEPROM.o
 .group         0x00000000        0x8 EEPROM.o
 .group         0x00000000        0x8 EEPROM.o
 .group         0x00000000        0x8 EEPROM.o
 .group         0x00000000        0x8 EEPROM.o
 .group         0x00000000        0x8 EEPROM.o
 .group         0x00000000        0x8 EEPROM.o
 .group         0x00000000        0x8 EEPROM.o
 .group         0x00000000        0x8 EEPROM.o
 .group         0x00000000        0x8 EEPROM.o
 .group         0x00000000        0x8 EEPROM.o
 .group         0x00000000        0x8 EEPROM.o
 .group         0x00000000        0x8 EEPROM.o
 .group         0x00000000        0x8 EEPROM.o
 .group         0x00000000        0x8 EEPROM.o
 .group         0x00000000        0x8 EEPROM.o
[...]
Memory Configuration

Name             Origin             Length             Attributes
FLASH            0x08000000         0x00080000         xr
RAM              0x20000000         0x00020000         xrw
CCM              0x10000000         0x00010000         xrw
*default*        0x00000000         0xffffffff

Linker script and memory map

LOAD EEPROM.o
LOAD my_printf.o
LOAD startup_stm32f4xx.o
LOAD main.o
LOAD stm32f4xx_it.o
LOAD system_stm32f4xx.o
LOAD CortexM4asmOps.o
LOAD /home/huynhtai/Downloads/STM32-master/stm32f4xx_demo_RTOS_Software_timer/STM32F4xx_StdPeriph_Driver/lib/stdperiph.a
LOAD /home/huynhtai/Downloads/STM32-master/stm32f4xx_demo_RTOS_Software_timer/STM32F4xx_StdPeriph_Driver/lib/freertos.a
LOAD /home/huynhtai/Downloads/TOOLCHAIN/gcc-arm-none-eabi-5_4-2016q3/bin/../lib/gcc/arm-none-eabi/5.4.1/../../../../arm-none-eabi/lib/armv7e-m/fpu/libc_nano.a
LOAD /home/huynhtai/Downloads/TOOLCHAIN/gcc-arm-none-eabi-5_4-2016q3/bin/../lib/gcc/arm-none-eabi/5.4.1/armv7e-m/fpu/libgcc.a
LOAD /home/huynhtai/Downloads/TOOLCHAIN/gcc-arm-none-eabi-5_4-2016q3/bin/../lib/gcc/arm-none-eabi/5.4.1/../../../../arm-none-eabi/lib/armv7e-m/fpu/libnosys.a
START GROUP
LOAD /home/huynhtai/Downloads/TOOLCHAIN/gcc-arm-none-eabi-5_4-2016q3/bin/../lib/gcc/arm-none-eabi/5.4.1/armv7e-m/fpu/libgcc.a
LOAD /home/huynhtai/Downloads/TOOLCHAIN/gcc-arm-none-eabi-5_4-2016q3/bin/../lib/gcc/arm-none-eabi/5.4.1/../../../../arm-none-eabi/lib/armv7e-m/fpu/libc_nano.a
END GROUP
START GROUP
LOAD /home/huynhtai/Downloads/TOOLCHAIN/gcc-arm-none-eabi-5_4-2016q3/bin/../lib/gcc/arm-none-eabi/5.4.1/armv7e-m/fpu/libgcc.a
LOAD /home/huynhtai/Downloads/TOOLCHAIN/gcc-arm-none-eabi-5_4-2016q3/bin/../lib/gcc/arm-none-eabi/5.4.1/../../../../arm-none-eabi/lib/armv7e-m/fpu/libc_nano.a
END GROUP
                0x20020000                _estack = 0x20020000
                0x00002000                _Min_Heap_Size = 0x2000
                0x00004000                _Min_Stack_Size = 0x4000

.isr_vector     0x08000000      0x188
                0x08000000                . = ALIGN (0x4)
 *(.isr_vector)
 .isr_vector    0x08000000      0x188 startup_stm32f4xx.o
                0x08000000                g_pfnVectors
                0x08000188                . = ALIGN (0x4)

.text           0x08000190     0x2cf0
                0x08000190                . = ALIGN (0x4)
 *(.text)
 *(.text*)
 .text.my_printf_config
                0x08000190      0x188 my_printf.o
                0x08000190                my_printf_config
 .text.my_printf
                0x08000318       0xb4 my_printf.o
                0x08000318                my_printf
 .text.Default_Handler
                0x080003cc        0x4 startup_stm32f4xx.o
                0x080003cc                HASH_RNG_IRQHandler
                0x080003cc                EXTI2_IRQHandler
                0x080003cc                TIM8_CC_IRQHandler
                0x080003cc                DebugMon_Handler
                0x080003cc                TIM1_CC_IRQHandler
                0x080003cc                DMA2_Stream5_IRQHandler
                0x080003cc                DMA1_Stream5_IRQHandler
                0x080003cc                PVD_IRQHandler
                0x080003cc                SDIO_IRQHandler
                0x080003cc                TAMP_STAMP_IRQHandler
                0x080003cc                CAN2_RX1_IRQHandler
                0x080003cc                EXTI3_IRQHandler
                0x080003cc                TIM8_TRG_COM_TIM14_IRQHandler
                0x080003cc                TIM1_UP_TIM10_IRQHandler
                0x080003cc                TIM8_UP_TIM13_IRQHandler
                0x080003cc                I2C3_ER_IRQHandler
                0x080003cc                I2C2_EV_IRQHandler
                0x080003cc                DMA1_Stream2_IRQHandler
                0x080003cc                CAN1_RX0_IRQHandler
                0x080003cc                FPU_IRQHandler
                0x080003cc                OTG_HS_WKUP_IRQHandler
                0x080003cc                UsageFault_Handler
                0x080003cc                CAN2_SCE_IRQHandler
                0x080003cc                DMA2_Stream2_IRQHandler
                0x080003cc                SPI1_IRQHandler
                0x080003cc                TIM6_DAC_IRQHandler
                0x080003cc                TIM1_BRK_TIM9_IRQHandler
                0x080003cc                DCMI_IRQHandler
                0x080003cc                CAN2_RX0_IRQHandler
                0x080003cc                DMA2_Stream3_IRQHandler
                0x080003cc                USART6_IRQHandler
                0x080003cc                USART3_IRQHandler
                0x080003cc                CRYP_IRQHandler
                0x080003cc                CAN1_RX1_IRQHandler
                0x080003cc                UART5_IRQHandler
                0x080003cc                DMA2_Stream0_IRQHandler
                0x080003cc                TIM4_IRQHandler
                0x080003cc                I2C1_EV_IRQHandler
                0x080003cc                DMA1_Stream6_IRQHandler
                0x080003cc                DMA1_Stream1_IRQHandler
                0x080003cc                UART4_IRQHandler
                0x080003cc                TIM3_IRQHandler
                0x080003cc                RCC_IRQHandler
                0x080003cc                TIM8_BRK_TIM12_IRQHandler
                0x080003cc                Default_Handler
                0x080003cc                EXTI15_10_IRQHandler
                0x080003cc                ADC_IRQHandler
                0x080003cc                DMA1_Stream7_IRQHandler
                0x080003cc                TIM7_IRQHandler
                0x080003cc                CAN2_TX_IRQHandler
                0x080003cc                TIM5_IRQHandler
                0x080003cc                DMA2_Stream7_IRQHandler
                0x080003cc                I2C3_EV_IRQHandler
                0x080003cc                EXTI9_5_IRQHandler
                0x080003cc                ETH_WKUP_IRQHandler
                0x080003cc                SPI2_IRQHandler
                0x080003cc                OTG_HS_EP1_IN_IRQHandler
                0x080003cc                MemManage_Handler
                0x080003cc                DMA1_Stream0_IRQHandler
                0x080003cc                CAN1_TX_IRQHandler
                0x080003cc                EXTI4_IRQHandler
                0x080003cc                FSMC_IRQHandler
                0x080003cc                ETH_IRQHandler
                0x080003cc                OTG_HS_EP1_OUT_IRQHandler
                0x080003cc                WWDG_IRQHandler
                0x080003cc                TIM2_IRQHandler
                0x080003cc                OTG_FS_WKUP_IRQHandler
                0x080003cc                TIM1_TRG_COM_TIM11_IRQHandler
                0x080003cc                OTG_HS_IRQHandler
                0x080003cc                EXTI1_IRQHandler
                0x080003cc                I2C2_ER_IRQHandler
                0x080003cc                DMA2_Stream1_IRQHandler
                0x080003cc                CAN1_SCE_IRQHandler
                0x080003cc                FLASH_IRQHandler
                0x080003cc                DMA2_Stream4_IRQHandler
                0x080003cc                BusFault_Handler
                0x080003cc                USART1_IRQHandler
                0x080003cc                OTG_FS_IRQHandler
                0x080003cc                SPI3_IRQHandler
                0x080003cc                DMA1_Stream4_IRQHandler
                0x080003cc                I2C1_ER_IRQHandler
                0x080003cc                DMA2_Stream6_IRQHandler
                0x080003cc                DMA1_Stream3_IRQHandler
 .text.Reset_Handler
                0x080003d0       0x60 startup_stm32f4xx.o
                0x080003d0                Reset_Handler
 .text.vTimerID
                0x08000430       0x68 main.o
 .text.startup.main
                0x08000498       0xb8 main.o
                0x08000498                main
 .text.EXTI0_IRQHandler
                0x08000550       0x24 main.o
                0x08000550                EXTI0_IRQHandler
 .text.USART2_IRQHandler
                0x08000574       0x3c main.o
                0x08000574                USART2_IRQHandler
 .text.NMI_Handler
                0x080005b0        0x4 stm32f4xx_it.o
                0x080005b0                NMI_Handler
 .text.HardFault_Handler
                0x080005b4        0x4 stm32f4xx_it.o
                0x080005b4                HardFault_Handler
 .text.RTC_WKUP_IRQHandler
                0x080005b8       0x24 stm32f4xx_it.o
                0x080005b8                RTC_WKUP_IRQHandler
 .text.RTC_Alarm_IRQHandler
                0x080005dc       0x58 stm32f4xx_it.o
                0x080005dc                RTC_Alarm_IRQHandler
 .text.SystemInit
                0x08000634       0xfc system_stm32f4xx.o
                0x08000634                SystemInit
 .text.GPIO_Init
                0x08000730       0xa8 /home/huynhtai/Downloads/STM32-master/stm32f4xx_demo_RTOS_Software_timer/STM32F4xx_StdPeriph_Driver/lib/stdperiph.a(stm32f4xx_gpio.o)
                0x08000730                GPIO_Init
 .text.GPIO_ToggleBits
                0x080007d8        0x8 /home/huynhtai/Downloads/STM32-master/stm32f4xx_demo_RTOS_Software_timer/STM32F4xx_StdPeriph_Driver/lib/stdperiph.a(stm32f4xx_gpio.o)
                0x080007d8                GPIO_ToggleBits
 .text.GPIO_PinAFConfig
                0x080007e0       0x2c /home/huynhtai/Downloads/STM32-master/stm32f4xx_demo_RTOS_Software_timer/STM32F4xx_StdPeriph_Driver/lib/stdperiph.a(stm32f4xx_gpio.o)
                0x080007e0                GPIO_PinAFConfig
 .text.NVIC_Init
                0x0800080c       0x64 /home/huynhtai/Downloads/STM32-master/stm32f4xx_demo_RTOS_Software_timer/STM32F4xx_StdPeriph_Driver/lib/stdperiph.a(misc.o)
                0x0800080c                NVIC_Init
 .text.USART_DeInit
                0x08000870      0x10c /home/huynhtai/Downloads/STM32-master/stm32f4xx_demo_RTOS_Software_timer/STM32F4xx_StdPeriph_Driver/lib/stdperiph.a(stm32f4xx_usart.o)
                0x08000870                USART_DeInit
 .text.USART_Init
                0x0800097c       0xc4 /home/huynhtai/Downloads/STM32-master/stm32f4xx_demo_RTOS_Software_timer/STM32F4xx_StdPeriph_Driver/lib/stdperiph.a(stm32f4xx_usart.o)
                0x0800097c                USART_Init
 .text.USART_Cmd
                0x08000a40       0x1c /home/huynhtai/Downloads/STM32-master/stm32f4xx_demo_RTOS_Software_timer/STM32F4xx_StdPeriph_Driver/lib/stdperiph.a(stm32f4xx_usart.o)
                0x08000a40                USART_Cmd
 .text.USART_SendData
                0x08000a5c       0x18 /home/huynhtai/Downloads/STM32-master/stm32f4xx_demo_RTOS_Software_timer/STM32F4xx_StdPeriph_Driver/lib/stdperiph.a(stm32f4xx_usart.o)
                0x08000a5c                USART_SendData
 .text.USART_SendString
                0x08000a74       0x24 /home/huynhtai/Downloads/STM32-master/stm32f4xx_demo_RTOS_Software_timer/STM32F4xx_StdPeriph_Driver/lib/stdperiph.a(stm32f4xx_usart.o)
                0x08000a74                USART_SendString
 .text.USART_ReceiveData
                0x08000a98        0x8 /home/huynhtai/Downloads/STM32-master/stm32f4xx_demo_RTOS_Software_timer/STM32F4xx_StdPeriph_Driver/lib/stdperiph.a(stm32f4xx_usart.o)
                0x08000a98                USART_ReceiveData
 .text.USART_LINBreakDetectLengthConfig
                0x08000aa0       0x18 /home/huynhtai/Downloads/STM32-master/stm32f4xx_demo_RTOS_Software_timer/STM32F4xx_StdPeriph_Driver/lib/stdperiph.a(stm32f4xx_usart.o)
                0x08000aa0                USART_LINBreakDetectLengthConfig
 .text.USART_LINCmd
                0x08000ab8       0x1c /home/huynhtai/Downloads/STM32-master/stm32f4xx_demo_RTOS_Software_timer/STM32F4xx_StdPeriph_Driver/lib/stdperiph.a(stm32f4xx_usart.o)
                0x08000ab8                USART_LINCmd
 .text.USART_DMACmd
                0x08000ad4       0x14 /home/huynhtai/Downloads/STM32-master/stm32f4xx_demo_RTOS_Software_timer/STM32F4xx_StdPeriph_Driver/lib/stdperiph.a(stm32f4xx_usart.o)
                0x08000ad4                USART_DMACmd
 .text.USART_ITConfig
                0x08000ae8       0x3c /home/huynhtai/Downloads/STM32-master/stm32f4xx_demo_RTOS_Software_timer/STM32F4xx_StdPeriph_Driver/lib/stdperiph.a(stm32f4xx_usart.o)
                0x08000ae8                USART_ITConfig
 .text.USART_GetFlagStatus
                0x08000b24        0xc /home/huynhtai/Downloads/STM32-master/stm32f4xx_demo_RTOS_Software_timer/STM32F4xx_StdPeriph_Driver/lib/stdperiph.a(stm32f4xx_usart.o)
                0x08000b24                USART_GetFlagStatus
 .text.EXTI_Init
                0x08000b30       0x90 /home/huynhtai/Downloads/STM32-master/stm32f4xx_demo_RTOS_Software_timer/STM32F4xx_StdPeriph_Driver/lib/stdperiph.a(stm32f4xx_exti.o)
                0x08000b30                EXTI_Init
 .text.EXTI_GetITStatus
                0x08000bc0       0x14 /home/huynhtai/Downloads/STM32-master/stm32f4xx_demo_RTOS_Software_timer/STM32F4xx_StdPeriph_Driver/lib/stdperiph.a(stm32f4xx_exti.o)
                0x08000bc0                EXTI_GetITStatus
 .text.EXTI_ClearITPendingBit
                0x08000bd4        0xc /home/huynhtai/Downloads/STM32-master/stm32f4xx_demo_RTOS_Software_timer/STM32F4xx_StdPeriph_Driver/lib/stdperiph.a(stm32f4xx_exti.o)
                0x08000bd4                EXTI_ClearITPendingBit
 .text.RTC_ClearFlag
                0x08000be0       0x1c /home/huynhtai/Downloads/STM32-master/stm32f4xx_demo_RTOS_Software_timer/STM32F4xx_StdPeriph_Driver/lib/stdperiph.a(stm32f4xx_rtc.o)
                0x08000be0                RTC_ClearFlag
 .text.RTC_GetITStatus
                0x08000bfc       0x2c /home/huynhtai/Downloads/STM32-master/stm32f4xx_demo_RTOS_Software_timer/STM32F4xx_StdPeriph_Driver/lib/stdperiph.a(stm32f4xx_rtc.o)
                0x08000bfc                RTC_GetITStatus
 .text.RTC_ClearITPendingBit
                0x08000c28       0x1c /home/huynhtai/Downloads/STM32-master/stm32f4xx_demo_RTOS_Software_timer/STM32F4xx_StdPeriph_Driver/lib/stdperiph.a(stm32f4xx_rtc.o)
                0x08000c28                RTC_ClearITPendingBit
 .text.RCC_GetClocksFreq
                0x08000c44       0x98 /home/huynhtai/Downloads/STM32-master/stm32f4xx_demo_RTOS_Software_timer/STM32F4xx_StdPeriph_Driver/lib/stdperiph.a(stm32f4xx_rcc.o)
                0x08000c44                RCC_GetClocksFreq
 .text.RCC_AHB1PeriphClockCmd
                0x08000cdc       0x1c /home/huynhtai/Downloads/STM32-master/stm32f4xx_demo_RTOS_Software_timer/STM32F4xx_StdPeriph_Driver/lib/stdperiph.a(stm32f4xx_rcc.o)
                0x08000cdc                RCC_AHB1PeriphClockCmd
 .text.RCC_APB1PeriphClockCmd
                0x08000cf8       0x1c /home/huynhtai/Downloads/STM32-master/stm32f4xx_demo_RTOS_Software_timer/STM32F4xx_StdPeriph_Driver/lib/stdperiph.a(stm32f4xx_rcc.o)
                0x08000cf8                RCC_APB1PeriphClockCmd
 .text.RCC_APB2PeriphClockCmd
                0x08000d14       0x1c /home/huynhtai/Downloads/STM32-master/stm32f4xx_demo_RTOS_Software_timer/STM32F4xx_StdPeriph_Driver/lib/stdperiph.a(stm32f4xx_rcc.o)
                0x08000d14                RCC_APB2PeriphClockCmd
 .text.RCC_APB1PeriphResetCmd
                0x08000d30       0x1c /home/huynhtai/Downloads/STM32-master/stm32f4xx_demo_RTOS_Software_timer/STM32F4xx_StdPeriph_Driver/lib/stdperiph.a(stm32f4xx_rcc.o)
                0x08000d30                RCC_APB1PeriphResetCmd
 .text.RCC_APB2PeriphResetCmd
                0x08000d4c       0x1c /home/huynhtai/Downloads/STM32-master/stm32f4xx_demo_RTOS_Software_timer/STM32F4xx_StdPeriph_Driver/lib/stdperiph.a(stm32f4xx_rcc.o)
                0x08000d4c                RCC_APB2PeriphResetCmd
 .text.SYSCFG_EXTILineConfig
                0x08000d68       0x30 /home/huynhtai/Downloads/STM32-master/stm32f4xx_demo_RTOS_Software_timer/STM32F4xx_StdPeriph_Driver/lib/stdperiph.a(stm32f4xx_syscfg.o)
                0x08000d68                SYSCFG_EXTILineConfig
 .text.unlikely.prvCopyDataToQueue
                0x08000d98       0x74 /home/huynhtai/Downloads/STM32-master/stm32f4xx_demo_RTOS_Software_timer/STM32F4xx_StdPeriph_Driver/lib/freertos.a(queue.o)
 .text.unlikely.prvCopyDataFromQueue
                0x08000e0c       0x28 /home/huynhtai/Downloads/STM32-master/stm32f4xx_demo_RTOS_Software_timer/STM32F4xx_StdPeriph_Driver/lib/freertos.a(queue.o)
 .text.prvUnlockQueue
                0x08000e34       0x94 /home/huynhtai/Downloads/STM32-master/stm32f4xx_demo_RTOS_Software_timer/STM32F4xx_StdPeriph_Driver/lib/freertos.a(queue.o)
 .text.xQueueGenericReset
                0x08000ec8       0x90 /home/huynhtai/Downloads/STM32-master/stm32f4xx_demo_RTOS_Software_timer/STM32F4xx_StdPeriph_Driver/lib/freertos.a(queue.o)
                0x08000ec8                xQueueGenericReset
 .text.xQueueGenericCreate
                0x08000f58       0x48 /home/huynhtai/Downloads/STM32-master/stm32f4xx_demo_RTOS_Software_timer/STM32F4xx_StdPeriph_Driver/lib/freertos.a(queue.o)
                0x08000f58                xQueueGenericCreate
 .text.xQueueGenericSend
                0x08000fa0      0x2ac /home/huynhtai/Downloads/STM32-master/stm32f4xx_demo_RTOS_Software_timer/STM32F4xx_StdPeriph_Driver/lib/freertos.a(queue.o)
                0x08000fa0                xQueueGenericSend
 .text.xQueueGenericSendFromISR
                0x0800124c       0xc8 /home/huynhtai/Downloads/STM32-master/stm32f4xx_demo_RTOS_Software_timer/STM32F4xx_StdPeriph_Driver/lib/freertos.a(queue.o)
                0x0800124c                xQueueGenericSendFromISR
 .text.xQueueReceive
                0x08001314      0x30c /home/huynhtai/Downloads/STM32-master/stm32f4xx_demo_RTOS_Software_timer/STM32F4xx_StdPeriph_Driver/lib/freertos.a(queue.o)
                0x08001314                xQueueReceive
 .text.vQueueAddToRegistry
                0x08001620       0x58 /home/huynhtai/Downloads/STM32-master/stm32f4xx_demo_RTOS_Software_timer/STM32F4xx_StdPeriph_Driver/lib/freertos.a(queue.o)
                0x08001620                vQueueAddToRegistry
 .text.vQueueWaitForMessageRestricted
                0x08001678       0xcc /home/huynhtai/Downloads/STM32-master/stm32f4xx_demo_RTOS_Software_timer/STM32F4xx_StdPeriph_Driver/lib/freertos.a(queue.o)
                0x08001678                vQueueWaitForMessageRestricted
 .text.vListInitialise
                0x08001744       0x18 /home/huynhtai/Downloads/STM32-master/stm32f4xx_demo_RTOS_Software_timer/STM32F4xx_StdPeriph_Driver/lib/freertos.a(list.o)
                0x08001744                vListInitialise
 .text.vListInitialiseItem
                0x0800175c        0x8 /home/huynhtai/Downloads/STM32-master/stm32f4xx_demo_RTOS_Software_timer/STM32F4xx_StdPeriph_Driver/lib/freertos.a(list.o)
                0x0800175c                vListInitialiseItem
 .text.vListInsertEnd
                0x08001764       0x18 /home/huynhtai/Downloads/STM32-master/stm32f4xx_demo_RTOS_Software_timer/STM32F4xx_StdPeriph_Driver/lib/freertos.a(list.o)
                0x08001764                vListInsertEnd
 .text.vListInsert
                0x0800177c       0x34 /home/huynhtai/Downloads/STM32-master/stm32f4xx_demo_RTOS_Software_timer/STM32F4xx_StdPeriph_Driver/lib/freertos.a(list.o)
                0x0800177c                vListInsert
 .text.uxListRemove
                0x080017b0       0x28 /home/huynhtai/Downloads/STM32-master/stm32f4xx_demo_RTOS_Software_timer/STM32F4xx_StdPeriph_Driver/lib/freertos.a(list.o)
                0x080017b0                uxListRemove
 .text.prvIdleTask
                0x080017d8       0x70 /home/huynhtai/Downloads/STM32-master/stm32f4xx_demo_RTOS_Software_timer/STM32F4xx_StdPeriph_Driver/lib/freertos.a(tasks.o)
 .text.xTaskIncrementTick.part.5
                0x08001848      0x130 /home/huynhtai/Downloads/STM32-master/stm32f4xx_demo_RTOS_Software_timer/STM32F4xx_StdPeriph_Driver/lib/freertos.a(tasks.o)
 .text.xTaskCreate
                0x08001978      0x228 /home/huynhtai/Downloads/STM32-master/stm32f4xx_demo_RTOS_Software_timer/STM32F4xx_StdPeriph_Driver/lib/freertos.a(tasks.o)
                0x08001978                xTaskCreate
 .text.vTaskStartScheduler
                0x08001ba0      0x210 /home/huynhtai/Downloads/STM32-master/stm32f4xx_demo_RTOS_Software_timer/STM32F4xx_StdPeriph_Driver/lib/freertos.a(tasks.o)
                0x08001ba0                vTaskStartScheduler
 .text.vTaskSuspendAll
                0x08001db0       0x10 /home/huynhtai/Downloads/STM32-master/stm32f4xx_demo_RTOS_Software_timer/STM32F4xx_StdPeriph_Driver/lib/freertos.a(tasks.o)
                0x08001db0                vTaskSuspendAll
 .text.xTaskResumeAll
                0x08001dc0      0x130 /home/huynhtai/Downloads/STM32-master/stm32f4xx_demo_RTOS_Software_timer/STM32F4xx_StdPeriph_Driver/lib/freertos.a(tasks.o)
                0x08001dc0                xTaskResumeAll
 .text.xTaskGetTickCount
                0x08001ef0        0xc /home/huynhtai/Downloads/STM32-master/stm32f4xx_demo_RTOS_Software_timer/STM32F4xx_StdPeriph_Driver/lib/freertos.a(tasks.o)
                0x08001ef0                xTaskGetTickCount
 .text.xTaskIncrementTick
                0x08001efc       0x20 /home/huynhtai/Downloads/STM32-master/stm32f4xx_demo_RTOS_Software_timer/STM32F4xx_StdPeriph_Driver/lib/freertos.a(tasks.o)
                0x08001efc                xTaskIncrementTick
 .text.vTaskSwitchContext
                0x08001f1c       0x70 /home/huynhtai/Downloads/STM32-master/stm32f4xx_demo_RTOS_Software_timer/STM32F4xx_StdPeriph_Driver/lib/freertos.a(tasks.o)
                0x08001f1c                vTaskSwitchContext
 .text.vTaskPlaceOnEventList
                0x08001f8c       0xa4 /home/huynhtai/Downloads/STM32-master/stm32f4xx_demo_RTOS_Software_timer/STM32F4xx_StdPeriph_Driver/lib/freertos.a(tasks.o)
                0x08001f8c                vTaskPlaceOnEventList
 .text.vTaskPlaceOnEventListRestricted
                0x08002030       0xc4 /home/huynhtai/Downloads/STM32-master/stm32f4xx_demo_RTOS_Software_timer/STM32F4xx_StdPeriph_Driver/lib/freertos.a(tasks.o)
                0x08002030                vTaskPlaceOnEventListRestricted
 .text.xTaskRemoveFromEventList
                0x080020f4       0x88 /home/huynhtai/Downloads/STM32-master/stm32f4xx_demo_RTOS_Software_timer/STM32F4xx_StdPeriph_Driver/lib/freertos.a(tasks.o)
                0x080020f4                xTaskRemoveFromEventList
 .text.vTaskInternalSetTimeOutState
                0x0800217c       0x18 /home/huynhtai/Downloads/STM32-master/stm32f4xx_demo_RTOS_Software_timer/STM32F4xx_StdPeriph_Driver/lib/freertos.a(tasks.o)
                0x0800217c                vTaskInternalSetTimeOutState
 .text.xTaskCheckForTimeOut
                0x08002194       0x98 /home/huynhtai/Downloads/STM32-master/stm32f4xx_demo_RTOS_Software_timer/STM32F4xx_StdPeriph_Driver/lib/freertos.a(tasks.o)
                0x08002194                xTaskCheckForTimeOut
 .text.vTaskMissedYield
                0x0800222c        0xc /home/huynhtai/Downloads/STM32-master/stm32f4xx_demo_RTOS_Software_timer/STM32F4xx_StdPeriph_Driver/lib/freertos.a(tasks.o)
                0x0800222c                vTaskMissedYield
 .text.xTaskGetSchedulerState
                0x08002238       0x20 /home/huynhtai/Downloads/STM32-master/stm32f4xx_demo_RTOS_Software_timer/STM32F4xx_StdPeriph_Driver/lib/freertos.a(tasks.o)
                0x08002238                xTaskGetSchedulerState
 .text.xTaskPriorityDisinherit
                0x08002258       0xb4 /home/huynhtai/Downloads/STM32-master/stm32f4xx_demo_RTOS_Software_timer/STM32F4xx_StdPeriph_Driver/lib/freertos.a(tasks.o)
                0x08002258                xTaskPriorityDisinherit
 .text.prvSwitchTimerLists
                0x0800230c       0xa0 /home/huynhtai/Downloads/STM32-master/stm32f4xx_demo_RTOS_Software_timer/STM32F4xx_StdPeriph_Driver/lib/freertos.a(timers.o)
 .text.prvTimerTask
                0x080023ac      0x2a4 /home/huynhtai/Downloads/STM32-master/stm32f4xx_demo_RTOS_Software_timer/STM32F4xx_StdPeriph_Driver/lib/freertos.a(timers.o)
 .text.xTimerCreateTimerTask
                0x08002650       0x98 /home/huynhtai/Downloads/STM32-master/stm32f4xx_demo_RTOS_Software_timer/STM32F4xx_StdPeriph_Driver/lib/freertos.a(timers.o)
                0x08002650                xTimerCreateTimerTask
 .text.xTimerCreate
                0x080026e8       0xc4 /home/huynhtai/Downloads/STM32-master/stm32f4xx_demo_RTOS_Software_timer/STM32F4xx_StdPeriph_Driver/lib/freertos.a(timers.o)
                0x080026e8                xTimerCreate
 .text.xTimerGenericCommand
                0x080027ac       0x68 /home/huynhtai/Downloads/STM32-master/stm32f4xx_demo_RTOS_Software_timer/STM32F4xx_StdPeriph_Driver/lib/freertos.a(timers.o)
                0x080027ac                xTimerGenericCommand
 .text.pvTimerGetTimerID
                0x08002814       0x28 /home/huynhtai/Downloads/STM32-master/stm32f4xx_demo_RTOS_Software_timer/STM32F4xx_StdPeriph_Driver/lib/freertos.a(timers.o)
                0x08002814                pvTimerGetTimerID
 .text.vTimerSetTimerID
                0x0800283c       0x28 /home/huynhtai/Downloads/STM32-master/stm32f4xx_demo_RTOS_Software_timer/STM32F4xx_StdPeriph_Driver/lib/freertos.a(timers.o)
                0x0800283c                vTimerSetTimerID
 .text.prvTaskExitError
                0x08002864       0x40 /home/huynhtai/Downloads/STM32-master/stm32f4xx_demo_RTOS_Software_timer/STM32F4xx_StdPeriph_Driver/lib/freertos.a(port.o)
 .text.unlikely.prvPortStartFirstTask
                0x080028a4       0x28 /home/huynhtai/Downloads/STM32-master/stm32f4xx_demo_RTOS_Software_timer/STM32F4xx_StdPeriph_Driver/lib/freertos.a(port.o)
 .text.unlikely.vPortEnableVFP
                0x080028cc       0x14 /home/huynhtai/Downloads/STM32-master/stm32f4xx_demo_RTOS_Software_timer/STM32F4xx_StdPeriph_Driver/lib/freertos.a(port.o)
 .text.pxPortInitialiseStack
                0x080028e0       0x2c /home/huynhtai/Downloads/STM32-master/stm32f4xx_demo_RTOS_Software_timer/STM32F4xx_StdPeriph_Driver/lib/freertos.a(port.o)
                0x080028e0                pxPortInitialiseStack
 *fill*         0x0800290c        0x4 
 .text.SVC_Handler
                0x08002910       0x24 /home/huynhtai/Downloads/STM32-master/stm32f4xx_demo_RTOS_Software_timer/STM32F4xx_StdPeriph_Driver/lib/freertos.a(port.o)
                0x08002910                SVC_Handler
 .text.vPortEnterCritical
                0x08002934       0x44 /home/huynhtai/Downloads/STM32-master/stm32f4xx_demo_RTOS_Software_timer/STM32F4xx_StdPeriph_Driver/lib/freertos.a(port.o)
                0x08002934                vPortEnterCritical
 .text.vPortExitCritical
                0x08002978       0x28 /home/huynhtai/Downloads/STM32-master/stm32f4xx_demo_RTOS_Software_timer/STM32F4xx_StdPeriph_Driver/lib/freertos.a(port.o)
                0x08002978                vPortExitCritical
 .text.PendSV_Handler
                0x080029a0       0x64 /home/huynhtai/Downloads/STM32-master/stm32f4xx_demo_RTOS_Software_timer/STM32F4xx_StdPeriph_Driver/lib/freertos.a(port.o)
                0x080029a0                PendSV_Handler
 .text.SysTick_Handler
                0x08002a04       0x2c /home/huynhtai/Downloads/STM32-master/stm32f4xx_demo_RTOS_Software_timer/STM32F4xx_StdPeriph_Driver/lib/freertos.a(port.o)
                0x08002a04                SysTick_Handler
 .text.vPortSetupTimerInterrupt
                0x08002a30       0x3c /home/huynhtai/Downloads/STM32-master/stm32f4xx_demo_RTOS_Software_timer/STM32F4xx_StdPeriph_Driver/lib/freertos.a(port.o)
                0x08002a30                vPortSetupTimerInterrupt
 .text.xPortStartScheduler
                0x08002a6c      0x114 /home/huynhtai/Downloads/STM32-master/stm32f4xx_demo_RTOS_Software_timer/STM32F4xx_StdPeriph_Driver/lib/freertos.a(port.o)
                0x08002a6c                xPortStartScheduler
 .text.vPortValidateInterruptPriority
                0x08002b80       0x5c /home/huynhtai/Downloads/STM32-master/stm32f4xx_demo_RTOS_Software_timer/STM32F4xx_StdPeriph_Driver/lib/freertos.a(port.o)
                0x08002b80                vPortValidateInterruptPriority
 .text.unlikely.prvInsertBlockIntoFreeList
                0x08002bdc       0x54 /home/huynhtai/Downloads/STM32-master/stm32f4xx_demo_RTOS_Software_timer/STM32F4xx_StdPeriph_Driver/lib/freertos.a(heap_4.o)
 .text.pvPortMalloc
                0x08002c30      0x128 /home/huynhtai/Downloads/STM32-master/stm32f4xx_demo_RTOS_Software_timer/STM32F4xx_StdPeriph_Driver/lib/freertos.a(heap_4.o)
                0x08002c30                pvPortMalloc
 .text.vPortFree
                0x08002d58       0x7c /home/huynhtai/Downloads/STM32-master/stm32f4xx_demo_RTOS_Software_timer/STM32F4xx_StdPeriph_Driver/lib/freertos.a(heap_4.o)
                0x08002d58                vPortFree
 .text.xPortGetFreeHeapSize
                0x08002dd4        0xc /home/huynhtai/Downloads/STM32-master/stm32f4xx_demo_RTOS_Software_timer/STM32F4xx_StdPeriph_Driver/lib/freertos.a(heap_4.o)
                0x08002dd4                xPortGetFreeHeapSize
 .text.memcpy   0x08002de0       0x16 /home/huynhtai/Downloads/TOOLCHAIN/gcc-arm-none-eabi-5_4-2016q3/bin/../lib/gcc/arm-none-eabi/5.4.1/../../../../arm-none-eabi/lib/armv7e-m/fpu/libc_nano.a(lib_a-memcpy-stub.o)
                0x08002de0                memcpy
 .text.memset   0x08002df6       0x10 /home/huynhtai/Downloads/TOOLCHAIN/gcc-arm-none-eabi-5_4-2016q3/bin/../lib/gcc/arm-none-eabi/5.4.1/../../../../arm-none-eabi/lib/armv7e-m/fpu/libc_nano.a(lib_a-memset.o)
                0x08002df6                memset
 *(.rodata)
 *(.rodata*)
 *fill*         0x08002e06        0x2 
 .rodata.str1.4
                0x08002e08       0x68 main.o
 .rodata.str1.4
                0x08002e70       0x10 /home/huynhtai/Downloads/STM32-master/stm32f4xx_demo_RTOS_Software_timer/STM32F4xx_StdPeriph_Driver/lib/freertos.a(timers.o)
 *(.glue_7)
 .glue_7        0x08002e80        0x0 linker stubs
 *(.glue_7t)
 .glue_7t       0x08002e80        0x0 linker stubs
 *(.eh_frame)
 *(.init)
 *(.fini)
                0x08002e80                . = ALIGN (0x4)
                0x08002e80                _etext = .
                0x08002e80                _exit = .

.vfp11_veneer   0x08002e80        0x0
 .vfp11_veneer  0x08002e80        0x0 linker stubs

.v4_bx          0x08002e80        0x0
 .v4_bx         0x08002e80        0x0 linker stubs

.iplt           0x08002e80        0x0
 .iplt          0x08002e80        0x0 EEPROM.o

.rel.dyn        0x08002e80        0x0
 .rel.iplt      0x08002e80        0x0 EEPROM.o

.ARM.extab
 *(.ARM.extab* .gnu.linkonce.armextab.*)

.ARM            0x08002e80        0x0
                0x08002e80                __exidx_start = .
 *(.ARM.exidx*)
                0x08002e80                __exidx_end = .

.preinit_array  0x08002e80        0x0
                [!provide]                PROVIDE (__preinit_array_start, .)
 *(.preinit_array*)
                [!provide]                PROVIDE (__preinit_array_end, .)

.init_array     0x08002e80        0x0
                [!provide]                PROVIDE (__init_array_start, .)
 *(SORT(.init_array.*))
 *(.init_array*)
                [!provide]                PROVIDE (__init_array_end, .)

.fini_array     0x08002e80        0x0
                [!provide]                PROVIDE (__fini_array_start, .)
 *(.fini_array*)
 *(SORT(.fini_array.*))
                [!provide]                PROVIDE (__fini_array_end, .)
                0x08002e80                __sidata = .

.data           0x20000000       0x18 load address 0x08002e80
                0x20000000                . = ALIGN (0x4)
                0x20000000                _sdata = .
                0x20000000                __data_start__ = _sdata
 *(.data)
 *(.data*)
 .data.SystemCoreClock
                0x20000000        0x4 system_stm32f4xx.o
                0x20000000                SystemCoreClock
 .data.APBAHBPrescTable
                0x20000004       0x10 /home/huynhtai/Downloads/STM32-master/stm32f4xx_demo_RTOS_Software_timer/STM32F4xx_StdPeriph_Driver/lib/stdperiph.a(stm32f4xx_rcc.o)
 .data.uxCriticalNesting
                0x20000014        0x4 /home/huynhtai/Downloads/STM32-master/stm32f4xx_demo_RTOS_Software_timer/STM32F4xx_StdPeriph_Driver/lib/freertos.a(port.o)
                0x20000018                . = ALIGN (0x4)
                0x20000018                _edata = .
                0x20000018                __data_end__ = _edata

.igot.plt       0x20000018        0x0 load address 0x08002e98
 .igot.plt      0x20000018        0x0 EEPROM.o
                0x20000018                . = ALIGN (0x4)

.bss            0x20000018    0x12db8 load address 0x08002e98
                0x20000018                _sbss = .
                0x20000018                __bss_start__ = _sbss
 *(.bss)
 *(.bss*)
 .bss.pxDelayedTaskList
                0x20000018        0x4 /home/huynhtai/Downloads/STM32-master/stm32f4xx_demo_RTOS_Software_timer/STM32F4xx_StdPeriph_Driver/lib/freertos.a(tasks.o)
 .bss.xSchedulerRunning
                0x2000001c        0x4 /home/huynhtai/Downloads/STM32-master/stm32f4xx_demo_RTOS_Software_timer/STM32F4xx_StdPeriph_Driver/lib/freertos.a(tasks.o)
 .bss.xTasksWaitingTermination
                0x20000020       0x14 /home/huynhtai/Downloads/STM32-master/stm32f4xx_demo_RTOS_Software_timer/STM32F4xx_StdPeriph_Driver/lib/freertos.a(tasks.o)
 .bss.xSuspendedTaskList
                0x20000034       0x14 /home/huynhtai/Downloads/STM32-master/stm32f4xx_demo_RTOS_Software_timer/STM32F4xx_StdPeriph_Driver/lib/freertos.a(tasks.o)
 .bss.xIdleTaskHandle
                0x20000048        0x4 /home/huynhtai/Downloads/STM32-master/stm32f4xx_demo_RTOS_Software_timer/STM32F4xx_StdPeriph_Driver/lib/freertos.a(tasks.o)
 .bss.xPendedTicks
                0x2000004c        0x4 /home/huynhtai/Downloads/STM32-master/stm32f4xx_demo_RTOS_Software_timer/STM32F4xx_StdPeriph_Driver/lib/freertos.a(tasks.o)
 .bss.pxReadyTasksLists
                0x20000050       0x64 /home/huynhtai/Downloads/STM32-master/stm32f4xx_demo_RTOS_Software_timer/STM32F4xx_StdPeriph_Driver/lib/freertos.a(tasks.o)
 .bss.uxSchedulerSuspended
                0x200000b4        0x4 /home/huynhtai/Downloads/STM32-master/stm32f4xx_demo_RTOS_Software_timer/STM32F4xx_StdPeriph_Driver/lib/freertos.a(tasks.o)
 .bss.pxCurrentTCB
                0x200000b8        0x4 /home/huynhtai/Downloads/STM32-master/stm32f4xx_demo_RTOS_Software_timer/STM32F4xx_StdPeriph_Driver/lib/freertos.a(tasks.o)
                0x200000b8                pxCurrentTCB
 .bss.xNextTaskUnblockTime
                0x200000bc        0x4 /home/huynhtai/Downloads/STM32-master/stm32f4xx_demo_RTOS_Software_timer/STM32F4xx_StdPeriph_Driver/lib/freertos.a(tasks.o)
 .bss.xNumOfOverflows
                0x200000c0        0x4 /home/huynhtai/Downloads/STM32-master/stm32f4xx_demo_RTOS_Software_timer/STM32F4xx_StdPeriph_Driver/lib/freertos.a(tasks.o)
 .bss.xTickCount
                0x200000c4        0x4 /home/huynhtai/Downloads/STM32-master/stm32f4xx_demo_RTOS_Software_timer/STM32F4xx_StdPeriph_Driver/lib/freertos.a(tasks.o)
 .bss.pxOverflowDelayedTaskList
                0x200000c8        0x4 /home/huynhtai/Downloads/STM32-master/stm32f4xx_demo_RTOS_Software_timer/STM32F4xx_StdPeriph_Driver/lib/freertos.a(tasks.o)
 .bss.xDelayedTaskList2
                0x200000cc       0x14 /home/huynhtai/Downloads/STM32-master/stm32f4xx_demo_RTOS_Software_timer/STM32F4xx_StdPeriph_Driver/lib/freertos.a(tasks.o)
 .bss.uxTaskNumber
                0x200000e0        0x4 /home/huynhtai/Downloads/STM32-master/stm32f4xx_demo_RTOS_Software_timer/STM32F4xx_StdPeriph_Driver/lib/freertos.a(tasks.o)
 .bss.xDelayedTaskList1
                0x200000e4       0x14 /home/huynhtai/Downloads/STM32-master/stm32f4xx_demo_RTOS_Software_timer/STM32F4xx_StdPeriph_Driver/lib/freertos.a(tasks.o)
 .bss.uxDeletedTasksWaitingCleanUp
                0x200000f8        0x4 /home/huynhtai/Downloads/STM32-master/stm32f4xx_demo_RTOS_Software_timer/STM32F4xx_StdPeriph_Driver/lib/freertos.a(tasks.o)
 .bss.xPendingReadyList
                0x200000fc       0x14 /home/huynhtai/Downloads/STM32-master/stm32f4xx_demo_RTOS_Software_timer/STM32F4xx_StdPeriph_Driver/lib/freertos.a(tasks.o)
 .bss.uxCurrentNumberOfTasks
                0x20000110        0x4 /home/huynhtai/Downloads/STM32-master/stm32f4xx_demo_RTOS_Software_timer/STM32F4xx_StdPeriph_Driver/lib/freertos.a(tasks.o)
 .bss.uxTopReadyPriority
                0x20000114        0x4 /home/huynhtai/Downloads/STM32-master/stm32f4xx_demo_RTOS_Software_timer/STM32F4xx_StdPeriph_Driver/lib/freertos.a(tasks.o)
 .bss.xYieldPending
                0x20000118        0x4 /home/huynhtai/Downloads/STM32-master/stm32f4xx_demo_RTOS_Software_timer/STM32F4xx_StdPeriph_Driver/lib/freertos.a(tasks.o)
 .bss.pxCurrentTimerList
                0x2000011c        0x4 /home/huynhtai/Downloads/STM32-master/stm32f4xx_demo_RTOS_Software_timer/STM32F4xx_StdPeriph_Driver/lib/freertos.a(timers.o)
 .bss.xActiveTimerList1
                0x20000120       0x14 /home/huynhtai/Downloads/STM32-master/stm32f4xx_demo_RTOS_Software_timer/STM32F4xx_StdPeriph_Driver/lib/freertos.a(timers.o)
 .bss.xActiveTimerList2
                0x20000134       0x14 /home/huynhtai/Downloads/STM32-master/stm32f4xx_demo_RTOS_Software_timer/STM32F4xx_StdPeriph_Driver/lib/freertos.a(timers.o)
 .bss.xTimerQueue
                0x20000148        0x4 /home/huynhtai/Downloads/STM32-master/stm32f4xx_demo_RTOS_Software_timer/STM32F4xx_StdPeriph_Driver/lib/freertos.a(timers.o)
 .bss.xLastTime.5492
                0x2000014c        0x4 /home/huynhtai/Downloads/STM32-master/stm32f4xx_demo_RTOS_Software_timer/STM32F4xx_StdPeriph_Driver/lib/freertos.a(timers.o)
 .bss.pxOverflowTimerList
                0x20000150        0x4 /home/huynhtai/Downloads/STM32-master/stm32f4xx_demo_RTOS_Software_timer/STM32F4xx_StdPeriph_Driver/lib/freertos.a(timers.o)
 .bss.xTimerTaskHandle
                0x20000154        0x4 /home/huynhtai/Downloads/STM32-master/stm32f4xx_demo_RTOS_Software_timer/STM32F4xx_StdPeriph_Driver/lib/freertos.a(timers.o)
 .bss.ucMaxSysCallPriority
                0x20000158        0x1 /home/huynhtai/Downloads/STM32-master/stm32f4xx_demo_RTOS_Software_timer/STM32F4xx_StdPeriph_Driver/lib/freertos.a(port.o)
 *fill*         0x20000159        0x3 
 .bss.ulMaxPRIGROUPValue
                0x2000015c        0x4 /home/huynhtai/Downloads/STM32-master/stm32f4xx_demo_RTOS_Software_timer/STM32F4xx_StdPeriph_Driver/lib/freertos.a(port.o)
 .bss.xNumberOfSuccessfulAllocations
                0x20000160        0x4 /home/huynhtai/Downloads/STM32-master/stm32f4xx_demo_RTOS_Software_timer/STM32F4xx_StdPeriph_Driver/lib/freertos.a(heap_4.o)
 .bss.xFreeBytesRemaining
                0x20000164        0x4 /home/huynhtai/Downloads/STM32-master/stm32f4xx_demo_RTOS_Software_timer/STM32F4xx_StdPeriph_Driver/lib/freertos.a(heap_4.o)
 .bss.pxEnd     0x20000168        0x4 /home/huynhtai/Downloads/STM32-master/stm32f4xx_demo_RTOS_Software_timer/STM32F4xx_StdPeriph_Driver/lib/freertos.a(heap_4.o)
 .bss.xStart    0x2000016c        0x8 /home/huynhtai/Downloads/STM32-master/stm32f4xx_demo_RTOS_Software_timer/STM32F4xx_StdPeriph_Driver/lib/freertos.a(heap_4.o)
 .bss.xNumberOfSuccessfulFrees
                0x20000174        0x4 /home/huynhtai/Downloads/STM32-master/stm32f4xx_demo_RTOS_Software_timer/STM32F4xx_StdPeriph_Driver/lib/freertos.a(heap_4.o)
 .bss.ucHeap    0x20000178    0x12c00 /home/huynhtai/Downloads/STM32-master/stm32f4xx_demo_RTOS_Software_timer/STM32F4xx_StdPeriph_Driver/lib/freertos.a(heap_4.o)
 .bss.xBlockAllocatedBit
                0x20012d78        0x4 /home/huynhtai/Downloads/STM32-master/stm32f4xx_demo_RTOS_Software_timer/STM32F4xx_StdPeriph_Driver/lib/freertos.a(heap_4.o)
 .bss.xMinimumEverFreeBytesRemaining
                0x20012d7c        0x4 /home/huynhtai/Downloads/STM32-master/stm32f4xx_demo_RTOS_Software_timer/STM32F4xx_StdPeriph_Driver/lib/freertos.a(heap_4.o)
 *(COMMON)
 COMMON         0x20012d80       0x10 main.o
                0x20012d80                xAutoReloadTimer
                0x20012d84                xTimer2Started
                0x20012d88                xTimer1Started
                0x20012d8c                xOneShotTimer
 COMMON         0x20012d90       0x40 /home/huynhtai/Downloads/STM32-master/stm32f4xx_demo_RTOS_Software_timer/STM32F4xx_StdPeriph_Driver/lib/freertos.a(queue.o)
                0x20012d90                xQueueRegistry
                0x20012dd0                . = ALIGN (0x4)
                0x20012dd0                _ebss = .
                0x20012dd0                __bss_end__ = _ebss

._user_heap_stack
                0x20012dd0     0x6000 load address 0x08015c50
                0x20012dd0                . = ALIGN (0x4)
                [!provide]                PROVIDE (end, .)
                [!provide]                PROVIDE (_end, .)
                0x20014dd0                . = (. + _Min_Heap_Size)
 *fill*         0x20012dd0     0x2000 
                0x20018dd0                . = (. + _Min_Stack_Size)
 *fill*         0x20014dd0     0x4000 
                0x20018dd0                . = ALIGN (0x4)
OUTPUT(/home/huynhtai/Downloads/STM32-master/stm32f4xx_demo_RTOS_Software_timer/build/blinky.elf elf32-littlearm)

.debug_info     0x00000000     0xe807
 .debug_info    0x00000000      0xc41 my_printf.o
 .debug_info    0x00000c41      0x149 startup_stm32f4xx.o
 .debug_info    0x00000d8a      0x723 main.o
 .debug_info    0x000014ad      0x3b7 stm32f4xx_it.o
 .debug_info    0x00001864      0x619 system_stm32f4xx.o
 .debug_info    0x00001e7d      0x84e /home/huynhtai/Downloads/STM32-master/stm32f4xx_demo_RTOS_Software_timer/STM32F4xx_StdPeriph_Driver/lib/stdperiph.a(stm32f4xx_gpio.o)
 .debug_info    0x000026cb      0x546 /home/huynhtai/Downloads/STM32-master/stm32f4xx_demo_RTOS_Software_timer/STM32F4xx_StdPeriph_Driver/lib/stdperiph.a(misc.o)
 .debug_info    0x00002c11      0xc5f /home/huynhtai/Downloads/STM32-master/stm32f4xx_demo_RTOS_Software_timer/STM32F4xx_StdPeriph_Driver/lib/stdperiph.a(stm32f4xx_usart.o)
 .debug_info    0x00003870      0x31c /home/huynhtai/Downloads/STM32-master/stm32f4xx_demo_RTOS_Software_timer/STM32F4xx_StdPeriph_Driver/lib/stdperiph.a(stm32f4xx_exti.o)
 .debug_info    0x00003b8c     0x1685 /home/huynhtai/Downloads/STM32-master/stm32f4xx_demo_RTOS_Software_timer/STM32F4xx_StdPeriph_Driver/lib/stdperiph.a(stm32f4xx_rtc.o)
 .debug_info    0x00005211      0xed5 /home/huynhtai/Downloads/STM32-master/stm32f4xx_demo_RTOS_Software_timer/STM32F4xx_StdPeriph_Driver/lib/stdperiph.a(stm32f4xx_rcc.o)
 .debug_info    0x000060e6      0x2e1 /home/huynhtai/Downloads/STM32-master/stm32f4xx_demo_RTOS_Software_timer/STM32F4xx_StdPeriph_Driver/lib/stdperiph.a(stm32f4xx_syscfg.o)
 .debug_info    0x000063c7     0x2956 /home/huynhtai/Downloads/STM32-master/stm32f4xx_demo_RTOS_Software_timer/STM32F4xx_StdPeriph_Driver/lib/freertos.a(queue.o)
 .debug_info    0x00008d1d      0x2a9 /home/huynhtai/Downloads/STM32-master/stm32f4xx_demo_RTOS_Software_timer/STM32F4xx_StdPeriph_Driver/lib/freertos.a(list.o)
 .debug_info    0x00008fc6     0x378d /home/huynhtai/Downloads/STM32-master/stm32f4xx_demo_RTOS_Software_timer/STM32F4xx_StdPeriph_Driver/lib/freertos.a(tasks.o)
 .debug_info    0x0000c753     0x1581 /home/huynhtai/Downloads/STM32-master/stm32f4xx_demo_RTOS_Software_timer/STM32F4xx_StdPeriph_Driver/lib/freertos.a(timers.o)
 .debug_info    0x0000dcd4      0x565 /home/huynhtai/Downloads/STM32-master/stm32f4xx_demo_RTOS_Software_timer/STM32F4xx_StdPeriph_Driver/lib/freertos.a(port.o)
 .debug_info    0x0000e239      0x5ce /home/huynhtai/Downloads/STM32-master/stm32f4xx_demo_RTOS_Software_timer/STM32F4xx_StdPeriph_Driver/lib/freertos.a(heap_4.o)

.debug_abbrev   0x00000000     0x25bc
 .debug_abbrev  0x00000000      0x295 my_printf.o
 .debug_abbrev  0x00000295       0xf1 startup_stm32f4xx.o
 .debug_abbrev  0x00000386      0x1f1 main.o
 .debug_abbrev  0x00000577      0x154 stm32f4xx_it.o
 .debug_abbrev  0x000006cb      0x14a system_stm32f4xx.o
 .debug_abbrev  0x00000815      0x1f8 /home/huynhtai/Downloads/STM32-master/stm32f4xx_demo_RTOS_Software_timer/STM32F4xx_StdPeriph_Driver/lib/stdperiph.a(stm32f4xx_gpio.o)
 .debug_abbrev  0x00000a0d      0x15b /home/huynhtai/Downloads/STM32-master/stm32f4xx_demo_RTOS_Software_timer/STM32F4xx_StdPeriph_Driver/lib/stdperiph.a(misc.o)
 .debug_abbrev  0x00000b68      0x25d /home/huynhtai/Downloads/STM32-master/stm32f4xx_demo_RTOS_Software_timer/STM32F4xx_StdPeriph_Driver/lib/stdperiph.a(stm32f4xx_usart.o)
 .debug_abbrev  0x00000dc5      0x1ad /home/huynhtai/Downloads/STM32-master/stm32f4xx_demo_RTOS_Software_timer/STM32F4xx_StdPeriph_Driver/lib/stdperiph.a(stm32f4xx_exti.o)
 .debug_abbrev  0x00000f72      0x26e /home/huynhtai/Downloads/STM32-master/stm32f4xx_demo_RTOS_Software_timer/STM32F4xx_StdPeriph_Driver/lib/stdperiph.a(stm32f4xx_rtc.o)
 .debug_abbrev  0x000011e0      0x273 /home/huynhtai/Downloads/STM32-master/stm32f4xx_demo_RTOS_Software_timer/STM32F4xx_StdPeriph_Driver/lib/stdperiph.a(stm32f4xx_rcc.o)
 .debug_abbrev  0x00001453      0x167 /home/huynhtai/Downloads/STM32-master/stm32f4xx_demo_RTOS_Software_timer/STM32F4xx_StdPeriph_Driver/lib/stdperiph.a(stm32f4xx_syscfg.o)
 .debug_abbrev  0x000015ba      0x384 /home/huynhtai/Downloads/STM32-master/stm32f4xx_demo_RTOS_Software_timer/STM32F4xx_StdPeriph_Driver/lib/freertos.a(queue.o)
 .debug_abbrev  0x0000193e       0xe6 /home/huynhtai/Downloads/STM32-master/stm32f4xx_demo_RTOS_Software_timer/STM32F4xx_StdPeriph_Driver/lib/freertos.a(list.o)
 .debug_abbrev  0x00001a24      0x3e5 /home/huynhtai/Downloads/STM32-master/stm32f4xx_demo_RTOS_Software_timer/STM32F4xx_StdPeriph_Driver/lib/freertos.a(tasks.o)
 .debug_abbrev  0x00001e09      0x343 /home/huynhtai/Downloads/STM32-master/stm32f4xx_demo_RTOS_Software_timer/STM32F4xx_StdPeriph_Driver/lib/freertos.a(timers.o)
 .debug_abbrev  0x0000214c      0x22c /home/huynhtai/Downloads/STM32-master/stm32f4xx_demo_RTOS_Software_timer/STM32F4xx_StdPeriph_Driver/lib/freertos.a(port.o)
 .debug_abbrev  0x00002378      0x244 /home/huynhtai/Downloads/STM32-master/stm32f4xx_demo_RTOS_Software_timer/STM32F4xx_StdPeriph_Driver/lib/freertos.a(heap_4.o)

.debug_loc      0x00000000     0xa3eb
 .debug_loc     0x00000000      0x1dd my_printf.o
 .debug_loc     0x000001dd      0x10d main.o
 .debug_loc     0x000002ea      0x13b system_stm32f4xx.o
 .debug_loc     0x00000425      0x39b /home/huynhtai/Downloads/STM32-master/stm32f4xx_demo_RTOS_Software_timer/STM32F4xx_StdPeriph_Driver/lib/stdperiph.a(stm32f4xx_gpio.o)
 .debug_loc     0x000007c0      0x17c /home/huynhtai/Downloads/STM32-master/stm32f4xx_demo_RTOS_Software_timer/STM32F4xx_StdPeriph_Driver/lib/stdperiph.a(misc.o)
 .debug_loc     0x0000093c      0xa59 /home/huynhtai/Downloads/STM32-master/stm32f4xx_demo_RTOS_Software_timer/STM32F4xx_StdPeriph_Driver/lib/stdperiph.a(stm32f4xx_usart.o)
 .debug_loc     0x00001395      0x127 /home/huynhtai/Downloads/STM32-master/stm32f4xx_demo_RTOS_Software_timer/STM32F4xx_StdPeriph_Driver/lib/stdperiph.a(stm32f4xx_exti.o)
 .debug_loc     0x000014bc     0x1604 /home/huynhtai/Downloads/STM32-master/stm32f4xx_demo_RTOS_Software_timer/STM32F4xx_StdPeriph_Driver/lib/stdperiph.a(stm32f4xx_rtc.o)
 .debug_loc     0x00002ac0      0xd16 /home/huynhtai/Downloads/STM32-master/stm32f4xx_demo_RTOS_Software_timer/STM32F4xx_StdPeriph_Driver/lib/stdperiph.a(stm32f4xx_rcc.o)
 .debug_loc     0x000037d6       0xa6 /home/huynhtai/Downloads/STM32-master/stm32f4xx_demo_RTOS_Software_timer/STM32F4xx_StdPeriph_Driver/lib/stdperiph.a(stm32f4xx_syscfg.o)
 .debug_loc     0x0000387c     0x1f9d /home/huynhtai/Downloads/STM32-master/stm32f4xx_demo_RTOS_Software_timer/STM32F4xx_StdPeriph_Driver/lib/freertos.a(queue.o)
 .debug_loc     0x00005819       0x70 /home/huynhtai/Downloads/STM32-master/stm32f4xx_demo_RTOS_Software_timer/STM32F4xx_StdPeriph_Driver/lib/freertos.a(list.o)
 .debug_loc     0x00005889     0x383b /home/huynhtai/Downloads/STM32-master/stm32f4xx_demo_RTOS_Software_timer/STM32F4xx_StdPeriph_Driver/lib/freertos.a(tasks.o)
 .debug_loc     0x000090c4      0xde1 /home/huynhtai/Downloads/STM32-master/stm32f4xx_demo_RTOS_Software_timer/STM32F4xx_StdPeriph_Driver/lib/freertos.a(timers.o)
 .debug_loc     0x00009ea5       0xea /home/huynhtai/Downloads/STM32-master/stm32f4xx_demo_RTOS_Software_timer/STM32F4xx_StdPeriph_Driver/lib/freertos.a(port.o)
 .debug_loc     0x00009f8f      0x45c /home/huynhtai/Downloads/STM32-master/stm32f4xx_demo_RTOS_Software_timer/STM32F4xx_StdPeriph_Driver/lib/freertos.a(heap_4.o)

.debug_aranges  0x00000000      0xb68
 .debug_aranges
                0x00000000       0x30 my_printf.o
 .debug_aranges
                0x00000030       0x28 startup_stm32f4xx.o
 .debug_aranges
                0x00000058       0x38 main.o
 .debug_aranges
                0x00000090       0x50 stm32f4xx_it.o
 .debug_aranges
                0x000000e0       0x28 system_stm32f4xx.o
 .debug_aranges
                0x00000108       0x88 /home/huynhtai/Downloads/STM32-master/stm32f4xx_demo_RTOS_Software_timer/STM32F4xx_StdPeriph_Driver/lib/stdperiph.a(stm32f4xx_gpio.o)
 .debug_aranges
                0x00000190       0x40 /home/huynhtai/Downloads/STM32-master/stm32f4xx_demo_RTOS_Software_timer/STM32F4xx_StdPeriph_Driver/lib/stdperiph.a(misc.o)
 .debug_aranges
                0x000001d0      0x108 /home/huynhtai/Downloads/STM32-master/stm32f4xx_demo_RTOS_Software_timer/STM32F4xx_StdPeriph_Driver/lib/stdperiph.a(stm32f4xx_usart.o)
 .debug_aranges
                0x000002d8       0x48 /home/huynhtai/Downloads/STM32-master/stm32f4xx_demo_RTOS_Software_timer/STM32F4xx_StdPeriph_Driver/lib/stdperiph.a(stm32f4xx_exti.o)
 .debug_aranges
                0x00000320      0x1d0 /home/huynhtai/Downloads/STM32-master/stm32f4xx_demo_RTOS_Software_timer/STM32F4xx_StdPeriph_Driver/lib/stdperiph.a(stm32f4xx_rtc.o)
 .debug_aranges
                0x000004f0      0x1b8 /home/huynhtai/Downloads/STM32-master/stm32f4xx_demo_RTOS_Software_timer/STM32F4xx_StdPeriph_Driver/lib/stdperiph.a(stm32f4xx_rcc.o)
 .debug_aranges
                0x000006a8       0x50 /home/huynhtai/Downloads/STM32-master/stm32f4xx_demo_RTOS_Software_timer/STM32F4xx_StdPeriph_Driver/lib/stdperiph.a(stm32f4xx_syscfg.o)
 .debug_aranges
                0x000006f8      0x108 /home/huynhtai/Downloads/STM32-master/stm32f4xx_demo_RTOS_Software_timer/STM32F4xx_StdPeriph_Driver/lib/freertos.a(queue.o)
 .debug_aranges
                0x00000800       0x40 /home/huynhtai/Downloads/STM32-master/stm32f4xx_demo_RTOS_Software_timer/STM32F4xx_StdPeriph_Driver/lib/freertos.a(list.o)
 .debug_aranges
                0x00000840      0x1c0 /home/huynhtai/Downloads/STM32-master/stm32f4xx_demo_RTOS_Software_timer/STM32F4xx_StdPeriph_Driver/lib/freertos.a(tasks.o)
 .debug_aranges
                0x00000a00       0x98 /home/huynhtai/Downloads/STM32-master/stm32f4xx_demo_RTOS_Software_timer/STM32F4xx_StdPeriph_Driver/lib/freertos.a(timers.o)
 .debug_aranges
                0x00000a98       0x80 /home/huynhtai/Downloads/STM32-master/stm32f4xx_demo_RTOS_Software_timer/STM32F4xx_StdPeriph_Driver/lib/freertos.a(port.o)
 .debug_aranges
                0x00000b18       0x50 /home/huynhtai/Downloads/STM32-master/stm32f4xx_demo_RTOS_Software_timer/STM32F4xx_StdPeriph_Driver/lib/freertos.a(heap_4.o)

.debug_ranges   0x00000000     0x1738
 .debug_ranges  0x00000000       0x38 my_printf.o
 .debug_ranges  0x00000038       0x18 startup_stm32f4xx.o
 .debug_ranges  0x00000050       0x40 main.o
 .debug_ranges  0x00000090       0x40 stm32f4xx_it.o
 .debug_ranges  0x000000d0       0x30 system_stm32f4xx.o
 .debug_ranges  0x00000100       0x78 /home/huynhtai/Downloads/STM32-master/stm32f4xx_demo_RTOS_Software_timer/STM32F4xx_StdPeriph_Driver/lib/stdperiph.a(stm32f4xx_gpio.o)
 .debug_ranges  0x00000178       0x30 /home/huynhtai/Downloads/STM32-master/stm32f4xx_demo_RTOS_Software_timer/STM32F4xx_StdPeriph_Driver/lib/stdperiph.a(misc.o)
 .debug_ranges  0x000001a8      0x128 /home/huynhtai/Downloads/STM32-master/stm32f4xx_demo_RTOS_Software_timer/STM32F4xx_StdPeriph_Driver/lib/stdperiph.a(stm32f4xx_usart.o)
 .debug_ranges  0x000002d0       0x38 /home/huynhtai/Downloads/STM32-master/stm32f4xx_demo_RTOS_Software_timer/STM32F4xx_StdPeriph_Driver/lib/stdperiph.a(stm32f4xx_exti.o)
 .debug_ranges  0x00000308      0x340 /home/huynhtai/Downloads/STM32-master/stm32f4xx_demo_RTOS_Software_timer/STM32F4xx_StdPeriph_Driver/lib/stdperiph.a(stm32f4xx_rtc.o)
 .debug_ranges  0x00000648      0x1c8 /home/huynhtai/Downloads/STM32-master/stm32f4xx_demo_RTOS_Software_timer/STM32F4xx_StdPeriph_Driver/lib/stdperiph.a(stm32f4xx_rcc.o)
 .debug_ranges  0x00000810       0x40 /home/huynhtai/Downloads/STM32-master/stm32f4xx_demo_RTOS_Software_timer/STM32F4xx_StdPeriph_Driver/lib/stdperiph.a(stm32f4xx_syscfg.o)
 .debug_ranges  0x00000850      0x2f0 /home/huynhtai/Downloads/STM32-master/stm32f4xx_demo_RTOS_Software_timer/STM32F4xx_StdPeriph_Driver/lib/freertos.a(queue.o)
 .debug_ranges  0x00000b40       0x30 /home/huynhtai/Downloads/STM32-master/stm32f4xx_demo_RTOS_Software_timer/STM32F4xx_StdPeriph_Driver/lib/freertos.a(list.o)
 .debug_ranges  0x00000b70      0x8c0 /home/huynhtai/Downloads/STM32-master/stm32f4xx_demo_RTOS_Software_timer/STM32F4xx_StdPeriph_Driver/lib/freertos.a(tasks.o)
 .debug_ranges  0x00001430      0x230 /home/huynhtai/Downloads/STM32-master/stm32f4xx_demo_RTOS_Software_timer/STM32F4xx_StdPeriph_Driver/lib/freertos.a(timers.o)
 .debug_ranges  0x00001660       0x98 /home/huynhtai/Downloads/STM32-master/stm32f4xx_demo_RTOS_Software_timer/STM32F4xx_StdPeriph_Driver/lib/freertos.a(port.o)
 .debug_ranges  0x000016f8       0x40 /home/huynhtai/Downloads/STM32-master/stm32f4xx_demo_RTOS_Software_timer/STM32F4xx_StdPeriph_Driver/lib/freertos.a(heap_4.o)

.debug_macro    0x00000000     0x5404
 .debug_macro   0x00000000      0x307 my_printf.o
 .debug_macro   0x00000307       0x4c my_printf.o
 .debug_macro   0x00000353       0x8d my_printf.o
 .debug_macro   0x000003e0       0x35 my_printf.o
 .debug_macro   0x00000415       0x9c my_printf.o
 .debug_macro   0x000004b1       0x16 my_printf.o
 .debug_macro   0x000004c7       0x4a my_printf.o
 .debug_macro   0x00000511       0x97 my_printf.o
 .debug_macro   0x000005a8      0x330 my_printf.o
 .debug_macro   0x000008d8       0xf6 my_printf.o
 .debug_macro   0x000009ce       0x10 my_printf.o
 .debug_macro   0x000009de       0x52 my_printf.o
 .debug_macro   0x00000a30       0x1f my_printf.o
 .debug_macro   0x00000a4f       0x43 my_printf.o
 .debug_macro   0x00000a92       0x20 my_printf.o
 .debug_macro   0x00000ab2      0x187 my_printf.o
 .debug_macro   0x00000c39       0x10 my_printf.o
 .debug_macro   0x00000c49       0x1c my_printf.o
 .debug_macro   0x00000c65       0x52 my_printf.o
 .debug_macro   0x00000cb7       0x40 my_printf.o
 .debug_macro   0x00000cf7       0x10 my_printf.o
 .debug_macro   0x00000d07       0x40 my_printf.o
 .debug_macro   0x00000d47       0xd7 my_printf.o
 .debug_macro   0x00000e1e       0x16 my_printf.o
 .debug_macro   0x00000e34      0x18b my_printf.o
 .debug_macro   0x00000fbf       0x4c my_printf.o
 .debug_macro   0x0000100b       0x11 startup_stm32f4xx.o
 .debug_macro   0x0000101c      0x3f3 main.o
 .debug_macro   0x0000140f       0x16 main.o
 .debug_macro   0x00001425       0x35 main.o
 .debug_macro   0x0000145a       0x16 main.o
 .debug_macro   0x00001470       0x29 main.o
 .debug_macro   0x00001499       0x16 main.o
 .debug_macro   0x000014af      0x10c main.o
 .debug_macro   0x000015bb      0x15a main.o
 .debug_macro   0x00001715       0xe4 main.o
 .debug_macro   0x000017f9       0x1c main.o
 .debug_macro   0x00001815       0x26 main.o
 .debug_macro   0x0000183b      0x4e8 main.o
 .debug_macro   0x00001d23       0xb5 main.o
 .debug_macro   0x00001dd8       0xaa main.o
 .debug_macro   0x00001e82       0x80 main.o
 .debug_macro   0x00001f02       0x97 main.o
 .debug_macro   0x00001f99      0x1c3 stm32f4xx_it.o
 .debug_macro   0x0000215c      0x1d9 system_stm32f4xx.o
 .debug_macro   0x00002335      0x1c3 /home/huynhtai/Downloads/STM32-master/stm32f4xx_demo_RTOS_Software_timer/STM32F4xx_StdPeriph_Driver/lib/stdperiph.a(stm32f4xx_gpio.o)
 .debug_macro   0x000024f8      0x2b6 /home/huynhtai/Downloads/STM32-master/stm32f4xx_demo_RTOS_Software_timer/STM32F4xx_StdPeriph_Driver/lib/stdperiph.a(stm32f4xx_gpio.o)
 .debug_macro   0x000027ae      0x1c5 /home/huynhtai/Downloads/STM32-master/stm32f4xx_demo_RTOS_Software_timer/STM32F4xx_StdPeriph_Driver/lib/stdperiph.a(misc.o)
 .debug_macro   0x00002973       0x7c /home/huynhtai/Downloads/STM32-master/stm32f4xx_demo_RTOS_Software_timer/STM32F4xx_StdPeriph_Driver/lib/stdperiph.a(misc.o)
 .debug_macro   0x000029ef      0x1db /home/huynhtai/Downloads/STM32-master/stm32f4xx_demo_RTOS_Software_timer/STM32F4xx_StdPeriph_Driver/lib/stdperiph.a(stm32f4xx_usart.o)
 .debug_macro   0x00002bca      0x21d /home/huynhtai/Downloads/STM32-master/stm32f4xx_demo_RTOS_Software_timer/STM32F4xx_StdPeriph_Driver/lib/stdperiph.a(stm32f4xx_usart.o)
 .debug_macro   0x00002de7      0x1c5 /home/huynhtai/Downloads/STM32-master/stm32f4xx_demo_RTOS_Software_timer/STM32F4xx_StdPeriph_Driver/lib/stdperiph.a(stm32f4xx_exti.o)
 .debug_macro   0x00002fac       0xa8 /home/huynhtai/Downloads/STM32-master/stm32f4xx_demo_RTOS_Software_timer/STM32F4xx_StdPeriph_Driver/lib/stdperiph.a(stm32f4xx_exti.o)
 .debug_macro   0x00003054      0x1ff /home/huynhtai/Downloads/STM32-master/stm32f4xx_demo_RTOS_Software_timer/STM32F4xx_StdPeriph_Driver/lib/stdperiph.a(stm32f4xx_rtc.o)
 .debug_macro   0x00003253      0x575 /home/huynhtai/Downloads/STM32-master/stm32f4xx_demo_RTOS_Software_timer/STM32F4xx_StdPeriph_Driver/lib/stdperiph.a(stm32f4xx_rtc.o)
 .debug_macro   0x000037c8      0x289 /home/huynhtai/Downloads/STM32-master/stm32f4xx_demo_RTOS_Software_timer/STM32F4xx_StdPeriph_Driver/lib/stdperiph.a(stm32f4xx_rcc.o)
 .debug_macro   0x00003a51      0x629 /home/huynhtai/Downloads/STM32-master/stm32f4xx_demo_RTOS_Software_timer/STM32F4xx_StdPeriph_Driver/lib/stdperiph.a(stm32f4xx_rcc.o)
 .debug_macro   0x0000407a      0x1ff /home/huynhtai/Downloads/STM32-master/stm32f4xx_demo_RTOS_Software_timer/STM32F4xx_StdPeriph_Driver/lib/stdperiph.a(stm32f4xx_syscfg.o)
 .debug_macro   0x00004279       0xf1 /home/huynhtai/Downloads/STM32-master/stm32f4xx_demo_RTOS_Software_timer/STM32F4xx_StdPeriph_Driver/lib/stdperiph.a(stm32f4xx_syscfg.o)
 .debug_macro   0x0000436a      0x1fb /home/huynhtai/Downloads/STM32-master/stm32f4xx_demo_RTOS_Software_timer/STM32F4xx_StdPeriph_Driver/lib/freertos.a(queue.o)
 .debug_macro   0x00004565      0x10e /home/huynhtai/Downloads/STM32-master/stm32f4xx_demo_RTOS_Software_timer/STM32F4xx_StdPeriph_Driver/lib/freertos.a(queue.o)
 .debug_macro   0x00004673       0x86 /home/huynhtai/Downloads/STM32-master/stm32f4xx_demo_RTOS_Software_timer/STM32F4xx_StdPeriph_Driver/lib/freertos.a(queue.o)
 .debug_macro   0x000046f9      0x10c /home/huynhtai/Downloads/STM32-master/stm32f4xx_demo_RTOS_Software_timer/STM32F4xx_StdPeriph_Driver/lib/freertos.a(queue.o)
 .debug_macro   0x00004805      0x17b /home/huynhtai/Downloads/STM32-master/stm32f4xx_demo_RTOS_Software_timer/STM32F4xx_StdPeriph_Driver/lib/freertos.a(list.o)
 .debug_macro   0x00004980      0x25e /home/huynhtai/Downloads/STM32-master/stm32f4xx_demo_RTOS_Software_timer/STM32F4xx_StdPeriph_Driver/lib/freertos.a(tasks.o)
 .debug_macro   0x00004bde       0x91 /home/huynhtai/Downloads/STM32-master/stm32f4xx_demo_RTOS_Software_timer/STM32F4xx_StdPeriph_Driver/lib/freertos.a(tasks.o)
 .debug_macro   0x00004c6f       0x10 /home/huynhtai/Downloads/STM32-master/stm32f4xx_demo_RTOS_Software_timer/STM32F4xx_StdPeriph_Driver/lib/freertos.a(tasks.o)
 .debug_macro   0x00004c7f      0x1d0 /home/huynhtai/Downloads/STM32-master/stm32f4xx_demo_RTOS_Software_timer/STM32F4xx_StdPeriph_Driver/lib/freertos.a(timers.o)
 .debug_macro   0x00004e4f      0x196 /home/huynhtai/Downloads/STM32-master/stm32f4xx_demo_RTOS_Software_timer/STM32F4xx_StdPeriph_Driver/lib/freertos.a(port.o)
 .debug_macro   0x00004fe5      0x16d /home/huynhtai/Downloads/STM32-master/stm32f4xx_demo_RTOS_Software_timer/STM32F4xx_StdPeriph_Driver/lib/freertos.a(port.o)
 .debug_macro   0x00005152      0x1ac /home/huynhtai/Downloads/STM32-master/stm32f4xx_demo_RTOS_Software_timer/STM32F4xx_StdPeriph_Driver/lib/freertos.a(heap_4.o)
 .debug_macro   0x000052fe      0x106 /home/huynhtai/Downloads/STM32-master/stm32f4xx_demo_RTOS_Software_timer/STM32F4xx_StdPeriph_Driver/lib/freertos.a(heap_4.o)

.debug_line     0x00000000     0x80ea
 .debug_line    0x00000000      0x698 my_printf.o
 .debug_line    0x00000698       0x60 startup_stm32f4xx.o
 .debug_line    0x000006f8      0x742 main.o
 .debug_line    0x00000e3a      0x530 stm32f4xx_it.o
 .debug_line    0x0000136a      0x525 system_stm32f4xx.o
 .debug_line    0x0000188f      0x65e /home/huynhtai/Downloads/STM32-master/stm32f4xx_demo_RTOS_Software_timer/STM32F4xx_StdPeriph_Driver/lib/stdperiph.a(stm32f4xx_gpio.o)
 .debug_line    0x00001eed      0x52e /home/huynhtai/Downloads/STM32-master/stm32f4xx_demo_RTOS_Software_timer/STM32F4xx_StdPeriph_Driver/lib/stdperiph.a(misc.o)
 .debug_line    0x0000241b      0x810 /home/huynhtai/Downloads/STM32-master/stm32f4xx_demo_RTOS_Software_timer/STM32F4xx_StdPeriph_Driver/lib/stdperiph.a(stm32f4xx_usart.o)
 .debug_line    0x00002c2b      0x54f /home/huynhtai/Downloads/STM32-master/stm32f4xx_demo_RTOS_Software_timer/STM32F4xx_StdPeriph_Driver/lib/stdperiph.a(stm32f4xx_exti.o)
 .debug_line    0x0000317a      0xdc1 /home/huynhtai/Downloads/STM32-master/stm32f4xx_demo_RTOS_Software_timer/STM32F4xx_StdPeriph_Driver/lib/stdperiph.a(stm32f4xx_rtc.o)
 .debug_line    0x00003f3b      0x911 /home/huynhtai/Downloads/STM32-master/stm32f4xx_demo_RTOS_Software_timer/STM32F4xx_StdPeriph_Driver/lib/stdperiph.a(stm32f4xx_rcc.o)
 .debug_line    0x0000484c      0x545 /home/huynhtai/Downloads/STM32-master/stm32f4xx_demo_RTOS_Software_timer/STM32F4xx_StdPeriph_Driver/lib/stdperiph.a(stm32f4xx_syscfg.o)
 .debug_line    0x00004d91      0xcb6 /home/huynhtai/Downloads/STM32-master/stm32f4xx_demo_RTOS_Software_timer/STM32F4xx_StdPeriph_Driver/lib/freertos.a(queue.o)
 .debug_line    0x00005a47      0x3cf /home/huynhtai/Downloads/STM32-master/stm32f4xx_demo_RTOS_Software_timer/STM32F4xx_StdPeriph_Driver/lib/freertos.a(list.o)
 .debug_line    0x00005e16     0x12c2 /home/huynhtai/Downloads/STM32-master/stm32f4xx_demo_RTOS_Software_timer/STM32F4xx_StdPeriph_Driver/lib/freertos.a(tasks.o)
 .debug_line    0x000070d8      0x6b8 /home/huynhtai/Downloads/STM32-master/stm32f4xx_demo_RTOS_Software_timer/STM32F4xx_StdPeriph_Driver/lib/freertos.a(timers.o)
 .debug_line    0x00007790      0x48d /home/huynhtai/Downloads/STM32-master/stm32f4xx_demo_RTOS_Software_timer/STM32F4xx_StdPeriph_Driver/lib/freertos.a(port.o)
 .debug_line    0x00007c1d      0x4cd /home/huynhtai/Downloads/STM32-master/stm32f4xx_demo_RTOS_Software_timer/STM32F4xx_StdPeriph_Driver/lib/freertos.a(heap_4.o)

.debug_str      0x00000000    0x6c017
 .debug_str     0x00000000    0x61d03 my_printf.o
                              0x61fdc (size before relaxing)
 .debug_str     0x00061d03       0xb3 startup_stm32f4xx.o
                               0x25c1 (size before relaxing)
 .debug_str     0x00061db6     0x506a main.o
                              0x666ce (size before relaxing)
 .debug_str     0x00066e20       0xe3 stm32f4xx_it.o
                              0x5d9ff (size before relaxing)
 .debug_str     0x00066f03      0x1f7 system_stm32f4xx.o
                              0x5daff (size before relaxing)
 .debug_str     0x000670fa      0x179 /home/huynhtai/Downloads/STM32-master/stm32f4xx_demo_RTOS_Software_timer/STM32F4xx_StdPeriph_Driver/lib/stdperiph.a(stm32f4xx_gpio.o)
                              0x5dbd4 (size before relaxing)
 .debug_str     0x00067273      0x162 /home/huynhtai/Downloads/STM32-master/stm32f4xx_demo_RTOS_Software_timer/STM32F4xx_StdPeriph_Driver/lib/stdperiph.a(misc.o)
                              0x5db07 (size before relaxing)
 .debug_str     0x000673d5      0x4ac /home/huynhtai/Downloads/STM32-master/stm32f4xx_demo_RTOS_Software_timer/STM32F4xx_StdPeriph_Driver/lib/stdperiph.a(stm32f4xx_usart.o)
                              0x5df21 (size before relaxing)
 .debug_str     0x00067881       0x97 /home/huynhtai/Downloads/STM32-master/stm32f4xx_demo_RTOS_Software_timer/STM32F4xx_StdPeriph_Driver/lib/stdperiph.a(stm32f4xx_exti.o)
                              0x5da69 (size before relaxing)
 .debug_str     0x00067918      0xb65 /home/huynhtai/Downloads/STM32-master/stm32f4xx_demo_RTOS_Software_timer/STM32F4xx_StdPeriph_Driver/lib/stdperiph.a(stm32f4xx_rtc.o)
                              0x5e4ac (size before relaxing)
 .debug_str     0x0006847d      0xb40 /home/huynhtai/Downloads/STM32-master/stm32f4xx_demo_RTOS_Software_timer/STM32F4xx_StdPeriph_Driver/lib/stdperiph.a(stm32f4xx_rcc.o)
                              0x5e679 (size before relaxing)
 .debug_str     0x00068fbd      0x33a /home/huynhtai/Downloads/STM32-master/stm32f4xx_demo_RTOS_Software_timer/STM32F4xx_StdPeriph_Driver/lib/stdperiph.a(stm32f4xx_syscfg.o)
                              0x5dc2f (size before relaxing)
 .debug_str     0x000692f7      0xb25 /home/huynhtai/Downloads/STM32-master/stm32f4xx_demo_RTOS_Software_timer/STM32F4xx_StdPeriph_Driver/lib/freertos.a(queue.o)
                               0xb0c0 (size before relaxing)
 .debug_str     0x00069e1c       0x97 /home/huynhtai/Downloads/STM32-master/stm32f4xx_demo_RTOS_Software_timer/STM32F4xx_StdPeriph_Driver/lib/freertos.a(list.o)
                               0x983a (size before relaxing)
 .debug_str     0x00069eb3     0x1287 /home/huynhtai/Downloads/STM32-master/stm32f4xx_demo_RTOS_Software_timer/STM32F4xx_StdPeriph_Driver/lib/freertos.a(tasks.o)
                               0xbcc3 (size before relaxing)
 .debug_str     0x0006b13a      0x4a7 /home/huynhtai/Downloads/STM32-master/stm32f4xx_demo_RTOS_Software_timer/STM32F4xx_StdPeriph_Driver/lib/freertos.a(timers.o)
                               0xb4a8 (size before relaxing)
 .debug_str     0x0006b5e1      0x750 /home/huynhtai/Downloads/STM32-master/stm32f4xx_demo_RTOS_Software_timer/STM32F4xx_StdPeriph_Driver/lib/freertos.a(port.o)
                               0x7e19 (size before relaxing)
 .debug_str     0x0006bd31      0x2e6 /home/huynhtai/Downloads/STM32-master/stm32f4xx_demo_RTOS_Software_timer/STM32F4xx_StdPeriph_Driver/lib/freertos.a(heap_4.o)
                               0xa167 (size before relaxing)

.comment        0x00000000       0x6e
 .comment       0x00000000       0x6e my_printf.o
                                 0x6f (size before relaxing)
 .comment       0x0000006e       0x6f startup_stm32f4xx.o
 .comment       0x0000006e       0x6f main.o
 .comment       0x0000006e       0x6f stm32f4xx_it.o
 .comment       0x0000006e       0x6f system_stm32f4xx.o
 .comment       0x0000006e       0x6f /home/huynhtai/Downloads/STM32-master/stm32f4xx_demo_RTOS_Software_timer/STM32F4xx_StdPeriph_Driver/lib/stdperiph.a(stm32f4xx_gpio.o)
 .comment       0x0000006e       0x6f /home/huynhtai/Downloads/STM32-master/stm32f4xx_demo_RTOS_Software_timer/STM32F4xx_StdPeriph_Driver/lib/stdperiph.a(misc.o)
 .comment       0x0000006e       0x6f /home/huynhtai/Downloads/STM32-master/stm32f4xx_demo_RTOS_Software_timer/STM32F4xx_StdPeriph_Driver/lib/stdperiph.a(stm32f4xx_usart.o)
 .comment       0x0000006e       0x6f /home/huynhtai/Downloads/STM32-master/stm32f4xx_demo_RTOS_Software_timer/STM32F4xx_StdPeriph_Driver/lib/stdperiph.a(stm32f4xx_exti.o)
 .comment       0x0000006e       0x6f /home/huynhtai/Downloads/STM32-master/stm32f4xx_demo_RTOS_Software_timer/STM32F4xx_StdPeriph_Driver/lib/stdperiph.a(stm32f4xx_rtc.o)
 .comment       0x0000006e       0x6f /home/huynhtai/Downloads/STM32-master/stm32f4xx_demo_RTOS_Software_timer/STM32F4xx_StdPeriph_Driver/lib/stdperiph.a(stm32f4xx_rcc.o)
 .comment       0x0000006e       0x6f /home/huynhtai/Downloads/STM32-master/stm32f4xx_demo_RTOS_Software_timer/STM32F4xx_StdPeriph_Driver/lib/stdperiph.a(stm32f4xx_syscfg.o)
 .comment       0x0000006e       0x6f /home/huynhtai/Downloads/STM32-master/stm32f4xx_demo_RTOS_Software_timer/STM32F4xx_StdPeriph_Driver/lib/freertos.a(queue.o)
 .comment       0x0000006e       0x6f /home/huynhtai/Downloads/STM32-master/stm32f4xx_demo_RTOS_Software_timer/STM32F4xx_StdPeriph_Driver/lib/freertos.a(list.o)
 .comment       0x0000006e       0x6f /home/huynhtai/Downloads/STM32-master/stm32f4xx_demo_RTOS_Software_timer/STM32F4xx_StdPeriph_Driver/lib/freertos.a(tasks.o)
 .comment       0x0000006e       0x6f /home/huynhtai/Downloads/STM32-master/stm32f4xx_demo_RTOS_Software_timer/STM32F4xx_StdPeriph_Driver/lib/freertos.a(timers.o)
 .comment       0x0000006e       0x6f /home/huynhtai/Downloads/STM32-master/stm32f4xx_demo_RTOS_Software_timer/STM32F4xx_StdPeriph_Driver/lib/freertos.a(port.o)
 .comment       0x0000006e       0x6f /home/huynhtai/Downloads/STM32-master/stm32f4xx_demo_RTOS_Software_timer/STM32F4xx_StdPeriph_Driver/lib/freertos.a(heap_4.o)

.ARM.attributes
                0x00000000       0x37
 .ARM.attributes
                0x00000000       0x39 my_printf.o
 .ARM.attributes
                0x00000039       0x39 startup_stm32f4xx.o
 .ARM.attributes
                0x00000072       0x39 main.o
 .ARM.attributes
                0x000000ab       0x39 stm32f4xx_it.o
 .ARM.attributes
                0x000000e4       0x39 system_stm32f4xx.o
 .ARM.attributes
                0x0000011d       0x39 /home/huynhtai/Downloads/STM32-master/stm32f4xx_demo_RTOS_Software_timer/STM32F4xx_StdPeriph_Driver/lib/stdperiph.a(stm32f4xx_gpio.o)
 .ARM.attributes
                0x00000156       0x39 /home/huynhtai/Downloads/STM32-master/stm32f4xx_demo_RTOS_Software_timer/STM32F4xx_StdPeriph_Driver/lib/stdperiph.a(misc.o)
 .ARM.attributes
                0x0000018f       0x39 /home/huynhtai/Downloads/STM32-master/stm32f4xx_demo_RTOS_Software_timer/STM32F4xx_StdPeriph_Driver/lib/stdperiph.a(stm32f4xx_usart.o)
 .ARM.attributes
                0x000001c8       0x39 /home/huynhtai/Downloads/STM32-master/stm32f4xx_demo_RTOS_Software_timer/STM32F4xx_StdPeriph_Driver/lib/stdperiph.a(stm32f4xx_exti.o)
 .ARM.attributes
                0x00000201       0x39 /home/huynhtai/Downloads/STM32-master/stm32f4xx_demo_RTOS_Software_timer/STM32F4xx_StdPeriph_Driver/lib/stdperiph.a(stm32f4xx_rtc.o)
 .ARM.attributes
                0x0000023a       0x39 /home/huynhtai/Downloads/STM32-master/stm32f4xx_demo_RTOS_Software_timer/STM32F4xx_StdPeriph_Driver/lib/stdperiph.a(stm32f4xx_rcc.o)
 .ARM.attributes
                0x00000273       0x39 /home/huynhtai/Downloads/STM32-master/stm32f4xx_demo_RTOS_Software_timer/STM32F4xx_StdPeriph_Driver/lib/stdperiph.a(stm32f4xx_syscfg.o)
 .ARM.attributes
                0x000002ac       0x39 /home/huynhtai/Downloads/STM32-master/stm32f4xx_demo_RTOS_Software_timer/STM32F4xx_StdPeriph_Driver/lib/freertos.a(queue.o)
 .ARM.attributes
                0x000002e5       0x39 /home/huynhtai/Downloads/STM32-master/stm32f4xx_demo_RTOS_Software_timer/STM32F4xx_StdPeriph_Driver/lib/freertos.a(list.o)
 .ARM.attributes
                0x0000031e       0x39 /home/huynhtai/Downloads/STM32-master/stm32f4xx_demo_RTOS_Software_timer/STM32F4xx_StdPeriph_Driver/lib/freertos.a(tasks.o)
 .ARM.attributes
                0x00000357       0x39 /home/huynhtai/Downloads/STM32-master/stm32f4xx_demo_RTOS_Software_timer/STM32F4xx_StdPeriph_Driver/lib/freertos.a(timers.o)
 .ARM.attributes
                0x00000390       0x39 /home/huynhtai/Downloads/STM32-master/stm32f4xx_demo_RTOS_Software_timer/STM32F4xx_StdPeriph_Driver/lib/freertos.a(port.o)
 .ARM.attributes
                0x000003c9       0x39 /home/huynhtai/Downloads/STM32-master/stm32f4xx_demo_RTOS_Software_timer/STM32F4xx_StdPeriph_Driver/lib/freertos.a(heap_4.o)
 .ARM.attributes
                0x00000402       0x34 /home/huynhtai/Downloads/TOOLCHAIN/gcc-arm-none-eabi-5_4-2016q3/bin/../lib/gcc/arm-none-eabi/5.4.1/../../../../arm-none-eabi/lib/armv7e-m/fpu/libc_nano.a(lib_a-memcpy-stub.o)
 .ARM.attributes
                0x00000436       0x34 /home/huynhtai/Downloads/TOOLCHAIN/gcc-arm-none-eabi-5_4-2016q3/bin/../lib/gcc/arm-none-eabi/5.4.1/../../../../arm-none-eabi/lib/armv7e-m/fpu/libc_nano.a(lib_a-memset.o)

.debug_frame    0x00000000     0x1fd4
 .debug_frame   0x00000000       0xa0 my_printf.o
 .debug_frame   0x000000a0       0x40 startup_stm32f4xx.o
 .debug_frame   0x000000e0       0xa0 main.o
 .debug_frame   0x00000180       0xe0 stm32f4xx_it.o
 .debug_frame   0x00000260       0x3c system_stm32f4xx.o
 .debug_frame   0x0000029c      0x170 /home/huynhtai/Downloads/STM32-master/stm32f4xx_demo_RTOS_Software_timer/STM32F4xx_StdPeriph_Driver/lib/stdperiph.a(stm32f4xx_gpio.o)
 .debug_frame   0x0000040c       0x70 /home/huynhtai/Downloads/STM32-master/stm32f4xx_demo_RTOS_Software_timer/STM32F4xx_StdPeriph_Driver/lib/stdperiph.a(misc.o)
 .debug_frame   0x0000047c      0x280 /home/huynhtai/Downloads/STM32-master/stm32f4xx_demo_RTOS_Software_timer/STM32F4xx_StdPeriph_Driver/lib/stdperiph.a(stm32f4xx_usart.o)
 .debug_frame   0x000006fc       0xa4 /home/huynhtai/Downloads/STM32-master/stm32f4xx_demo_RTOS_Software_timer/STM32F4xx_StdPeriph_Driver/lib/stdperiph.a(stm32f4xx_exti.o)
 .debug_frame   0x000007a0      0x544 /home/huynhtai/Downloads/STM32-master/stm32f4xx_demo_RTOS_Software_timer/STM32F4xx_StdPeriph_Driver/lib/stdperiph.a(stm32f4xx_rtc.o)
 .debug_frame   0x00000ce4      0x37c /home/huynhtai/Downloads/STM32-master/stm32f4xx_demo_RTOS_Software_timer/STM32F4xx_StdPeriph_Driver/lib/stdperiph.a(stm32f4xx_rcc.o)
 .debug_frame   0x00001060       0x98 /home/huynhtai/Downloads/STM32-master/stm32f4xx_demo_RTOS_Software_timer/STM32F4xx_StdPeriph_Driver/lib/stdperiph.a(stm32f4xx_syscfg.o)
 .debug_frame   0x000010f8      0x38c /home/huynhtai/Downloads/STM32-master/stm32f4xx_demo_RTOS_Software_timer/STM32F4xx_StdPeriph_Driver/lib/freertos.a(queue.o)
 .debug_frame   0x00001484       0x70 /home/huynhtai/Downloads/STM32-master/stm32f4xx_demo_RTOS_Software_timer/STM32F4xx_StdPeriph_Driver/lib/freertos.a(list.o)
 .debug_frame   0x000014f4      0x6b8 /home/huynhtai/Downloads/STM32-master/stm32f4xx_demo_RTOS_Software_timer/STM32F4xx_StdPeriph_Driver/lib/freertos.a(tasks.o)
 .debug_frame   0x00001bac      0x1f8 /home/huynhtai/Downloads/STM32-master/stm32f4xx_demo_RTOS_Software_timer/STM32F4xx_StdPeriph_Driver/lib/freertos.a(timers.o)
 .debug_frame   0x00001da4      0x124 /home/huynhtai/Downloads/STM32-master/stm32f4xx_demo_RTOS_Software_timer/STM32F4xx_StdPeriph_Driver/lib/freertos.a(port.o)
 .debug_frame   0x00001ec8       0xc4 /home/huynhtai/Downloads/STM32-master/stm32f4xx_demo_RTOS_Software_timer/STM32F4xx_StdPeriph_Driver/lib/freertos.a(heap_4.o)
 .debug_frame   0x00001f8c       0x28 /home/huynhtai/Downloads/TOOLCHAIN/gcc-arm-none-eabi-5_4-2016q3/bin/../lib/gcc/arm-none-eabi/5.4.1/../../../../arm-none-eabi/lib/armv7e-m/fpu/libc_nano.a(lib_a-memcpy-stub.o)
 .debug_frame   0x00001fb4       0x20 /home/huynhtai/Downloads/TOOLCHAIN/gcc-arm-none-eabi-5_4-2016q3/bin/../lib/gcc/arm-none-eabi/5.4.1/../../../../arm-none-eabi/lib/armv7e-m/fpu/libc_nano.a(lib_a-memset.o)

Cross Reference Table

Symbol                                            File
ADC_IRQHandler                                    startup_stm32f4xx.o
AHBPrescTable                                     system_stm32f4xx.o
BusFault_Handler                                  startup_stm32f4xx.o
CAN1_RX0_IRQHandler                               startup_stm32f4xx.o
CAN1_RX1_IRQHandler                               startup_stm32f4xx.o
CAN1_SCE_IRQHandler                               startup_stm32f4xx.o
CAN1_TX_IRQHandler                                startup_stm32f4xx.o
CAN2_RX0_IRQHandler                               startup_stm32f4xx.o
CAN2_RX1_IRQHandler                               startup_stm32f4xx.o
CAN2_SCE_IRQHandler                               startup_stm32f4xx.o
CAN2_TX_IRQHandler                                startup_stm32f4xx.o
CRYP_IRQHandler                                   startup_stm32f4xx.o
DCMI_IRQHandler                                   startup_stm32f4xx.o
DMA1_Stream0_IRQHandler                           startup_stm32f4xx.o
DMA1_Stream1_IRQHandler                           startup_stm32f4xx.o
DMA1_Stream2_IRQHandler                           startup_stm32f4xx.o
DMA1_Stream3_IRQHandler                           startup_stm32f4xx.o
DMA1_Stream4_IRQHandler                           startup_stm32f4xx.o
DMA1_Stream5_IRQHandler                           startup_stm32f4xx.o
DMA1_Stream6_IRQHandler                           startup_stm32f4xx.o
DMA1_Stream7_IRQHandler                           startup_stm32f4xx.o
DMA2_Stream0_IRQHandler                           startup_stm32f4xx.o
DMA2_Stream1_IRQHandler                           startup_stm32f4xx.o
DMA2_Stream2_IRQHandler                           startup_stm32f4xx.o
DMA2_Stream3_IRQHandler                           startup_stm32f4xx.o
DMA2_Stream4_IRQHandler                           startup_stm32f4xx.o
DMA2_Stream5_IRQHandler                           startup_stm32f4xx.o
DMA2_Stream6_IRQHandler                           startup_stm32f4xx.o
DMA2_Stream7_IRQHandler                           startup_stm32f4xx.o
DebugMon_Handler                                  startup_stm32f4xx.o
Default_Handler                                   startup_stm32f4xx.o
EEPROM_DeInit                                     EEPROM.o
EEPROM_Init                                       EEPROM.o
EEPROM_ReadByte                                   EEPROM.o
EEPROM_WriteByte                                  EEPROM.o
ETH_IRQHandler                                    startup_stm32f4xx.o
ETH_WKUP_IRQHandler                               startup_stm32f4xx.o
EXTI0_IRQHandler                                  main.o
                                                  startup_stm32f4xx.o
EXTI15_10_IRQHandler                              startup_stm32f4xx.o
EXTI1_IRQHandler                                  startup_stm32f4xx.o
EXTI2_IRQHandler                                  startup_stm32f4xx.o
EXTI3_IRQHandler                                  startup_stm32f4xx.o
EXTI4_IRQHandler                                  startup_stm32f4xx.o
EXTI9_5_IRQHandler                                startup_stm32f4xx.o
EXTI_ClearFlag                                    /home/huynhtai/Downloads/STM32-master/stm32f4xx_demo_RTOS_Software_timer/STM32F4xx_StdPeriph_Driver/lib/stdperiph.a(stm32f4xx_exti.o)
EXTI_ClearITPendingBit                            /home/huynhtai/Downloads/STM32-master/stm32f4xx_demo_RTOS_Software_timer/STM32F4xx_StdPeriph_Driver/lib/stdperiph.a(stm32f4xx_exti.o)
                                                  stm32f4xx_it.o
                                                  main.o
EXTI_DeInit                                       /home/huynhtai/Downloads/STM32-master/stm32f4xx_demo_RTOS_Software_timer/STM32F4xx_StdPeriph_Driver/lib/stdperiph.a(stm32f4xx_exti.o)
EXTI_GenerateSWInterrupt                          /home/huynhtai/Downloads/STM32-master/stm32f4xx_demo_RTOS_Software_timer/STM32F4xx_StdPeriph_Driver/lib/stdperiph.a(stm32f4xx_exti.o)
EXTI_GetFlagStatus                                /home/huynhtai/Downloads/STM32-master/stm32f4xx_demo_RTOS_Software_timer/STM32F4xx_StdPeriph_Driver/lib/stdperiph.a(stm32f4xx_exti.o)
EXTI_GetITStatus                                  /home/huynhtai/Downloads/STM32-master/stm32f4xx_demo_RTOS_Software_timer/STM32F4xx_StdPeriph_Driver/lib/stdperiph.a(stm32f4xx_exti.o)
                                                  main.o
EXTI_Init                                         /home/huynhtai/Downloads/STM32-master/stm32f4xx_demo_RTOS_Software_timer/STM32F4xx_StdPeriph_Driver/lib/stdperiph.a(stm32f4xx_exti.o)
                                                  my_printf.o
EXTI_StructInit                                   /home/huynhtai/Downloads/STM32-master/stm32f4xx_demo_RTOS_Software_timer/STM32F4xx_StdPeriph_Driver/lib/stdperiph.a(stm32f4xx_exti.o)
FLASH_ClearFlag                                   /home/huynhtai/Downloads/STM32-master/stm32f4xx_demo_RTOS_Software_timer/STM32F4xx_StdPeriph_Driver/lib/stdperiph.a(stm32f4xx_flash.o)
                                                  EEPROM.o
FLASH_DataCacheCmd                                /home/huynhtai/Downloads/STM32-master/stm32f4xx_demo_RTOS_Software_timer/STM32F4xx_StdPeriph_Driver/lib/stdperiph.a(stm32f4xx_flash.o)
FLASH_DataCacheReset                              /home/huynhtai/Downloads/STM32-master/stm32f4xx_demo_RTOS_Software_timer/STM32F4xx_StdPeriph_Driver/lib/stdperiph.a(stm32f4xx_flash.o)
FLASH_EraseAllBank1Sectors                        /home/huynhtai/Downloads/STM32-master/stm32f4xx_demo_RTOS_Software_timer/STM32F4xx_StdPeriph_Driver/lib/stdperiph.a(stm32f4xx_flash.o)
FLASH_EraseAllBank2Sectors                        /home/huynhtai/Downloads/STM32-master/stm32f4xx_demo_RTOS_Software_timer/STM32F4xx_StdPeriph_Driver/lib/stdperiph.a(stm32f4xx_flash.o)
FLASH_EraseAllSectors                             /home/huynhtai/Downloads/STM32-master/stm32f4xx_demo_RTOS_Software_timer/STM32F4xx_StdPeriph_Driver/lib/stdperiph.a(stm32f4xx_flash.o)
FLASH_EraseSector                                 /home/huynhtai/Downloads/STM32-master/stm32f4xx_demo_RTOS_Software_timer/STM32F4xx_StdPeriph_Driver/lib/stdperiph.a(stm32f4xx_flash.o)
                                                  EEPROM.o
FLASH_GetFlagStatus                               /home/huynhtai/Downloads/STM32-master/stm32f4xx_demo_RTOS_Software_timer/STM32F4xx_StdPeriph_Driver/lib/stdperiph.a(stm32f4xx_flash.o)
FLASH_GetStatus                                   /home/huynhtai/Downloads/STM32-master/stm32f4xx_demo_RTOS_Software_timer/STM32F4xx_StdPeriph_Driver/lib/stdperiph.a(stm32f4xx_flash.o)
FLASH_IRQHandler                                  startup_stm32f4xx.o
FLASH_ITConfig                                    /home/huynhtai/Downloads/STM32-master/stm32f4xx_demo_RTOS_Software_timer/STM32F4xx_StdPeriph_Driver/lib/stdperiph.a(stm32f4xx_flash.o)
FLASH_InstructionCacheCmd                         /home/huynhtai/Downloads/STM32-master/stm32f4xx_demo_RTOS_Software_timer/STM32F4xx_StdPeriph_Driver/lib/stdperiph.a(stm32f4xx_flash.o)
FLASH_InstructionCacheReset                       /home/huynhtai/Downloads/STM32-master/stm32f4xx_demo_RTOS_Software_timer/STM32F4xx_StdPeriph_Driver/lib/stdperiph.a(stm32f4xx_flash.o)
FLASH_Lock                                        /home/huynhtai/Downloads/STM32-master/stm32f4xx_demo_RTOS_Software_timer/STM32F4xx_StdPeriph_Driver/lib/stdperiph.a(stm32f4xx_flash.o)
                                                  EEPROM.o
FLASH_OB_BORConfig                                /home/huynhtai/Downloads/STM32-master/stm32f4xx_demo_RTOS_Software_timer/STM32F4xx_StdPeriph_Driver/lib/stdperiph.a(stm32f4xx_flash.o)
FLASH_OB_BootConfig                               /home/huynhtai/Downloads/STM32-master/stm32f4xx_demo_RTOS_Software_timer/STM32F4xx_StdPeriph_Driver/lib/stdperiph.a(stm32f4xx_flash.o)
FLASH_OB_GetBOR                                   /home/huynhtai/Downloads/STM32-master/stm32f4xx_demo_RTOS_Software_timer/STM32F4xx_StdPeriph_Driver/lib/stdperiph.a(stm32f4xx_flash.o)
FLASH_OB_GetPCROP                                 /home/huynhtai/Downloads/STM32-master/stm32f4xx_demo_RTOS_Software_timer/STM32F4xx_StdPeriph_Driver/lib/stdperiph.a(stm32f4xx_flash.o)
FLASH_OB_GetPCROP1                                /home/huynhtai/Downloads/STM32-master/stm32f4xx_demo_RTOS_Software_timer/STM32F4xx_StdPeriph_Driver/lib/stdperiph.a(stm32f4xx_flash.o)
FLASH_OB_GetRDP                                   /home/huynhtai/Downloads/STM32-master/stm32f4xx_demo_RTOS_Software_timer/STM32F4xx_StdPeriph_Driver/lib/stdperiph.a(stm32f4xx_flash.o)
FLASH_OB_GetUser                                  /home/huynhtai/Downloads/STM32-master/stm32f4xx_demo_RTOS_Software_timer/STM32F4xx_StdPeriph_Driver/lib/stdperiph.a(stm32f4xx_flash.o)
FLASH_OB_GetWRP                                   /home/huynhtai/Downloads/STM32-master/stm32f4xx_demo_RTOS_Software_timer/STM32F4xx_StdPeriph_Driver/lib/stdperiph.a(stm32f4xx_flash.o)
FLASH_OB_GetWRP1                                  /home/huynhtai/Downloads/STM32-master/stm32f4xx_demo_RTOS_Software_timer/STM32F4xx_StdPeriph_Driver/lib/stdperiph.a(stm32f4xx_flash.o)
FLASH_OB_Launch                                   /home/huynhtai/Downloads/STM32-master/stm32f4xx_demo_RTOS_Software_timer/STM32F4xx_StdPeriph_Driver/lib/stdperiph.a(stm32f4xx_flash.o)
FLASH_OB_Lock                                     /home/huynhtai/Downloads/STM32-master/stm32f4xx_demo_RTOS_Software_timer/STM32F4xx_StdPeriph_Driver/lib/stdperiph.a(stm32f4xx_flash.o)
FLASH_OB_PCROP1Config                             /home/huynhtai/Downloads/STM32-master/stm32f4xx_demo_RTOS_Software_timer/STM32F4xx_StdPeriph_Driver/lib/stdperiph.a(stm32f4xx_flash.o)
FLASH_OB_PCROPConfig                              /home/huynhtai/Downloads/STM32-master/stm32f4xx_demo_RTOS_Software_timer/STM32F4xx_StdPeriph_Driver/lib/stdperiph.a(stm32f4xx_flash.o)
FLASH_OB_PCROPSelectionConfig                     /home/huynhtai/Downloads/STM32-master/stm32f4xx_demo_RTOS_Software_timer/STM32F4xx_StdPeriph_Driver/lib/stdperiph.a(stm32f4xx_flash.o)
FLASH_OB_RDPConfig                                /home/huynhtai/Downloads/STM32-master/stm32f4xx_demo_RTOS_Software_timer/STM32F4xx_StdPeriph_Driver/lib/stdperiph.a(stm32f4xx_flash.o)
FLASH_OB_Unlock                                   /home/huynhtai/Downloads/STM32-master/stm32f4xx_demo_RTOS_Software_timer/STM32F4xx_StdPeriph_Driver/lib/stdperiph.a(stm32f4xx_flash.o)
FLASH_OB_UserConfig                               /home/huynhtai/Downloads/STM32-master/stm32f4xx_demo_RTOS_Software_timer/STM32F4xx_StdPeriph_Driver/lib/stdperiph.a(stm32f4xx_flash.o)
FLASH_OB_WRP1Config                               /home/huynhtai/Downloads/STM32-master/stm32f4xx_demo_RTOS_Software_timer/STM32F4xx_StdPeriph_Driver/lib/stdperiph.a(stm32f4xx_flash.o)
FLASH_OB_WRPConfig                                /home/huynhtai/Downloads/STM32-master/stm32f4xx_demo_RTOS_Software_timer/STM32F4xx_StdPeriph_Driver/lib/stdperiph.a(stm32f4xx_flash.o)
FLASH_PrefetchBufferCmd                           /home/huynhtai/Downloads/STM32-master/stm32f4xx_demo_RTOS_Software_timer/STM32F4xx_StdPeriph_Driver/lib/stdperiph.a(stm32f4xx_flash.o)
FLASH_ProgramByte                                 /home/huynhtai/Downloads/STM32-master/stm32f4xx_demo_RTOS_Software_timer/STM32F4xx_StdPeriph_Driver/lib/stdperiph.a(stm32f4xx_flash.o)
FLASH_ProgramDoubleWord                           /home/huynhtai/Downloads/STM32-master/stm32f4xx_demo_RTOS_Software_timer/STM32F4xx_StdPeriph_Driver/lib/stdperiph.a(stm32f4xx_flash.o)
FLASH_ProgramHalfWord                             /home/huynhtai/Downloads/STM32-master/stm32f4xx_demo_RTOS_Software_timer/STM32F4xx_StdPeriph_Driver/lib/stdperiph.a(stm32f4xx_flash.o)
                                                  EEPROM.o
FLASH_ProgramWord                                 /home/huynhtai/Downloads/STM32-master/stm32f4xx_demo_RTOS_Software_timer/STM32F4xx_StdPeriph_Driver/lib/stdperiph.a(stm32f4xx_flash.o)
FLASH_SetLatency                                  /home/huynhtai/Downloads/STM32-master/stm32f4xx_demo_RTOS_Software_timer/STM32F4xx_StdPeriph_Driver/lib/stdperiph.a(stm32f4xx_flash.o)
FLASH_Unlock                                      /home/huynhtai/Downloads/STM32-master/stm32f4xx_demo_RTOS_Software_timer/STM32F4xx_StdPeriph_Driver/lib/stdperiph.a(stm32f4xx_flash.o)
                                                  EEPROM.o
FLASH_WaitForLastOperation                        /home/huynhtai/Downloads/STM32-master/stm32f4xx_demo_RTOS_Software_timer/STM32F4xx_StdPeriph_Driver/lib/stdperiph.a(stm32f4xx_flash.o)
FPU_IRQHandler                                    startup_stm32f4xx.o
FSMC_IRQHandler                                   startup_stm32f4xx.o
GPIO_DeInit                                       /home/huynhtai/Downloads/STM32-master/stm32f4xx_demo_RTOS_Software_timer/STM32F4xx_StdPeriph_Driver/lib/stdperiph.a(stm32f4xx_gpio.o)
GPIO_Init                                         /home/huynhtai/Downloads/STM32-master/stm32f4xx_demo_RTOS_Software_timer/STM32F4xx_StdPeriph_Driver/lib/stdperiph.a(stm32f4xx_gpio.o)
                                                  my_printf.o
GPIO_PinAFConfig                                  /home/huynhtai/Downloads/STM32-master/stm32f4xx_demo_RTOS_Software_timer/STM32F4xx_StdPeriph_Driver/lib/stdperiph.a(stm32f4xx_gpio.o)
                                                  my_printf.o
GPIO_PinLockConfig                                /home/huynhtai/Downloads/STM32-master/stm32f4xx_demo_RTOS_Software_timer/STM32F4xx_StdPeriph_Driver/lib/stdperiph.a(stm32f4xx_gpio.o)
GPIO_ReadInputData                                /home/huynhtai/Downloads/STM32-master/stm32f4xx_demo_RTOS_Software_timer/STM32F4xx_StdPeriph_Driver/lib/stdperiph.a(stm32f4xx_gpio.o)
GPIO_ReadInputDataBit                             /home/huynhtai/Downloads/STM32-master/stm32f4xx_demo_RTOS_Software_timer/STM32F4xx_StdPeriph_Driver/lib/stdperiph.a(stm32f4xx_gpio.o)
GPIO_ReadOutputData                               /home/huynhtai/Downloads/STM32-master/stm32f4xx_demo_RTOS_Software_timer/STM32F4xx_StdPeriph_Driver/lib/stdperiph.a(stm32f4xx_gpio.o)
GPIO_ReadOutputDataBit                            /home/huynhtai/Downloads/STM32-master/stm32f4xx_demo_RTOS_Software_timer/STM32F4xx_StdPeriph_Driver/lib/stdperiph.a(stm32f4xx_gpio.o)
GPIO_ResetBits                                    /home/huynhtai/Downloads/STM32-master/stm32f4xx_demo_RTOS_Software_timer/STM32F4xx_StdPeriph_Driver/lib/stdperiph.a(stm32f4xx_gpio.o)
GPIO_SetBits                                      /home/huynhtai/Downloads/STM32-master/stm32f4xx_demo_RTOS_Software_timer/STM32F4xx_StdPeriph_Driver/lib/stdperiph.a(stm32f4xx_gpio.o)
GPIO_StructInit                                   /home/huynhtai/Downloads/STM32-master/stm32f4xx_demo_RTOS_Software_timer/STM32F4xx_StdPeriph_Driver/lib/stdperiph.a(stm32f4xx_gpio.o)
GPIO_ToggleBits                                   /home/huynhtai/Downloads/STM32-master/stm32f4xx_demo_RTOS_Software_timer/STM32F4xx_StdPeriph_Driver/lib/stdperiph.a(stm32f4xx_gpio.o)
                                                  main.o
GPIO_Write                                        /home/huynhtai/Downloads/STM32-master/stm32f4xx_demo_RTOS_Software_timer/STM32F4xx_StdPeriph_Driver/lib/stdperiph.a(stm32f4xx_gpio.o)
GPIO_WriteBit                                     /home/huynhtai/Downloads/STM32-master/stm32f4xx_demo_RTOS_Software_timer/STM32F4xx_StdPeriph_Driver/lib/stdperiph.a(stm32f4xx_gpio.o)
HASH_RNG_IRQHandler                               startup_stm32f4xx.o
HardFault_Handler                                 stm32f4xx_it.o
                                                  startup_stm32f4xx.o
I2C1_ER_IRQHandler                                startup_stm32f4xx.o
I2C1_EV_IRQHandler                                startup_stm32f4xx.o
I2C2_ER_IRQHandler                                startup_stm32f4xx.o
I2C2_EV_IRQHandler                                startup_stm32f4xx.o
I2C3_ER_IRQHandler                                startup_stm32f4xx.o
I2C3_EV_IRQHandler                                startup_stm32f4xx.o
MemManage_Handler                                 startup_stm32f4xx.o
NMI_Handler                                       stm32f4xx_it.o
                                                  startup_stm32f4xx.o
NVIC_Init                                         /home/huynhtai/Downloads/STM32-master/stm32f4xx_demo_RTOS_Software_timer/STM32F4xx_StdPeriph_Driver/lib/stdperiph.a(misc.o)
                                                  my_printf.o
NVIC_PriorityGroupConfig                          /home/huynhtai/Downloads/STM32-master/stm32f4xx_demo_RTOS_Software_timer/STM32F4xx_StdPeriph_Driver/lib/stdperiph.a(misc.o)
NVIC_SetVectorTable                               /home/huynhtai/Downloads/STM32-master/stm32f4xx_demo_RTOS_Software_timer/STM32F4xx_StdPeriph_Driver/lib/stdperiph.a(misc.o)
NVIC_SystemLPConfig                               /home/huynhtai/Downloads/STM32-master/stm32f4xx_demo_RTOS_Software_timer/STM32F4xx_StdPeriph_Driver/lib/stdperiph.a(misc.o)
OTG_FS_IRQHandler                                 startup_stm32f4xx.o
OTG_FS_WKUP_IRQHandler                            startup_stm32f4xx.o
OTG_HS_EP1_IN_IRQHandler                          startup_stm32f4xx.o
OTG_HS_EP1_OUT_IRQHandler                         startup_stm32f4xx.o
OTG_HS_IRQHandler                                 startup_stm32f4xx.o
OTG_HS_WKUP_IRQHandler                            startup_stm32f4xx.o
PVD_IRQHandler                                    startup_stm32f4xx.o
PendSV_Handler                                    /home/huynhtai/Downloads/STM32-master/stm32f4xx_demo_RTOS_Software_timer/STM32F4xx_StdPeriph_Driver/lib/freertos.a(port.o)
                                                  startup_stm32f4xx.o
RCC_AHB1PeriphClockCmd                            /home/huynhtai/Downloads/STM32-master/stm32f4xx_demo_RTOS_Software_timer/STM32F4xx_StdPeriph_Driver/lib/stdperiph.a(stm32f4xx_rcc.o)
                                                  my_printf.o
RCC_AHB1PeriphClockLPModeCmd                      /home/huynhtai/Downloads/STM32-master/stm32f4xx_demo_RTOS_Software_timer/STM32F4xx_StdPeriph_Driver/lib/stdperiph.a(stm32f4xx_rcc.o)
RCC_AHB1PeriphResetCmd                            /home/huynhtai/Downloads/STM32-master/stm32f4xx_demo_RTOS_Software_timer/STM32F4xx_StdPeriph_Driver/lib/stdperiph.a(stm32f4xx_rcc.o)
                                                  /home/huynhtai/Downloads/STM32-master/stm32f4xx_demo_RTOS_Software_timer/STM32F4xx_StdPeriph_Driver/lib/stdperiph.a(stm32f4xx_gpio.o)
RCC_AHB2PeriphClockCmd                            /home/huynhtai/Downloads/STM32-master/stm32f4xx_demo_RTOS_Software_timer/STM32F4xx_StdPeriph_Driver/lib/stdperiph.a(stm32f4xx_rcc.o)
RCC_AHB2PeriphClockLPModeCmd                      /home/huynhtai/Downloads/STM32-master/stm32f4xx_demo_RTOS_Software_timer/STM32F4xx_StdPeriph_Driver/lib/stdperiph.a(stm32f4xx_rcc.o)
RCC_AHB2PeriphResetCmd                            /home/huynhtai/Downloads/STM32-master/stm32f4xx_demo_RTOS_Software_timer/STM32F4xx_StdPeriph_Driver/lib/stdperiph.a(stm32f4xx_rcc.o)
RCC_AHB3PeriphClockCmd                            /home/huynhtai/Downloads/STM32-master/stm32f4xx_demo_RTOS_Software_timer/STM32F4xx_StdPeriph_Driver/lib/stdperiph.a(stm32f4xx_rcc.o)