Archive member included to satisfy reference by file (symbol)

/home/huynhtai/Downloads/STM32-master/stm32f4xx_demo_RTOS_uart/STM32F4xx_StdPeriph_Driver/lib/stdperiph.a(stm32f4xx_gpio.o)
                              sensor.o (GPIO_Init)
/home/huynhtai/Downloads/STM32-master/stm32f4xx_demo_RTOS_uart/STM32F4xx_StdPeriph_Driver/lib/stdperiph.a(stm32f4xx_flash.o)
                              EEPROM.o (FLASH_Unlock)
/home/huynhtai/Downloads/STM32-master/stm32f4xx_demo_RTOS_uart/STM32F4xx_StdPeriph_Driver/lib/stdperiph.a(misc.o)
                              sensor.o (NVIC_Init)
/home/huynhtai/Downloads/STM32-master/stm32f4xx_demo_RTOS_uart/STM32F4xx_StdPeriph_Driver/lib/stdperiph.a(stm32f4xx_usart.o)
                              main.o (USART_DeInit)
/home/huynhtai/Downloads/STM32-master/stm32f4xx_demo_RTOS_uart/STM32F4xx_StdPeriph_Driver/lib/stdperiph.a(stm32f4xx_exti.o)
                              sensor.o (EXTI_Init)
/home/huynhtai/Downloads/STM32-master/stm32f4xx_demo_RTOS_uart/STM32F4xx_StdPeriph_Driver/lib/stdperiph.a(stm32f4xx_rtc.o)
                              stm32f4xx_it.o (RTC_ClearFlag)
/home/huynhtai/Downloads/STM32-master/stm32f4xx_demo_RTOS_uart/STM32F4xx_StdPeriph_Driver/lib/stdperiph.a(stm32f4xx_rcc.o)
                              /home/huynhtai/Downloads/STM32-master/stm32f4xx_demo_RTOS_uart/STM32F4xx_StdPeriph_Driver/lib/stdperiph.a(stm32f4xx_usart.o) (RCC_GetClocksFreq)
/home/huynhtai/Downloads/STM32-master/stm32f4xx_demo_RTOS_uart/STM32F4xx_StdPeriph_Driver/lib/stdperiph.a(stm32f4xx_syscfg.o)
                              sensor.o (SYSCFG_EXTILineConfig)
/home/huynhtai/Downloads/STM32-master/stm32f4xx_demo_RTOS_uart/STM32F4xx_StdPeriph_Driver/lib/stdperiph.a(stm32f4xx_tim.o)
                              sensor.o (TIM_DeInit)
/home/huynhtai/Downloads/STM32-master/stm32f4xx_demo_RTOS_uart/STM32F4xx_StdPeriph_Driver/lib/freertos.a(tasks.o)
                              main.o (xTaskCreate)
/home/huynhtai/Downloads/STM32-master/stm32f4xx_demo_RTOS_uart/STM32F4xx_StdPeriph_Driver/lib/freertos.a(timers.o)
                              /home/huynhtai/Downloads/STM32-master/stm32f4xx_demo_RTOS_uart/STM32F4xx_StdPeriph_Driver/lib/freertos.a(tasks.o) (xTimerCreateTimerTask)
/home/huynhtai/Downloads/STM32-master/stm32f4xx_demo_RTOS_uart/STM32F4xx_StdPeriph_Driver/lib/freertos.a(port.o)
                              /home/huynhtai/Downloads/STM32-master/stm32f4xx_demo_RTOS_uart/STM32F4xx_StdPeriph_Driver/lib/freertos.a(tasks.o) (pxPortInitialiseStack)
/home/huynhtai/Downloads/STM32-master/stm32f4xx_demo_RTOS_uart/STM32F4xx_StdPeriph_Driver/lib/freertos.a(heap_4.o)
                              main.o (pvPortMalloc)
/home/huynhtai/Downloads/STM32-master/stm32f4xx_demo_RTOS_uart/STM32F4xx_StdPeriph_Driver/lib/freertos.a(queue.o)
                              /home/huynhtai/Downloads/STM32-master/stm32f4xx_demo_RTOS_uart/STM32F4xx_StdPeriph_Driver/lib/freertos.a(timers.o) (xQueueGenericCreate)
/home/huynhtai/Downloads/STM32-master/stm32f4xx_demo_RTOS_uart/STM32F4xx_StdPeriph_Driver/lib/freertos.a(list.o)
                              /home/huynhtai/Downloads/STM32-master/stm32f4xx_demo_RTOS_uart/STM32F4xx_StdPeriph_Driver/lib/freertos.a(tasks.o) (vListInitialise)
/home/huynhtai/Downloads/TOOLCHAIN/gcc-arm-none-eabi-8-2019-q3-update-linux/gcc-arm-none-eabi-8-2019-q3-update/bin/../lib/gcc/arm-none-eabi/8.3.1/../../../../arm-none-eabi/lib/thumb/v7e-m+fp/hard/libc_nano.a(lib_a-memcpy-stub.o)
                              startup_stm32f4xx.o (memcpy)
/home/huynhtai/Downloads/TOOLCHAIN/gcc-arm-none-eabi-8-2019-q3-update-linux/gcc-arm-none-eabi-8-2019-q3-update/bin/../lib/gcc/arm-none-eabi/8.3.1/../../../../arm-none-eabi/lib/thumb/v7e-m+fp/hard/libc_nano.a(lib_a-memset.o)
                              startup_stm32f4xx.o (memset)

Allocating common symbols
Common symbol       size              file

xQueueRegistry      0x40              /home/huynhtai/Downloads/STM32-master/stm32f4xx_demo_RTOS_uart/STM32F4xx_StdPeriph_Driver/lib/freertos.a(queue.o)
state               0x1               sensor.o
data                0x4               main.o
GPIO_InitStructure  0x8               sensor.o
NVIC_InitStructure  0x4               sensor.o
EXTI_InitStructure  0x8               sensor.o
dis                 0x4               sensor.o
TIM_TimeBaseInitStruct
                    0xc               sensor.o

Discarded input sections

 .group         0x0000000000000000        0xc EEPROM.o
 .group         0x0000000000000000        0xc EEPROM.o
 .group         0x0000000000000000        0xc EEPROM.o
 .group         0x0000000000000000        0xc EEPROM.o
 .group         0x0000000000000000        0xc EEPROM.o
 .group         0x0000000000000000        0xc EEPROM.o
 .group         0x0000000000000000        0xc EEPROM.o
 .group         0x0000000000000000        0xc EEPROM.o
 .group         0x0000000000000000        0xc EEPROM.o
 .group         0x0000000000000000        0xc EEPROM.o
[...]
Memory Configuration

Name             Origin             Length             Attributes
FLASH            0x0000000008000000 0x0000000000080000 xr
RAM              0x0000000020000000 0x0000000000020000 xrw
CCM              0x0000000010000000 0x0000000000010000 xrw
*default*        0x0000000000000000 0xffffffffffffffff

Linker script and memory map

LOAD EEPROM.o
LOAD sensor.o
LOAD startup_stm32f4xx.o
LOAD main.o
LOAD stm32f4xx_it.o
LOAD system_stm32f4xx.o
LOAD CortexM4asmOps.o
LOAD /home/huynhtai/Downloads/STM32-master/stm32f4xx_demo_RTOS_uart/STM32F4xx_StdPeriph_Driver/lib/stdperiph.a
LOAD /home/huynhtai/Downloads/STM32-master/stm32f4xx_demo_RTOS_uart/STM32F4xx_StdPeriph_Driver/lib/freertos.a
LOAD /home/huynhtai/Downloads/TOOLCHAIN/gcc-arm-none-eabi-8-2019-q3-update-linux/gcc-arm-none-eabi-8-2019-q3-update/bin/../lib/gcc/arm-none-eabi/8.3.1/../../../../arm-none-eabi/lib/thumb/v7e-m+fp/hard/libc_nano.a
LOAD /home/huynhtai/Downloads/TOOLCHAIN/gcc-arm-none-eabi-8-2019-q3-update-linux/gcc-arm-none-eabi-8-2019-q3-update/bin/../lib/gcc/arm-none-eabi/8.3.1/thumb/v7e-m+fp/hard/libgcc.a
LOAD /home/huynhtai/Downloads/TOOLCHAIN/gcc-arm-none-eabi-8-2019-q3-update-linux/gcc-arm-none-eabi-8-2019-q3-update/bin/../lib/gcc/arm-none-eabi/8.3.1/../../../../arm-none-eabi/lib/thumb/v7e-m+fp/hard/libnosys.a
START GROUP
LOAD /home/huynhtai/Downloads/TOOLCHAIN/gcc-arm-none-eabi-8-2019-q3-update-linux/gcc-arm-none-eabi-8-2019-q3-update/bin/../lib/gcc/arm-none-eabi/8.3.1/thumb/v7e-m+fp/hard/libgcc.a
LOAD /home/huynhtai/Downloads/TOOLCHAIN/gcc-arm-none-eabi-8-2019-q3-update-linux/gcc-arm-none-eabi-8-2019-q3-update/bin/../lib/gcc/arm-none-eabi/8.3.1/../../../../arm-none-eabi/lib/thumb/v7e-m+fp/hard/libc_nano.a
END GROUP
START GROUP
LOAD /home/huynhtai/Downloads/TOOLCHAIN/gcc-arm-none-eabi-8-2019-q3-update-linux/gcc-arm-none-eabi-8-2019-q3-update/bin/../lib/gcc/arm-none-eabi/8.3.1/thumb/v7e-m+fp/hard/libgcc.a
LOAD /home/huynhtai/Downloads/TOOLCHAIN/gcc-arm-none-eabi-8-2019-q3-update-linux/gcc-arm-none-eabi-8-2019-q3-update/bin/../lib/gcc/arm-none-eabi/8.3.1/../../../../arm-none-eabi/lib/thumb/v7e-m+fp/hard/libc_nano.a
END GROUP
                0x0000000020020000                _estack = 0x20020000
                0x0000000000002000                _Min_Heap_Size = 0x2000
                0x0000000000004000                _Min_Stack_Size = 0x4000

.isr_vector     0x0000000008000000      0x188
                0x0000000008000000                . = ALIGN (0x4)
 *(.isr_vector)
 .isr_vector    0x0000000008000000      0x188 startup_stm32f4xx.o
                0x0000000008000000                g_pfnVectors
                0x0000000008000188                . = ALIGN (0x4)

.text           0x0000000008000190     0x2884
                0x0000000008000190                . = ALIGN (0x4)
 *(.text)
 *(.text*)
 .text.Default_Handler
                0x0000000008000190        0x4 startup_stm32f4xx.o
                0x0000000008000190                HASH_RNG_IRQHandler
                0x0000000008000190                EXTI2_IRQHandler
                0x0000000008000190                TIM8_CC_IRQHandler
                0x0000000008000190                DebugMon_Handler
                0x0000000008000190                TIM1_CC_IRQHandler
                0x0000000008000190                DMA2_Stream5_IRQHandler
                0x0000000008000190                DMA1_Stream5_IRQHandler
                0x0000000008000190                PVD_IRQHandler
                0x0000000008000190                SDIO_IRQHandler
                0x0000000008000190                TAMP_STAMP_IRQHandler
                0x0000000008000190                CAN2_RX1_IRQHandler
                0x0000000008000190                EXTI3_IRQHandler
                0x0000000008000190                TIM8_TRG_COM_TIM14_IRQHandler
                0x0000000008000190                TIM1_UP_TIM10_IRQHandler
                0x0000000008000190                TIM8_UP_TIM13_IRQHandler
                0x0000000008000190                I2C3_ER_IRQHandler
                0x0000000008000190                EXTI0_IRQHandler
                0x0000000008000190                I2C2_EV_IRQHandler
                0x0000000008000190                DMA1_Stream2_IRQHandler
                0x0000000008000190                CAN1_RX0_IRQHandler
                0x0000000008000190                FPU_IRQHandler
                0x0000000008000190                OTG_HS_WKUP_IRQHandler
                0x0000000008000190                UsageFault_Handler
                0x0000000008000190                CAN2_SCE_IRQHandler
                0x0000000008000190                DMA2_Stream2_IRQHandler
                0x0000000008000190                SPI1_IRQHandler
                0x0000000008000190                TIM6_DAC_IRQHandler
                0x0000000008000190                TIM1_BRK_TIM9_IRQHandler
                0x0000000008000190                DCMI_IRQHandler
                0x0000000008000190                CAN2_RX0_IRQHandler
                0x0000000008000190                DMA2_Stream3_IRQHandler
                0x0000000008000190                USART6_IRQHandler
                0x0000000008000190                USART3_IRQHandler
                0x0000000008000190                CRYP_IRQHandler
                0x0000000008000190                CAN1_RX1_IRQHandler
                0x0000000008000190                UART5_IRQHandler
                0x0000000008000190                DMA2_Stream0_IRQHandler
                0x0000000008000190                TIM4_IRQHandler
                0x0000000008000190                I2C1_EV_IRQHandler
                0x0000000008000190                DMA1_Stream6_IRQHandler
                0x0000000008000190                DMA1_Stream1_IRQHandler
                0x0000000008000190                UART4_IRQHandler
                0x0000000008000190                TIM3_IRQHandler
                0x0000000008000190                RCC_IRQHandler
                0x0000000008000190                TIM8_BRK_TIM12_IRQHandler
                0x0000000008000190                Default_Handler
                0x0000000008000190                EXTI15_10_IRQHandler
                0x0000000008000190                ADC_IRQHandler
                0x0000000008000190                DMA1_Stream7_IRQHandler
                0x0000000008000190                TIM7_IRQHandler
                0x0000000008000190                CAN2_TX_IRQHandler
                0x0000000008000190                TIM5_IRQHandler
                0x0000000008000190                DMA2_Stream7_IRQHandler
                0x0000000008000190                I2C3_EV_IRQHandler
                0x0000000008000190                EXTI9_5_IRQHandler
                0x0000000008000190                ETH_WKUP_IRQHandler
                0x0000000008000190                SPI2_IRQHandler
                0x0000000008000190                OTG_HS_EP1_IN_IRQHandler
                0x0000000008000190                MemManage_Handler
                0x0000000008000190                DMA1_Stream0_IRQHandler
                0x0000000008000190                CAN1_TX_IRQHandler
                0x0000000008000190                EXTI4_IRQHandler
                0x0000000008000190                FSMC_IRQHandler
                0x0000000008000190                ETH_IRQHandler
                0x0000000008000190                OTG_HS_EP1_OUT_IRQHandler
                0x0000000008000190                WWDG_IRQHandler
                0x0000000008000190                TIM2_IRQHandler
                0x0000000008000190                OTG_FS_WKUP_IRQHandler
                0x0000000008000190                TIM1_TRG_COM_TIM11_IRQHandler
                0x0000000008000190                OTG_HS_IRQHandler
                0x0000000008000190                EXTI1_IRQHandler
                0x0000000008000190                I2C2_ER_IRQHandler
                0x0000000008000190                DMA2_Stream1_IRQHandler
                0x0000000008000190                CAN1_SCE_IRQHandler
                0x0000000008000190                FLASH_IRQHandler
                0x0000000008000190                DMA2_Stream4_IRQHandler
                0x0000000008000190                BusFault_Handler
                0x0000000008000190                USART1_IRQHandler
                0x0000000008000190                OTG_FS_IRQHandler
                0x0000000008000190                SPI3_IRQHandler
                0x0000000008000190                DMA1_Stream4_IRQHandler
                0x0000000008000190                I2C1_ER_IRQHandler
                0x0000000008000190                DMA2_Stream6_IRQHandler
                0x0000000008000190                DMA1_Stream3_IRQHandler
 .text.Reset_Handler
                0x0000000008000194       0x60 startup_stm32f4xx.o
                0x0000000008000194                Reset_Handler
 .text.TaskD    0x00000000080001f4       0x30 main.o
 .text.TaskC    0x0000000008000224       0x30 main.o
 .text.TaskB    0x0000000008000254       0x30 main.o
 .text.my_printf.constprop.0
                0x0000000008000284       0xe4 main.o
 .text.TaskA    0x0000000008000368       0x50 main.o
 .text.Board_Configuration
                0x00000000080003b8       0xe4 main.o
                0x00000000080003b8                Board_Configuration
 .text.startup.main
                0x000000000800049c       0x84 main.o
                0x000000000800049c                main
 .text.NMI_Handler
                0x0000000008000520        0x4 stm32f4xx_it.o
                0x0000000008000520                NMI_Handler
 .text.HardFault_Handler
                0x0000000008000524        0x4 stm32f4xx_it.o
                0x0000000008000524                HardFault_Handler
 .text.USART2_IRQHandler
                0x0000000008000528       0x24 stm32f4xx_it.o
                0x0000000008000528                USART2_IRQHandler
 .text.RTC_WKUP_IRQHandler
                0x000000000800054c       0x2c stm32f4xx_it.o
                0x000000000800054c                RTC_WKUP_IRQHandler
 .text.RTC_Alarm_IRQHandler
                0x0000000008000578       0x64 stm32f4xx_it.o
                0x0000000008000578                RTC_Alarm_IRQHandler
 .text.SystemInit
                0x00000000080005dc       0xf8 system_stm32f4xx.o
                0x00000000080005dc                SystemInit
 .text.GPIO_Init
                0x00000000080006d4       0x8c /home/huynhtai/Downloads/STM32-master/stm32f4xx_demo_RTOS_uart/STM32F4xx_StdPeriph_Driver/lib/stdperiph.a(stm32f4xx_gpio.o)
                0x00000000080006d4                GPIO_Init
 .text.GPIO_SetBits
                0x0000000008000760        0x4 /home/huynhtai/Downloads/STM32-master/stm32f4xx_demo_RTOS_uart/STM32F4xx_StdPeriph_Driver/lib/stdperiph.a(stm32f4xx_gpio.o)
                0x0000000008000760                GPIO_SetBits
 .text.GPIO_ResetBits
                0x0000000008000764        0x4 /home/huynhtai/Downloads/STM32-master/stm32f4xx_demo_RTOS_uart/STM32F4xx_StdPeriph_Driver/lib/stdperiph.a(stm32f4xx_gpio.o)
                0x0000000008000764                GPIO_ResetBits
 .text.GPIO_PinAFConfig
                0x0000000008000768       0x2c /home/huynhtai/Downloads/STM32-master/stm32f4xx_demo_RTOS_uart/STM32F4xx_StdPeriph_Driver/lib/stdperiph.a(stm32f4xx_gpio.o)
                0x0000000008000768                GPIO_PinAFConfig
 .text.USART_DeInit
                0x0000000008000794      0x10c /home/huynhtai/Downloads/STM32-master/stm32f4xx_demo_RTOS_uart/STM32F4xx_StdPeriph_Driver/lib/stdperiph.a(stm32f4xx_usart.o)
                0x0000000008000794                USART_DeInit
 .text.USART_Init
                0x00000000080008a0       0xbc /home/huynhtai/Downloads/STM32-master/stm32f4xx_demo_RTOS_uart/STM32F4xx_StdPeriph_Driver/lib/stdperiph.a(stm32f4xx_usart.o)
                0x00000000080008a0                USART_Init
 .text.USART_Cmd
                0x000000000800095c       0x18 /home/huynhtai/Downloads/STM32-master/stm32f4xx_demo_RTOS_uart/STM32F4xx_StdPeriph_Driver/lib/stdperiph.a(stm32f4xx_usart.o)
                0x000000000800095c                USART_Cmd
 .text.USART_SendData
                0x0000000008000974       0x18 /home/huynhtai/Downloads/STM32-master/stm32f4xx_demo_RTOS_uart/STM32F4xx_StdPeriph_Driver/lib/stdperiph.a(stm32f4xx_usart.o)
                0x0000000008000974                USART_SendData
 .text.USART_SendString
                0x000000000800098c       0x2c /home/huynhtai/Downloads/STM32-master/stm32f4xx_demo_RTOS_uart/STM32F4xx_StdPeriph_Driver/lib/stdperiph.a(stm32f4xx_usart.o)
                0x000000000800098c                USART_SendString
 .text.USART_ReceiveData
                0x00000000080009b8        0x8 /home/huynhtai/Downloads/STM32-master/stm32f4xx_demo_RTOS_uart/STM32F4xx_StdPeriph_Driver/lib/stdperiph.a(stm32f4xx_usart.o)
                0x00000000080009b8                USART_ReceiveData
 .text.USART_LINBreakDetectLengthConfig
                0x00000000080009c0       0x14 /home/huynhtai/Downloads/STM32-master/stm32f4xx_demo_RTOS_uart/STM32F4xx_StdPeriph_Driver/lib/stdperiph.a(stm32f4xx_usart.o)
                0x00000000080009c0                USART_LINBreakDetectLengthConfig
 .text.USART_LINCmd
                0x00000000080009d4       0x18 /home/huynhtai/Downloads/STM32-master/stm32f4xx_demo_RTOS_uart/STM32F4xx_StdPeriph_Driver/lib/stdperiph.a(stm32f4xx_usart.o)
                0x00000000080009d4                USART_LINCmd
 .text.USART_DMACmd
                0x00000000080009ec       0x14 /home/huynhtai/Downloads/STM32-master/stm32f4xx_demo_RTOS_uart/STM32F4xx_StdPeriph_Driver/lib/stdperiph.a(stm32f4xx_usart.o)
                0x00000000080009ec                USART_DMACmd
 .text.USART_ITConfig
                0x0000000008000a00       0x3c /home/huynhtai/Downloads/STM32-master/stm32f4xx_demo_RTOS_uart/STM32F4xx_StdPeriph_Driver/lib/stdperiph.a(stm32f4xx_usart.o)
                0x0000000008000a00                USART_ITConfig
 .text.USART_GetFlagStatus
                0x0000000008000a3c        0xc /home/huynhtai/Downloads/STM32-master/stm32f4xx_demo_RTOS_uart/STM32F4xx_StdPeriph_Driver/lib/stdperiph.a(stm32f4xx_usart.o)
                0x0000000008000a3c                USART_GetFlagStatus
 .text.EXTI_ClearITPendingBit
                0x0000000008000a48        0xc /home/huynhtai/Downloads/STM32-master/stm32f4xx_demo_RTOS_uart/STM32F4xx_StdPeriph_Driver/lib/stdperiph.a(stm32f4xx_exti.o)
                0x0000000008000a48                EXTI_ClearITPendingBit
 .text.RTC_ClearFlag
                0x0000000008000a54       0x1c /home/huynhtai/Downloads/STM32-master/stm32f4xx_demo_RTOS_uart/STM32F4xx_StdPeriph_Driver/lib/stdperiph.a(stm32f4xx_rtc.o)
                0x0000000008000a54                RTC_ClearFlag
 .text.RTC_GetITStatus
                0x0000000008000a70       0x2c /home/huynhtai/Downloads/STM32-master/stm32f4xx_demo_RTOS_uart/STM32F4xx_StdPeriph_Driver/lib/stdperiph.a(stm32f4xx_rtc.o)
                0x0000000008000a70                RTC_GetITStatus
 .text.RTC_ClearITPendingBit
                0x0000000008000a9c       0x1c /home/huynhtai/Downloads/STM32-master/stm32f4xx_demo_RTOS_uart/STM32F4xx_StdPeriph_Driver/lib/stdperiph.a(stm32f4xx_rtc.o)
                0x0000000008000a9c                RTC_ClearITPendingBit
 .text.RCC_GetClocksFreq
                0x0000000008000ab8       0x90 /home/huynhtai/Downloads/STM32-master/stm32f4xx_demo_RTOS_uart/STM32F4xx_StdPeriph_Driver/lib/stdperiph.a(stm32f4xx_rcc.o)
                0x0000000008000ab8                RCC_GetClocksFreq
 .text.RCC_AHB1PeriphClockCmd
                0x0000000008000b48       0x18 /home/huynhtai/Downloads/STM32-master/stm32f4xx_demo_RTOS_uart/STM32F4xx_StdPeriph_Driver/lib/stdperiph.a(stm32f4xx_rcc.o)
                0x0000000008000b48                RCC_AHB1PeriphClockCmd
 .text.RCC_APB1PeriphClockCmd
                0x0000000008000b60       0x18 /home/huynhtai/Downloads/STM32-master/stm32f4xx_demo_RTOS_uart/STM32F4xx_StdPeriph_Driver/lib/stdperiph.a(stm32f4xx_rcc.o)
                0x0000000008000b60                RCC_APB1PeriphClockCmd
 .text.RCC_APB2PeriphClockCmd
                0x0000000008000b78       0x18 /home/huynhtai/Downloads/STM32-master/stm32f4xx_demo_RTOS_uart/STM32F4xx_StdPeriph_Driver/lib/stdperiph.a(stm32f4xx_rcc.o)
                0x0000000008000b78                RCC_APB2PeriphClockCmd
 .text.RCC_APB1PeriphResetCmd
                0x0000000008000b90       0x18 /home/huynhtai/Downloads/STM32-master/stm32f4xx_demo_RTOS_uart/STM32F4xx_StdPeriph_Driver/lib/stdperiph.a(stm32f4xx_rcc.o)
                0x0000000008000b90                RCC_APB1PeriphResetCmd
 .text.RCC_APB2PeriphResetCmd
                0x0000000008000ba8       0x18 /home/huynhtai/Downloads/STM32-master/stm32f4xx_demo_RTOS_uart/STM32F4xx_StdPeriph_Driver/lib/stdperiph.a(stm32f4xx_rcc.o)
                0x0000000008000ba8                RCC_APB2PeriphResetCmd
 .text.prvIdleTask
                0x0000000008000bc0       0x70 /home/huynhtai/Downloads/STM32-master/stm32f4xx_demo_RTOS_uart/STM32F4xx_StdPeriph_Driver/lib/freertos.a(tasks.o)
 .text.prvAddCurrentTaskToDelayedList
                0x0000000008000c30       0x8c /home/huynhtai/Downloads/STM32-master/stm32f4xx_demo_RTOS_uart/STM32F4xx_StdPeriph_Driver/lib/freertos.a(tasks.o)
 .text.xTaskIncrementTick.part.5
                0x0000000008000cbc      0x138 /home/huynhtai/Downloads/STM32-master/stm32f4xx_demo_RTOS_uart/STM32F4xx_StdPeriph_Driver/lib/freertos.a(tasks.o)
 .text.xTaskResumeAll.part.6
                0x0000000008000df4      0x150 /home/huynhtai/Downloads/STM32-master/stm32f4xx_demo_RTOS_uart/STM32F4xx_StdPeriph_Driver/lib/freertos.a(tasks.o)
 .text.xTaskCreate
                0x0000000008000f44      0x224 /home/huynhtai/Downloads/STM32-master/stm32f4xx_demo_RTOS_uart/STM32F4xx_StdPeriph_Driver/lib/freertos.a(tasks.o)
                0x0000000008000f44                xTaskCreate
 .text.vTaskDelay
                0x0000000008001168       0x60 /home/huynhtai/Downloads/STM32-master/stm32f4xx_demo_RTOS_uart/STM32F4xx_StdPeriph_Driver/lib/freertos.a(tasks.o)
                0x0000000008001168                vTaskDelay
 .text.vTaskStartScheduler
                0x00000000080011c8      0x208 /home/huynhtai/Downloads/STM32-master/stm32f4xx_demo_RTOS_uart/STM32F4xx_StdPeriph_Driver/lib/freertos.a(tasks.o)
                0x00000000080011c8                vTaskStartScheduler
 .text.vTaskSuspendAll
                0x00000000080013d0       0x10 /home/huynhtai/Downloads/STM32-master/stm32f4xx_demo_RTOS_uart/STM32F4xx_StdPeriph_Driver/lib/freertos.a(tasks.o)
                0x00000000080013d0                vTaskSuspendAll
 .text.xTaskResumeAll
                0x00000000080013e0       0x20 /home/huynhtai/Downloads/STM32-master/stm32f4xx_demo_RTOS_uart/STM32F4xx_StdPeriph_Driver/lib/freertos.a(tasks.o)
                0x00000000080013e0                xTaskResumeAll
 .text.xTaskGetTickCount
                0x0000000008001400        0xc /home/huynhtai/Downloads/STM32-master/stm32f4xx_demo_RTOS_uart/STM32F4xx_StdPeriph_Driver/lib/freertos.a(tasks.o)
                0x0000000008001400                xTaskGetTickCount
 .text.xTaskIncrementTick
                0x000000000800140c       0x20 /home/huynhtai/Downloads/STM32-master/stm32f4xx_demo_RTOS_uart/STM32F4xx_StdPeriph_Driver/lib/freertos.a(tasks.o)
                0x000000000800140c                xTaskIncrementTick
 .text.vTaskSwitchContext
                0x000000000800142c       0x70 /home/huynhtai/Downloads/STM32-master/stm32f4xx_demo_RTOS_uart/STM32F4xx_StdPeriph_Driver/lib/freertos.a(tasks.o)
                0x000000000800142c                vTaskSwitchContext
 .text.vTaskPlaceOnEventList
                0x000000000800149c       0xa0 /home/huynhtai/Downloads/STM32-master/stm32f4xx_demo_RTOS_uart/STM32F4xx_StdPeriph_Driver/lib/freertos.a(tasks.o)
                0x000000000800149c                vTaskPlaceOnEventList
 .text.vTaskPlaceOnEventListRestricted
                0x000000000800153c       0x40 /home/huynhtai/Downloads/STM32-master/stm32f4xx_demo_RTOS_uart/STM32F4xx_StdPeriph_Driver/lib/freertos.a(tasks.o)
                0x000000000800153c                vTaskPlaceOnEventListRestricted
 .text.xTaskRemoveFromEventList
                0x000000000800157c       0x88 /home/huynhtai/Downloads/STM32-master/stm32f4xx_demo_RTOS_uart/STM32F4xx_StdPeriph_Driver/lib/freertos.a(tasks.o)
                0x000000000800157c                xTaskRemoveFromEventList
 .text.vTaskInternalSetTimeOutState
                0x0000000008001604       0x18 /home/huynhtai/Downloads/STM32-master/stm32f4xx_demo_RTOS_uart/STM32F4xx_StdPeriph_Driver/lib/freertos.a(tasks.o)
                0x0000000008001604                vTaskInternalSetTimeOutState
 .text.xTaskCheckForTimeOut
                0x000000000800161c       0x90 /home/huynhtai/Downloads/STM32-master/stm32f4xx_demo_RTOS_uart/STM32F4xx_StdPeriph_Driver/lib/freertos.a(tasks.o)
                0x000000000800161c                xTaskCheckForTimeOut
 .text.vTaskMissedYield
                0x00000000080016ac        0xc /home/huynhtai/Downloads/STM32-master/stm32f4xx_demo_RTOS_uart/STM32F4xx_StdPeriph_Driver/lib/freertos.a(tasks.o)
                0x00000000080016ac                vTaskMissedYield
 .text.xTaskGetSchedulerState
                0x00000000080016b8       0x20 /home/huynhtai/Downloads/STM32-master/stm32f4xx_demo_RTOS_uart/STM32F4xx_StdPeriph_Driver/lib/freertos.a(tasks.o)
                0x00000000080016b8                xTaskGetSchedulerState
 .text.xTaskPriorityDisinherit
                0x00000000080016d8       0xb4 /home/huynhtai/Downloads/STM32-master/stm32f4xx_demo_RTOS_uart/STM32F4xx_StdPeriph_Driver/lib/freertos.a(tasks.o)
                0x00000000080016d8                xTaskPriorityDisinherit
 .text.prvSwitchTimerLists
                0x000000000800178c       0x9c /home/huynhtai/Downloads/STM32-master/stm32f4xx_demo_RTOS_uart/STM32F4xx_StdPeriph_Driver/lib/freertos.a(timers.o)
 .text.prvTimerTask
                0x0000000008001828      0x294 /home/huynhtai/Downloads/STM32-master/stm32f4xx_demo_RTOS_uart/STM32F4xx_StdPeriph_Driver/lib/freertos.a(timers.o)
 .text.xTimerCreateTimerTask
                0x0000000008001abc       0x98 /home/huynhtai/Downloads/STM32-master/stm32f4xx_demo_RTOS_uart/STM32F4xx_StdPeriph_Driver/lib/freertos.a(timers.o)
                0x0000000008001abc                xTimerCreateTimerTask
 .text.prvPortStartFirstTask
                0x0000000008001b54       0x28 /home/huynhtai/Downloads/STM32-master/stm32f4xx_demo_RTOS_uart/STM32F4xx_StdPeriph_Driver/lib/freertos.a(port.o)
 .text.vPortEnableVFP
                0x0000000008001b7c       0x14 /home/huynhtai/Downloads/STM32-master/stm32f4xx_demo_RTOS_uart/STM32F4xx_StdPeriph_Driver/lib/freertos.a(port.o)
 .text.prvTaskExitError
                0x0000000008001b90       0x40 /home/huynhtai/Downloads/STM32-master/stm32f4xx_demo_RTOS_uart/STM32F4xx_StdPeriph_Driver/lib/freertos.a(port.o)
 .text.pxPortInitialiseStack
                0x0000000008001bd0       0x2c /home/huynhtai/Downloads/STM32-master/stm32f4xx_demo_RTOS_uart/STM32F4xx_StdPeriph_Driver/lib/freertos.a(port.o)
                0x0000000008001bd0                pxPortInitialiseStack
 *fill*         0x0000000008001bfc        0x4 
 .text.SVC_Handler
                0x0000000008001c00       0x24 /home/huynhtai/Downloads/STM32-master/stm32f4xx_demo_RTOS_uart/STM32F4xx_StdPeriph_Driver/lib/freertos.a(port.o)
                0x0000000008001c00                SVC_Handler
 .text.vPortEnterCritical
                0x0000000008001c24       0x44 /home/huynhtai/Downloads/STM32-master/stm32f4xx_demo_RTOS_uart/STM32F4xx_StdPeriph_Driver/lib/freertos.a(port.o)
                0x0000000008001c24                vPortEnterCritical
 .text.vPortExitCritical
                0x0000000008001c68       0x28 /home/huynhtai/Downloads/STM32-master/stm32f4xx_demo_RTOS_uart/STM32F4xx_StdPeriph_Driver/lib/freertos.a(port.o)
                0x0000000008001c68                vPortExitCritical
 .text.PendSV_Handler
                0x0000000008001c90       0x64 /home/huynhtai/Downloads/STM32-master/stm32f4xx_demo_RTOS_uart/STM32F4xx_StdPeriph_Driver/lib/freertos.a(port.o)
                0x0000000008001c90                PendSV_Handler
 .text.SysTick_Handler
                0x0000000008001cf4       0x2c /home/huynhtai/Downloads/STM32-master/stm32f4xx_demo_RTOS_uart/STM32F4xx_StdPeriph_Driver/lib/freertos.a(port.o)
                0x0000000008001cf4                SysTick_Handler
 .text.vPortSetupTimerInterrupt
                0x0000000008001d20       0x3c /home/huynhtai/Downloads/STM32-master/stm32f4xx_demo_RTOS_uart/STM32F4xx_StdPeriph_Driver/lib/freertos.a(port.o)
                0x0000000008001d20                vPortSetupTimerInterrupt
 .text.xPortStartScheduler
                0x0000000008001d5c      0x13c /home/huynhtai/Downloads/STM32-master/stm32f4xx_demo_RTOS_uart/STM32F4xx_StdPeriph_Driver/lib/freertos.a(port.o)
                0x0000000008001d5c                xPortStartScheduler
 .text.pvPortMalloc
                0x0000000008001e98      0x178 /home/huynhtai/Downloads/STM32-master/stm32f4xx_demo_RTOS_uart/STM32F4xx_StdPeriph_Driver/lib/freertos.a(heap_4.o)
                0x0000000008001e98                pvPortMalloc
 .text.vPortFree
                0x0000000008002010       0xc0 /home/huynhtai/Downloads/STM32-master/stm32f4xx_demo_RTOS_uart/STM32F4xx_StdPeriph_Driver/lib/freertos.a(heap_4.o)
                0x0000000008002010                vPortFree
 .text.xPortGetFreeHeapSize
                0x00000000080020d0        0xc /home/huynhtai/Downloads/STM32-master/stm32f4xx_demo_RTOS_uart/STM32F4xx_StdPeriph_Driver/lib/freertos.a(heap_4.o)
                0x00000000080020d0                xPortGetFreeHeapSize
 .text.prvCopyDataToQueue
                0x00000000080020dc       0x78 /home/huynhtai/Downloads/STM32-master/stm32f4xx_demo_RTOS_uart/STM32F4xx_StdPeriph_Driver/lib/freertos.a(queue.o)
 .text.xQueueGenericCreate
                0x0000000008002154       0x80 /home/huynhtai/Downloads/STM32-master/stm32f4xx_demo_RTOS_uart/STM32F4xx_StdPeriph_Driver/lib/freertos.a(queue.o)
                0x0000000008002154                xQueueGenericCreate
 .text.xQueueGenericSend
                0x00000000080021d4      0x314 /home/huynhtai/Downloads/STM32-master/stm32f4xx_demo_RTOS_uart/STM32F4xx_StdPeriph_Driver/lib/freertos.a(queue.o)
                0x00000000080021d4                xQueueGenericSend
 .text.xQueueReceive
                0x00000000080024e8      0x314 /home/huynhtai/Downloads/STM32-master/stm32f4xx_demo_RTOS_uart/STM32F4xx_StdPeriph_Driver/lib/freertos.a(queue.o)
                0x00000000080024e8                xQueueReceive
 .text.vQueueAddToRegistry
                0x00000000080027fc       0x54 /home/huynhtai/Downloads/STM32-master/stm32f4xx_demo_RTOS_uart/STM32F4xx_StdPeriph_Driver/lib/freertos.a(queue.o)
                0x00000000080027fc                vQueueAddToRegistry
 .text.vQueueWaitForMessageRestricted
                0x0000000008002850       0xd0 /home/huynhtai/Downloads/STM32-master/stm32f4xx_demo_RTOS_uart/STM32F4xx_StdPeriph_Driver/lib/freertos.a(queue.o)
                0x0000000008002850                vQueueWaitForMessageRestricted
 .text.vListInitialise
                0x0000000008002920       0x18 /home/huynhtai/Downloads/STM32-master/stm32f4xx_demo_RTOS_uart/STM32F4xx_StdPeriph_Driver/lib/freertos.a(list.o)
                0x0000000008002920                vListInitialise
 .text.vListInitialiseItem
                0x0000000008002938        0x8 /home/huynhtai/Downloads/STM32-master/stm32f4xx_demo_RTOS_uart/STM32F4xx_StdPeriph_Driver/lib/freertos.a(list.o)
                0x0000000008002938                vListInitialiseItem
 .text.vListInsertEnd
                0x0000000008002940       0x18 /home/huynhtai/Downloads/STM32-master/stm32f4xx_demo_RTOS_uart/STM32F4xx_StdPeriph_Driver/lib/freertos.a(list.o)
                0x0000000008002940                vListInsertEnd
 .text.vListInsert
                0x0000000008002958       0x34 /home/huynhtai/Downloads/STM32-master/stm32f4xx_demo_RTOS_uart/STM32F4xx_StdPeriph_Driver/lib/freertos.a(list.o)
                0x0000000008002958                vListInsert
 .text.uxListRemove
                0x000000000800298c       0x24 /home/huynhtai/Downloads/STM32-master/stm32f4xx_demo_RTOS_uart/STM32F4xx_StdPeriph_Driver/lib/freertos.a(list.o)
                0x000000000800298c                uxListRemove
 .text.memcpy   0x00000000080029b0       0x1c /home/huynhtai/Downloads/TOOLCHAIN/gcc-arm-none-eabi-8-2019-q3-update-linux/gcc-arm-none-eabi-8-2019-q3-update/bin/../lib/gcc/arm-none-eabi/8.3.1/../../../../arm-none-eabi/lib/thumb/v7e-m+fp/hard/libc_nano.a(lib_a-memcpy-stub.o)
                0x00000000080029b0                memcpy
 .text.memset   0x00000000080029cc       0x10 /home/huynhtai/Downloads/TOOLCHAIN/gcc-arm-none-eabi-8-2019-q3-update-linux/gcc-arm-none-eabi-8-2019-q3-update/bin/../lib/gcc/arm-none-eabi/8.3.1/../../../../arm-none-eabi/lib/thumb/v7e-m+fp/hard/libc_nano.a(lib_a-memset.o)
                0x00000000080029cc                memset
 *(.rodata)
 *(.rodata*)
 .rodata.main.str1.4
                0x00000000080029dc       0x1e main.o
 *fill*         0x00000000080029fa        0x2 
 .rodata.my_printf.constprop.0.str1.4
                0x00000000080029fc        0x5 main.o
 *fill*         0x0000000008002a01        0x3 
 .rodata.xTimerCreateTimerTask.str1.4
                0x0000000008002a04       0x10 /home/huynhtai/Downloads/STM32-master/stm32f4xx_demo_RTOS_uart/STM32F4xx_StdPeriph_Driver/lib/freertos.a(timers.o)
 *(.glue_7)
 .glue_7        0x0000000008002a14        0x0 linker stubs
 *(.glue_7t)
 .glue_7t       0x0000000008002a14        0x0 linker stubs
 *(.eh_frame)
 *(.init)
 *(.fini)
                0x0000000008002a14                . = ALIGN (0x4)
                0x0000000008002a14                _etext = .
                0x0000000008002a14                _exit = .

.vfp11_veneer   0x0000000008002a14        0x0
 .vfp11_veneer  0x0000000008002a14        0x0 linker stubs

.v4_bx          0x0000000008002a14        0x0
 .v4_bx         0x0000000008002a14        0x0 linker stubs

.iplt           0x0000000008002a14        0x0
 .iplt          0x0000000008002a14        0x0 startup_stm32f4xx.o

.rel.dyn        0x0000000008002a14        0x0
 .rel.iplt      0x0000000008002a14        0x0 startup_stm32f4xx.o

.ARM.extab
 *(.ARM.extab* .gnu.linkonce.armextab.*)

.ARM            0x0000000008002a14        0x0
                0x0000000008002a14                __exidx_start = .
 *(.ARM.exidx*)
                0x0000000008002a14                __exidx_end = .

.preinit_array  0x0000000008002a14        0x0
                [!provide]                        PROVIDE (__preinit_array_start = .)
 *(.preinit_array*)
                [!provide]                        PROVIDE (__preinit_array_end = .)

.init_array     0x0000000008002a14        0x0
                [!provide]                        PROVIDE (__init_array_start = .)
 *(SORT_BY_NAME(.init_array.*))
 *(.init_array*)
                [!provide]                        PROVIDE (__init_array_end = .)

.fini_array     0x0000000008002a14        0x0
                [!provide]                        PROVIDE (__fini_array_start = .)
 *(.fini_array*)
 *(SORT_BY_NAME(.fini_array.*))
                [!provide]                        PROVIDE (__fini_array_end = .)
                0x0000000008002a14                __sidata = .

.data           0x0000000020000000       0x18 load address 0x0000000008002a14
                0x0000000020000000                . = ALIGN (0x4)
                0x0000000020000000                _sdata = .
                0x0000000020000000                __data_start__ = _sdata
 *(.data)
 *(.data*)
 .data.SystemCoreClock
                0x0000000020000000        0x4 system_stm32f4xx.o
                0x0000000020000000                SystemCoreClock
 .data.APBAHBPrescTable
                0x0000000020000004       0x10 /home/huynhtai/Downloads/STM32-master/stm32f4xx_demo_RTOS_uart/STM32F4xx_StdPeriph_Driver/lib/stdperiph.a(stm32f4xx_rcc.o)
 .data.uxCriticalNesting
                0x0000000020000014        0x4 /home/huynhtai/Downloads/STM32-master/stm32f4xx_demo_RTOS_uart/STM32F4xx_StdPeriph_Driver/lib/freertos.a(port.o)
                0x0000000020000018                . = ALIGN (0x4)
                0x0000000020000018                _edata = .
                0x0000000020000018                __data_end__ = _edata

.igot.plt       0x0000000020000018        0x0 load address 0x0000000008002a2c
 .igot.plt      0x0000000020000018        0x0 startup_stm32f4xx.o
                0x0000000020000018                . = ALIGN (0x4)

.bss            0x0000000020000018    0x12dac load address 0x0000000008002a2c
                0x0000000020000018                _sbss = .
                0x0000000020000018                __bss_start__ = _sbss
 *(.bss)
 *(.bss*)
 .bss.pxCurrentTCB
                0x0000000020000018        0x4 /home/huynhtai/Downloads/STM32-master/stm32f4xx_demo_RTOS_uart/STM32F4xx_StdPeriph_Driver/lib/freertos.a(tasks.o)
                0x0000000020000018                pxCurrentTCB
 .bss.pxDelayedTaskList
                0x000000002000001c        0x4 /home/huynhtai/Downloads/STM32-master/stm32f4xx_demo_RTOS_uart/STM32F4xx_StdPeriph_Driver/lib/freertos.a(tasks.o)
 .bss.pxOverflowDelayedTaskList
                0x0000000020000020        0x4 /home/huynhtai/Downloads/STM32-master/stm32f4xx_demo_RTOS_uart/STM32F4xx_StdPeriph_Driver/lib/freertos.a(tasks.o)
 .bss.pxReadyTasksLists
                0x0000000020000024       0x64 /home/huynhtai/Downloads/STM32-master/stm32f4xx_demo_RTOS_uart/STM32F4xx_StdPeriph_Driver/lib/freertos.a(tasks.o)
 .bss.uxCurrentNumberOfTasks
                0x0000000020000088        0x4 /home/huynhtai/Downloads/STM32-master/stm32f4xx_demo_RTOS_uart/STM32F4xx_StdPeriph_Driver/lib/freertos.a(tasks.o)
 .bss.uxDeletedTasksWaitingCleanUp
                0x000000002000008c        0x4 /home/huynhtai/Downloads/STM32-master/stm32f4xx_demo_RTOS_uart/STM32F4xx_StdPeriph_Driver/lib/freertos.a(tasks.o)
 .bss.uxSchedulerSuspended
                0x0000000020000090        0x4 /home/huynhtai/Downloads/STM32-master/stm32f4xx_demo_RTOS_uart/STM32F4xx_StdPeriph_Driver/lib/freertos.a(tasks.o)
 .bss.uxTaskNumber
                0x0000000020000094        0x4 /home/huynhtai/Downloads/STM32-master/stm32f4xx_demo_RTOS_uart/STM32F4xx_StdPeriph_Driver/lib/freertos.a(tasks.o)
 .bss.uxTopReadyPriority
                0x0000000020000098        0x4 /home/huynhtai/Downloads/STM32-master/stm32f4xx_demo_RTOS_uart/STM32F4xx_StdPeriph_Driver/lib/freertos.a(tasks.o)
 .bss.xDelayedTaskList1
                0x000000002000009c       0x14 /home/huynhtai/Downloads/STM32-master/stm32f4xx_demo_RTOS_uart/STM32F4xx_StdPeriph_Driver/lib/freertos.a(tasks.o)
 .bss.xDelayedTaskList2
                0x00000000200000b0       0x14 /home/huynhtai/Downloads/STM32-master/stm32f4xx_demo_RTOS_uart/STM32F4xx_StdPeriph_Driver/lib/freertos.a(tasks.o)
 .bss.xIdleTaskHandle
                0x00000000200000c4        0x4 /home/huynhtai/Downloads/STM32-master/stm32f4xx_demo_RTOS_uart/STM32F4xx_StdPeriph_Driver/lib/freertos.a(tasks.o)
 .bss.xNextTaskUnblockTime
                0x00000000200000c8        0x4 /home/huynhtai/Downloads/STM32-master/stm32f4xx_demo_RTOS_uart/STM32F4xx_StdPeriph_Driver/lib/freertos.a(tasks.o)
 .bss.xNumOfOverflows
                0x00000000200000cc        0x4 /home/huynhtai/Downloads/STM32-master/stm32f4xx_demo_RTOS_uart/STM32F4xx_StdPeriph_Driver/lib/freertos.a(tasks.o)
 .bss.xPendedTicks
                0x00000000200000d0        0x4 /home/huynhtai/Downloads/STM32-master/stm32f4xx_demo_RTOS_uart/STM32F4xx_StdPeriph_Driver/lib/freertos.a(tasks.o)
 .bss.xPendingReadyList
                0x00000000200000d4       0x14 /home/huynhtai/Downloads/STM32-master/stm32f4xx_demo_RTOS_uart/STM32F4xx_StdPeriph_Driver/lib/freertos.a(tasks.o)
 .bss.xSchedulerRunning
                0x00000000200000e8        0x4 /home/huynhtai/Downloads/STM32-master/stm32f4xx_demo_RTOS_uart/STM32F4xx_StdPeriph_Driver/lib/freertos.a(tasks.o)
 .bss.xSuspendedTaskList
                0x00000000200000ec       0x14 /home/huynhtai/Downloads/STM32-master/stm32f4xx_demo_RTOS_uart/STM32F4xx_StdPeriph_Driver/lib/freertos.a(tasks.o)
 .bss.xTasksWaitingTermination
                0x0000000020000100       0x14 /home/huynhtai/Downloads/STM32-master/stm32f4xx_demo_RTOS_uart/STM32F4xx_StdPeriph_Driver/lib/freertos.a(tasks.o)
 .bss.xTickCount
                0x0000000020000114        0x4 /home/huynhtai/Downloads/STM32-master/stm32f4xx_demo_RTOS_uart/STM32F4xx_StdPeriph_Driver/lib/freertos.a(tasks.o)
 .bss.xYieldPending
                0x0000000020000118        0x4 /home/huynhtai/Downloads/STM32-master/stm32f4xx_demo_RTOS_uart/STM32F4xx_StdPeriph_Driver/lib/freertos.a(tasks.o)
 .bss.pxCurrentTimerList
                0x000000002000011c        0x4 /home/huynhtai/Downloads/STM32-master/stm32f4xx_demo_RTOS_uart/STM32F4xx_StdPeriph_Driver/lib/freertos.a(timers.o)
 .bss.pxOverflowTimerList
                0x0000000020000120        0x4 /home/huynhtai/Downloads/STM32-master/stm32f4xx_demo_RTOS_uart/STM32F4xx_StdPeriph_Driver/lib/freertos.a(timers.o)
 .bss.xActiveTimerList1
                0x0000000020000124       0x14 /home/huynhtai/Downloads/STM32-master/stm32f4xx_demo_RTOS_uart/STM32F4xx_StdPeriph_Driver/lib/freertos.a(timers.o)
 .bss.xActiveTimerList2
                0x0000000020000138       0x14 /home/huynhtai/Downloads/STM32-master/stm32f4xx_demo_RTOS_uart/STM32F4xx_StdPeriph_Driver/lib/freertos.a(timers.o)
 .bss.xLastTime.6851
                0x000000002000014c        0x4 /home/huynhtai/Downloads/STM32-master/stm32f4xx_demo_RTOS_uart/STM32F4xx_StdPeriph_Driver/lib/freertos.a(timers.o)
 .bss.xTimerQueue
                0x0000000020000150        0x4 /home/huynhtai/Downloads/STM32-master/stm32f4xx_demo_RTOS_uart/STM32F4xx_StdPeriph_Driver/lib/freertos.a(timers.o)
 .bss.xTimerTaskHandle
                0x0000000020000154        0x4 /home/huynhtai/Downloads/STM32-master/stm32f4xx_demo_RTOS_uart/STM32F4xx_StdPeriph_Driver/lib/freertos.a(timers.o)
 .bss.ucMaxSysCallPriority
                0x0000000020000158        0x1 /home/huynhtai/Downloads/STM32-master/stm32f4xx_demo_RTOS_uart/STM32F4xx_StdPeriph_Driver/lib/freertos.a(port.o)
 *fill*         0x0000000020000159        0x3 
 .bss.ulMaxPRIGROUPValue
                0x000000002000015c        0x4 /home/huynhtai/Downloads/STM32-master/stm32f4xx_demo_RTOS_uart/STM32F4xx_StdPeriph_Driver/lib/freertos.a(port.o)
 .bss.pxEnd     0x0000000020000160        0x4 /home/huynhtai/Downloads/STM32-master/stm32f4xx_demo_RTOS_uart/STM32F4xx_StdPeriph_Driver/lib/freertos.a(heap_4.o)
 .bss.ucHeap    0x0000000020000164    0x12c00 /home/huynhtai/Downloads/STM32-master/stm32f4xx_demo_RTOS_uart/STM32F4xx_StdPeriph_Driver/lib/freertos.a(heap_4.o)
 .bss.xBlockAllocatedBit
                0x0000000020012d64        0x4 /home/huynhtai/Downloads/STM32-master/stm32f4xx_demo_RTOS_uart/STM32F4xx_StdPeriph_Driver/lib/freertos.a(heap_4.o)
 .bss.xFreeBytesRemaining
                0x0000000020012d68        0x4 /home/huynhtai/Downloads/STM32-master/stm32f4xx_demo_RTOS_uart/STM32F4xx_StdPeriph_Driver/lib/freertos.a(heap_4.o)
 .bss.xMinimumEverFreeBytesRemaining
                0x0000000020012d6c        0x4 /home/huynhtai/Downloads/STM32-master/stm32f4xx_demo_RTOS_uart/STM32F4xx_StdPeriph_Driver/lib/freertos.a(heap_4.o)
 .bss.xNumberOfSuccessfulAllocations
                0x0000000020012d70        0x4 /home/huynhtai/Downloads/STM32-master/stm32f4xx_demo_RTOS_uart/STM32F4xx_StdPeriph_Driver/lib/freertos.a(heap_4.o)
 .bss.xNumberOfSuccessfulFrees
                0x0000000020012d74        0x4 /home/huynhtai/Downloads/STM32-master/stm32f4xx_demo_RTOS_uart/STM32F4xx_StdPeriph_Driver/lib/freertos.a(heap_4.o)
 .bss.xStart    0x0000000020012d78        0x8 /home/huynhtai/Downloads/STM32-master/stm32f4xx_demo_RTOS_uart/STM32F4xx_StdPeriph_Driver/lib/freertos.a(heap_4.o)
 *(COMMON)
 COMMON         0x0000000020012d80        0x4 main.o
                0x0000000020012d80                data
 COMMON         0x0000000020012d84       0x40 /home/huynhtai/Downloads/STM32-master/stm32f4xx_demo_RTOS_uart/STM32F4xx_StdPeriph_Driver/lib/freertos.a(queue.o)
                0x0000000020012d84                xQueueRegistry
                0x0000000020012dc4                . = ALIGN (0x4)
                0x0000000020012dc4                _ebss = .
                0x0000000020012dc4                __bss_end__ = _ebss

._user_heap_stack
                0x0000000020012dc4     0x6000 load address 0x00000000080157d8
                0x0000000020012dc4                . = ALIGN (0x4)
                [!provide]                        PROVIDE (end = .)
                [!provide]                        PROVIDE (_end = .)
                0x0000000020014dc4                . = (. + _Min_Heap_Size)
 *fill*         0x0000000020012dc4     0x2000 
                0x0000000020018dc4                . = (. + _Min_Stack_Size)
 *fill*         0x0000000020014dc4     0x4000 
                0x0000000020018dc4                . = ALIGN (0x4)
OUTPUT(/home/huynhtai/Downloads/STM32-master/stm32f4xx_demo_RTOS_uart/build/blinky.elf elf32-littlearm)

.debug_info     0x0000000000000000    0x13207
 .debug_info    0x0000000000000000      0x166 startup_stm32f4xx.o
 .debug_info    0x0000000000000166     0x16f4 main.o
 .debug_info    0x000000000000185a      0x4b7 stm32f4xx_it.o
 .debug_info    0x0000000000001d11      0x689 system_stm32f4xx.o
 .debug_info    0x000000000000239a      0x8eb /home/huynhtai/Downloads/STM32-master/stm32f4xx_demo_RTOS_uart/STM32F4xx_StdPeriph_Driver/lib/stdperiph.a(stm32f4xx_gpio.o)
 .debug_info    0x0000000000002c85      0xdb9 /home/huynhtai/Downloads/STM32-master/stm32f4xx_demo_RTOS_uart/STM32F4xx_StdPeriph_Driver/lib/stdperiph.a(stm32f4xx_usart.o)
 .debug_info    0x0000000000003a3e      0x39c /home/huynhtai/Downloads/STM32-master/stm32f4xx_demo_RTOS_uart/STM32F4xx_StdPeriph_Driver/lib/stdperiph.a(stm32f4xx_exti.o)
 .debug_info    0x0000000000003dda     0x1dbf /home/huynhtai/Downloads/STM32-master/stm32f4xx_demo_RTOS_uart/STM32F4xx_StdPeriph_Driver/lib/stdperiph.a(stm32f4xx_rtc.o)
 .debug_info    0x0000000000005b99     0x105e /home/huynhtai/Downloads/STM32-master/stm32f4xx_demo_RTOS_uart/STM32F4xx_StdPeriph_Driver/lib/stdperiph.a(stm32f4xx_rcc.o)
 .debug_info    0x0000000000006bf7     0x469f /home/huynhtai/Downloads/STM32-master/stm32f4xx_demo_RTOS_uart/STM32F4xx_StdPeriph_Driver/lib/freertos.a(tasks.o)
 .debug_info    0x000000000000b296     0x21b8 /home/huynhtai/Downloads/STM32-master/stm32f4xx_demo_RTOS_uart/STM32F4xx_StdPeriph_Driver/lib/freertos.a(timers.o)
 .debug_info    0x000000000000d44e      0x6c0 /home/huynhtai/Downloads/STM32-master/stm32f4xx_demo_RTOS_uart/STM32F4xx_StdPeriph_Driver/lib/freertos.a(port.o)
 .debug_info    0x000000000000db0e      0xf1b /home/huynhtai/Downloads/STM32-master/stm32f4xx_demo_RTOS_uart/STM32F4xx_StdPeriph_Driver/lib/freertos.a(heap_4.o)
 .debug_info    0x000000000000ea29     0x3c50 /home/huynhtai/Downloads/STM32-master/stm32f4xx_demo_RTOS_uart/STM32F4xx_StdPeriph_Driver/lib/freertos.a(queue.o)
 .debug_info    0x0000000000012679      0xb8e /home/huynhtai/Downloads/STM32-master/stm32f4xx_demo_RTOS_uart/STM32F4xx_StdPeriph_Driver/lib/freertos.a(list.o)

.debug_abbrev   0x0000000000000000     0x2d59
 .debug_abbrev  0x0000000000000000       0xfe startup_stm32f4xx.o
 .debug_abbrev  0x00000000000000fe      0x423 main.o
 .debug_abbrev  0x0000000000000521      0x1bd stm32f4xx_it.o
 .debug_abbrev  0x00000000000006de      0x1ad system_stm32f4xx.o
 .debug_abbrev  0x000000000000088b      0x24a /home/huynhtai/Downloads/STM32-master/stm32f4xx_demo_RTOS_uart/STM32F4xx_StdPeriph_Driver/lib/stdperiph.a(stm32f4xx_gpio.o)
 .debug_abbrev  0x0000000000000ad5      0x2ab /home/huynhtai/Downloads/STM32-master/stm32f4xx_demo_RTOS_uart/STM32F4xx_StdPeriph_Driver/lib/stdperiph.a(stm32f4xx_usart.o)
 .debug_abbrev  0x0000000000000d80      0x24c /home/huynhtai/Downloads/STM32-master/stm32f4xx_demo_RTOS_uart/STM32F4xx_StdPeriph_Driver/lib/stdperiph.a(stm32f4xx_exti.o)
 .debug_abbrev  0x0000000000000fcc      0x2fc /home/huynhtai/Downloads/STM32-master/stm32f4xx_demo_RTOS_uart/STM32F4xx_StdPeriph_Driver/lib/stdperiph.a(stm32f4xx_rtc.o)
 .debug_abbrev  0x00000000000012c8      0x2c2 /home/huynhtai/Downloads/STM32-master/stm32f4xx_demo_RTOS_uart/STM32F4xx_StdPeriph_Driver/lib/stdperiph.a(stm32f4xx_rcc.o)
 .debug_abbrev  0x000000000000158a      0x597 /home/huynhtai/Downloads/STM32-master/stm32f4xx_demo_RTOS_uart/STM32F4xx_StdPeriph_Driver/lib/freertos.a(tasks.o)
 .debug_abbrev  0x0000000000001b21      0x461 /home/huynhtai/Downloads/STM32-master/stm32f4xx_demo_RTOS_uart/STM32F4xx_StdPeriph_Driver/lib/freertos.a(timers.o)
 .debug_abbrev  0x0000000000001f82      0x295 /home/huynhtai/Downloads/STM32-master/stm32f4xx_demo_RTOS_uart/STM32F4xx_StdPeriph_Driver/lib/freertos.a(port.o)
 .debug_abbrev  0x0000000000002217      0x3f7 /home/huynhtai/Downloads/STM32-master/stm32f4xx_demo_RTOS_uart/STM32F4xx_StdPeriph_Driver/lib/freertos.a(heap_4.o)
 .debug_abbrev  0x000000000000260e      0x4ff /home/huynhtai/Downloads/STM32-master/stm32f4xx_demo_RTOS_uart/STM32F4xx_StdPeriph_Driver/lib/freertos.a(queue.o)
 .debug_abbrev  0x0000000000002b0d      0x24c /home/huynhtai/Downloads/STM32-master/stm32f4xx_demo_RTOS_uart/STM32F4xx_StdPeriph_Driver/lib/freertos.a(list.o)

.debug_aranges  0x0000000000000000      0xac8
 .debug_aranges
                0x0000000000000000       0x28 startup_stm32f4xx.o
 .debug_aranges
                0x0000000000000028       0x60 main.o
 .debug_aranges
                0x0000000000000088       0x58 stm32f4xx_it.o
 .debug_aranges
                0x00000000000000e0       0x28 system_stm32f4xx.o
 .debug_aranges
                0x0000000000000108       0x88 /home/huynhtai/Downloads/STM32-master/stm32f4xx_demo_RTOS_uart/STM32F4xx_StdPeriph_Driver/lib/stdperiph.a(stm32f4xx_gpio.o)
 .debug_aranges
                0x0000000000000190      0x108 /home/huynhtai/Downloads/STM32-master/stm32f4xx_demo_RTOS_uart/STM32F4xx_StdPeriph_Driver/lib/stdperiph.a(stm32f4xx_usart.o)
 .debug_aranges
                0x0000000000000298       0x48 /home/huynhtai/Downloads/STM32-master/stm32f4xx_demo_RTOS_uart/STM32F4xx_StdPeriph_Driver/lib/stdperiph.a(stm32f4xx_exti.o)
 .debug_aranges
                0x00000000000002e0      0x1d0 /home/huynhtai/Downloads/STM32-master/stm32f4xx_demo_RTOS_uart/STM32F4xx_StdPeriph_Driver/lib/stdperiph.a(stm32f4xx_rtc.o)
 .debug_aranges
                0x00000000000004b0      0x1b8 /home/huynhtai/Downloads/STM32-master/stm32f4xx_demo_RTOS_uart/STM32F4xx_StdPeriph_Driver/lib/stdperiph.a(stm32f4xx_rcc.o)
 .debug_aranges
                0x0000000000000668      0x1c8 /home/huynhtai/Downloads/STM32-master/stm32f4xx_demo_RTOS_uart/STM32F4xx_StdPeriph_Driver/lib/freertos.a(tasks.o)
 .debug_aranges
                0x0000000000000830       0x98 /home/huynhtai/Downloads/STM32-master/stm32f4xx_demo_RTOS_uart/STM32F4xx_StdPeriph_Driver/lib/freertos.a(timers.o)
 .debug_aranges
                0x00000000000008c8       0x80 /home/huynhtai/Downloads/STM32-master/stm32f4xx_demo_RTOS_uart/STM32F4xx_StdPeriph_Driver/lib/freertos.a(port.o)
 .debug_aranges
                0x0000000000000948       0x48 /home/huynhtai/Downloads/STM32-master/stm32f4xx_demo_RTOS_uart/STM32F4xx_StdPeriph_Driver/lib/freertos.a(heap_4.o)
 .debug_aranges
                0x0000000000000990       0xf8 /home/huynhtai/Downloads/STM32-master/stm32f4xx_demo_RTOS_uart/STM32F4xx_StdPeriph_Driver/lib/freertos.a(queue.o)
 .debug_aranges
                0x0000000000000a88       0x40 /home/huynhtai/Downloads/STM32-master/stm32f4xx_demo_RTOS_uart/STM32F4xx_StdPeriph_Driver/lib/freertos.a(list.o)

.debug_ranges   0x0000000000000000     0x1be8
 .debug_ranges  0x0000000000000000       0x18 startup_stm32f4xx.o
 .debug_ranges  0x0000000000000018      0x118 main.o
 .debug_ranges  0x0000000000000130       0x60 stm32f4xx_it.o
 .debug_ranges  0x0000000000000190       0x30 system_stm32f4xx.o
 .debug_ranges  0x00000000000001c0       0x78 /home/huynhtai/Downloads/STM32-master/stm32f4xx_demo_RTOS_uart/STM32F4xx_StdPeriph_Driver/lib/stdperiph.a(stm32f4xx_gpio.o)
 .debug_ranges  0x0000000000000238      0x130 /home/huynhtai/Downloads/STM32-master/stm32f4xx_demo_RTOS_uart/STM32F4xx_StdPeriph_Driver/lib/stdperiph.a(stm32f4xx_usart.o)
 .debug_ranges  0x0000000000000368       0x38 /home/huynhtai/Downloads/STM32-master/stm32f4xx_demo_RTOS_uart/STM32F4xx_StdPeriph_Driver/lib/stdperiph.a(stm32f4xx_exti.o)
 .debug_ranges  0x00000000000003a0      0x828 /home/huynhtai/Downloads/STM32-master/stm32f4xx_demo_RTOS_uart/STM32F4xx_StdPeriph_Driver/lib/stdperiph.a(stm32f4xx_rtc.o)
 .debug_ranges  0x0000000000000bc8      0x1d0 /home/huynhtai/Downloads/STM32-master/stm32f4xx_demo_RTOS_uart/STM32F4xx_StdPeriph_Driver/lib/stdperiph.a(stm32f4xx_rcc.o)
 .debug_ranges  0x0000000000000d98      0x650 /home/huynhtai/Downloads/STM32-master/stm32f4xx_demo_RTOS_uart/STM32F4xx_StdPeriph_Driver/lib/freertos.a(tasks.o)
 .debug_ranges  0x00000000000013e8      0x278 /home/huynhtai/Downloads/STM32-master/stm32f4xx_demo_RTOS_uart/STM32F4xx_StdPeriph_Driver/lib/freertos.a(timers.o)
 .debug_ranges  0x0000000000001660       0xb8 /home/huynhtai/Downloads/STM32-master/stm32f4xx_demo_RTOS_uart/STM32F4xx_StdPeriph_Driver/lib/freertos.a(port.o)
 .debug_ranges  0x0000000000001718       0x78 /home/huynhtai/Downloads/STM32-master/stm32f4xx_demo_RTOS_uart/STM32F4xx_StdPeriph_Driver/lib/freertos.a(heap_4.o)
 .debug_ranges  0x0000000000001790      0x428 /home/huynhtai/Downloads/STM32-master/stm32f4xx_demo_RTOS_uart/STM32F4xx_StdPeriph_Driver/lib/freertos.a(queue.o)
 .debug_ranges  0x0000000000001bb8       0x30 /home/huynhtai/Downloads/STM32-master/stm32f4xx_demo_RTOS_uart/STM32F4xx_StdPeriph_Driver/lib/freertos.a(list.o)

.debug_macro    0x0000000000000000     0x4af5
 .debug_macro   0x0000000000000000       0x11 startup_stm32f4xx.o
 .debug_macro   0x0000000000000011      0x3d9 main.o
 .debug_macro   0x00000000000003ea       0x58 main.o
 .debug_macro   0x0000000000000442       0x18 main.o
 .debug_macro   0x000000000000045a       0x94 main.o
 .debug_macro   0x00000000000004ee       0x35 main.o
 .debug_macro   0x0000000000000523       0x34 main.o
 .debug_macro   0x0000000000000557       0x16 main.o
 .debug_macro   0x000000000000056d       0x57 main.o
 .debug_macro   0x00000000000005c4       0x97 main.o
 .debug_macro   0x000000000000065b      0x35c main.o
 .debug_macro   0x00000000000009b7       0xf6 main.o
 .debug_macro   0x0000000000000aad       0x10 main.o
 .debug_macro   0x0000000000000abd       0x16 main.o
 .debug_macro   0x0000000000000ad3       0x43 main.o
 .debug_macro   0x0000000000000b16       0x34 main.o
 .debug_macro   0x0000000000000b4a       0x10 main.o
 .debug_macro   0x0000000000000b5a       0x58 main.o
 .debug_macro   0x0000000000000bb2      0x182 main.o
 .debug_macro   0x0000000000000d34       0x10 main.o
 .debug_macro   0x0000000000000d44       0x1c main.o
 .debug_macro   0x0000000000000d60       0x52 main.o
 .debug_macro   0x0000000000000db2       0x40 main.o
 .debug_macro   0x0000000000000df2       0x10 main.o
 .debug_macro   0x0000000000000e02       0x40 main.o
 .debug_macro   0x0000000000000e42       0xd5 main.o
 .debug_macro   0x0000000000000f17       0x1c main.o
 .debug_macro   0x0000000000000f33       0x3d main.o
 .debug_macro   0x0000000000000f70       0x16 main.o
 .debug_macro   0x0000000000000f86      0x16f main.o
 .debug_macro   0x00000000000010f5       0x4c main.o
 .debug_macro   0x0000000000001141       0x16 main.o
 .debug_macro   0x0000000000001157       0x35 main.o
 .debug_macro   0x000000000000118c       0x16 main.o
 .debug_macro   0x00000000000011a2       0x29 main.o
 .debug_macro   0x00000000000011cb       0x16 main.o
 .debug_macro   0x00000000000011e1      0x106 main.o
 .debug_macro   0x00000000000012e7      0x15a main.o
 .debug_macro   0x0000000000001441       0xe4 main.o
 .debug_macro   0x0000000000001525       0x1c main.o
 .debug_macro   0x0000000000001541       0x26 main.o
 .debug_macro   0x0000000000001567      0x4ef main.o
 .debug_macro   0x0000000000001a56       0xb5 main.o
 .debug_macro   0x0000000000001b0b       0xaa main.o
 .debug_macro   0x0000000000001bb5      0x1c3 stm32f4xx_it.o
 .debug_macro   0x0000000000001d78      0x1d9 system_stm32f4xx.o
 .debug_macro   0x0000000000001f51      0x1c3 /home/huynhtai/Downloads/STM32-master/stm32f4xx_demo_RTOS_uart/STM32F4xx_StdPeriph_Driver/lib/stdperiph.a(stm32f4xx_gpio.o)
 .debug_macro   0x0000000000002114      0x2b6 /home/huynhtai/Downloads/STM32-master/stm32f4xx_demo_RTOS_uart/STM32F4xx_StdPeriph_Driver/lib/stdperiph.a(stm32f4xx_gpio.o)
 .debug_macro   0x00000000000023ca      0x1db /home/huynhtai/Downloads/STM32-master/stm32f4xx_demo_RTOS_uart/STM32F4xx_StdPeriph_Driver/lib/stdperiph.a(stm32f4xx_usart.o)
 .debug_macro   0x00000000000025a5      0x21d /home/huynhtai/Downloads/STM32-master/stm32f4xx_demo_RTOS_uart/STM32F4xx_StdPeriph_Driver/lib/stdperiph.a(stm32f4xx_usart.o)
 .debug_macro   0x00000000000027c2      0x1c5 /home/huynhtai/Downloads/STM32-master/stm32f4xx_demo_RTOS_uart/STM32F4xx_StdPeriph_Driver/lib/stdperiph.a(stm32f4xx_exti.o)
 .debug_macro   0x0000000000002987       0xa8 /home/huynhtai/Downloads/STM32-master/stm32f4xx_demo_RTOS_uart/STM32F4xx_StdPeriph_Driver/lib/stdperiph.a(stm32f4xx_exti.o)
 .debug_macro   0x0000000000002a2f      0x1ff /home/huynhtai/Downloads/STM32-master/stm32f4xx_demo_RTOS_uart/STM32F4xx_StdPeriph_Driver/lib/stdperiph.a(stm32f4xx_rtc.o)
 .debug_macro   0x0000000000002c2e      0x575 /home/huynhtai/Downloads/STM32-master/stm32f4xx_demo_RTOS_uart/STM32F4xx_StdPeriph_Driver/lib/stdperiph.a(stm32f4xx_rtc.o)
 .debug_macro   0x00000000000031a3      0x289 /home/huynhtai/Downloads/STM32-master/stm32f4xx_demo_RTOS_uart/STM32F4xx_StdPeriph_Driver/lib/stdperiph.a(stm32f4xx_rcc.o)
 .debug_macro   0x000000000000342c      0x629 /home/huynhtai/Downloads/STM32-master/stm32f4xx_demo_RTOS_uart/STM32F4xx_StdPeriph_Driver/lib/stdperiph.a(stm32f4xx_rcc.o)
 .debug_macro   0x0000000000003a55      0x265 /home/huynhtai/Downloads/STM32-master/stm32f4xx_demo_RTOS_uart/STM32F4xx_StdPeriph_Driver/lib/freertos.a(tasks.o)
 .debug_macro   0x0000000000003cba      0x10e /home/huynhtai/Downloads/STM32-master/stm32f4xx_demo_RTOS_uart/STM32F4xx_StdPeriph_Driver/lib/freertos.a(tasks.o)
 .debug_macro   0x0000000000003dc8       0x86 /home/huynhtai/Downloads/STM32-master/stm32f4xx_demo_RTOS_uart/STM32F4xx_StdPeriph_Driver/lib/freertos.a(tasks.o)
 .debug_macro   0x0000000000003e4e      0x106 /home/huynhtai/Downloads/STM32-master/stm32f4xx_demo_RTOS_uart/STM32F4xx_StdPeriph_Driver/lib/freertos.a(tasks.o)
 .debug_macro   0x0000000000003f54       0x91 /home/huynhtai/Downloads/STM32-master/stm32f4xx_demo_RTOS_uart/STM32F4xx_StdPeriph_Driver/lib/freertos.a(tasks.o)
 .debug_macro   0x0000000000003fe5       0x10 /home/huynhtai/Downloads/STM32-master/stm32f4xx_demo_RTOS_uart/STM32F4xx_StdPeriph_Driver/lib/freertos.a(tasks.o)
 .debug_macro   0x0000000000003ff5      0x1cd /home/huynhtai/Downloads/STM32-master/stm32f4xx_demo_RTOS_uart/STM32F4xx_StdPeriph_Driver/lib/freertos.a(timers.o)
 .debug_macro   0x00000000000041c2       0x80 /home/huynhtai/Downloads/STM32-master/stm32f4xx_demo_RTOS_uart/STM32F4xx_StdPeriph_Driver/lib/freertos.a(timers.o)
 .debug_macro   0x0000000000004242       0x97 /home/huynhtai/Downloads/STM32-master/stm32f4xx_demo_RTOS_uart/STM32F4xx_StdPeriph_Driver/lib/freertos.a(timers.o)
 .debug_macro   0x00000000000042d9      0x196 /home/huynhtai/Downloads/STM32-master/stm32f4xx_demo_RTOS_uart/STM32F4xx_StdPeriph_Driver/lib/freertos.a(port.o)
 .debug_macro   0x000000000000446f      0x16d /home/huynhtai/Downloads/STM32-master/stm32f4xx_demo_RTOS_uart/STM32F4xx_StdPeriph_Driver/lib/freertos.a(port.o)
 .debug_macro   0x00000000000045dc      0x19f /home/huynhtai/Downloads/STM32-master/stm32f4xx_demo_RTOS_uart/STM32F4xx_StdPeriph_Driver/lib/freertos.a(heap_4.o)
 .debug_macro   0x000000000000477b      0x202 /home/huynhtai/Downloads/STM32-master/stm32f4xx_demo_RTOS_uart/STM32F4xx_StdPeriph_Driver/lib/freertos.a(queue.o)
 .debug_macro   0x000000000000497d      0x178 /home/huynhtai/Downloads/STM32-master/stm32f4xx_demo_RTOS_uart/STM32F4xx_StdPeriph_Driver/lib/freertos.a(list.o)

.debug_line     0x0000000000000000    0x10642
 .debug_line    0x0000000000000000       0x96 startup_stm32f4xx.o
 .debug_line    0x0000000000000096      0xbf5 main.o
 .debug_line    0x0000000000000c8b      0x6ba stm32f4xx_it.o
 .debug_line    0x0000000000001345      0x757 system_stm32f4xx.o
 .debug_line    0x0000000000001a9c      0x9a0 /home/huynhtai/Downloads/STM32-master/stm32f4xx_demo_RTOS_uart/STM32F4xx_StdPeriph_Driver/lib/stdperiph.a(stm32f4xx_gpio.o)
 .debug_line    0x000000000000243c      0xe57 /home/huynhtai/Downloads/STM32-master/stm32f4xx_demo_RTOS_uart/STM32F4xx_StdPeriph_Driver/lib/stdperiph.a(stm32f4xx_usart.o)
 .debug_line    0x0000000000003293      0x6f8 /home/huynhtai/Downloads/STM32-master/stm32f4xx_demo_RTOS_uart/STM32F4xx_StdPeriph_Driver/lib/stdperiph.a(stm32f4xx_exti.o)
 .debug_line    0x000000000000398b     0x2af1 /home/huynhtai/Downloads/STM32-master/stm32f4xx_demo_RTOS_uart/STM32F4xx_StdPeriph_Driver/lib/stdperiph.a(stm32f4xx_rtc.o)
 .debug_line    0x000000000000647c     0x10f4 /home/huynhtai/Downloads/STM32-master/stm32f4xx_demo_RTOS_uart/STM32F4xx_StdPeriph_Driver/lib/stdperiph.a(stm32f4xx_rcc.o)
 .debug_line    0x0000000000007570     0x3743 /home/huynhtai/Downloads/STM32-master/stm32f4xx_demo_RTOS_uart/STM32F4xx_StdPeriph_Driver/lib/freertos.a(tasks.o)
 .debug_line    0x000000000000acb3     0x1113 /home/huynhtai/Downloads/STM32-master/stm32f4xx_demo_RTOS_uart/STM32F4xx_StdPeriph_Driver/lib/freertos.a(timers.o)
 .debug_line    0x000000000000bdc6      0xa38 /home/huynhtai/Downloads/STM32-master/stm32f4xx_demo_RTOS_uart/STM32F4xx_StdPeriph_Driver/lib/freertos.a(port.o)
 .debug_line    0x000000000000c7fe      0x9a8 /home/huynhtai/Downloads/STM32-master/stm32f4xx_demo_RTOS_uart/STM32F4xx_StdPeriph_Driver/lib/freertos.a(heap_4.o)
 .debug_line    0x000000000000d1a6     0x2ee9 /home/huynhtai/Downloads/STM32-master/stm32f4xx_demo_RTOS_uart/STM32F4xx_StdPeriph_Driver/lib/freertos.a(queue.o)
 .debug_line    0x000000000001008f      0x5b3 /home/huynhtai/Downloads/STM32-master/stm32f4xx_demo_RTOS_uart/STM32F4xx_StdPeriph_Driver/lib/freertos.a(list.o)

.debug_str      0x0000000000000000    0x6c409
 .debug_str     0x0000000000000000     0x2e5e startup_stm32f4xx.o
                                       0x2e8b (size before relaxing)
 .debug_str     0x0000000000002e5e    0x637a0 main.o
                                      0x66842 (size before relaxing)
 .debug_str     0x00000000000665fe      0x159 stm32f4xx_it.o
                                      0x5e368 (size before relaxing)
 .debug_str     0x0000000000066757      0x1e7 system_stm32f4xx.o
                                      0x5e3e8 (size before relaxing)
 .debug_str     0x000000000006693e      0x173 /home/huynhtai/Downloads/STM32-master/stm32f4xx_demo_RTOS_uart/STM32F4xx_StdPeriph_Driver/lib/stdperiph.a(stm32f4xx_gpio.o)
                                      0x5e4cd (size before relaxing)
 .debug_str     0x0000000000066ab1      0x4c5 /home/huynhtai/Downloads/STM32-master/stm32f4xx_demo_RTOS_uart/STM32F4xx_StdPeriph_Driver/lib/stdperiph.a(stm32f4xx_usart.o)
                                      0x5e81a (size before relaxing)
 .debug_str     0x0000000000066f76      0x1a1 /home/huynhtai/Downloads/STM32-master/stm32f4xx_demo_RTOS_uart/STM32F4xx_StdPeriph_Driver/lib/stdperiph.a(stm32f4xx_exti.o)
                                      0x5e384 (size before relaxing)
 .debug_str     0x0000000000067117      0xb65 /home/huynhtai/Downloads/STM32-master/stm32f4xx_demo_RTOS_uart/STM32F4xx_StdPeriph_Driver/lib/stdperiph.a(stm32f4xx_rtc.o)
                                      0x5eda5 (size before relaxing)
 .debug_str     0x0000000000067c7c      0xb40 /home/huynhtai/Downloads/STM32-master/stm32f4xx_demo_RTOS_uart/STM32F4xx_StdPeriph_Driver/lib/stdperiph.a(stm32f4xx_rcc.o)
                                      0x5ef72 (size before relaxing)
 .debug_str     0x00000000000687bc     0x1dec /home/huynhtai/Downloads/STM32-master/stm32f4xx_demo_RTOS_uart/STM32F4xx_StdPeriph_Driver/lib/freertos.a(tasks.o)
                                       0xcad5 (size before relaxing)
 .debug_str     0x000000000006a5a8      0xca5 /home/huynhtai/Downloads/STM32-master/stm32f4xx_demo_RTOS_uart/STM32F4xx_StdPeriph_Driver/lib/freertos.a(timers.o)
                                       0xc2ad (size before relaxing)
 .debug_str     0x000000000006b24d      0x750 /home/huynhtai/Downloads/STM32-master/stm32f4xx_demo_RTOS_uart/STM32F4xx_StdPeriph_Driver/lib/freertos.a(port.o)
                                       0x8702 (size before relaxing)
 .debug_str     0x000000000006b99d      0x2f1 /home/huynhtai/Downloads/STM32-master/stm32f4xx_demo_RTOS_uart/STM32F4xx_StdPeriph_Driver/lib/freertos.a(heap_4.o)
                                       0xaf6c (size before relaxing)
 .debug_str     0x000000000006bc8e      0x732 /home/huynhtai/Downloads/STM32-master/stm32f4xx_demo_RTOS_uart/STM32F4xx_StdPeriph_Driver/lib/freertos.a(queue.o)
                                       0xbee3 (size before relaxing)
 .debug_str     0x000000000006c3c0       0x49 /home/huynhtai/Downloads/STM32-master/stm32f4xx_demo_RTOS_uart/STM32F4xx_StdPeriph_Driver/lib/freertos.a(list.o)
                                       0xa63f (size before relaxing)

.comment        0x0000000000000000       0x76
 .comment       0x0000000000000000       0x76 startup_stm32f4xx.o
                                         0x77 (size before relaxing)
 .comment       0x0000000000000076       0x77 main.o
 .comment       0x0000000000000076       0x77 stm32f4xx_it.o
 .comment       0x0000000000000076       0x77 system_stm32f4xx.o
 .comment       0x0000000000000076       0x77 /home/huynhtai/Downloads/STM32-master/stm32f4xx_demo_RTOS_uart/STM32F4xx_StdPeriph_Driver/lib/stdperiph.a(stm32f4xx_gpio.o)
 .comment       0x0000000000000076       0x77 /home/huynhtai/Downloads/STM32-master/stm32f4xx_demo_RTOS_uart/STM32F4xx_StdPeriph_Driver/lib/stdperiph.a(stm32f4xx_usart.o)
 .comment       0x0000000000000076       0x77 /home/huynhtai/Downloads/STM32-master/stm32f4xx_demo_RTOS_uart/STM32F4xx_StdPeriph_Driver/lib/stdperiph.a(stm32f4xx_exti.o)
 .comment       0x0000000000000076       0x77 /home/huynhtai/Downloads/STM32-master/stm32f4xx_demo_RTOS_uart/STM32F4xx_StdPeriph_Driver/lib/stdperiph.a(stm32f4xx_rtc.o)
 .comment       0x0000000000000076       0x77 /home/huynhtai/Downloads/STM32-master/stm32f4xx_demo_RTOS_uart/STM32F4xx_StdPeriph_Driver/lib/stdperiph.a(stm32f4xx_rcc.o)
 .comment       0x0000000000000076       0x77 /home/huynhtai/Downloads/STM32-master/stm32f4xx_demo_RTOS_uart/STM32F4xx_StdPeriph_Driver/lib/freertos.a(tasks.o)
 .comment       0x0000000000000076       0x77 /home/huynhtai/Downloads/STM32-master/stm32f4xx_demo_RTOS_uart/STM32F4xx_StdPeriph_Driver/lib/freertos.a(timers.o)
 .comment       0x0000000000000076       0x77 /home/huynhtai/Downloads/STM32-master/stm32f4xx_demo_RTOS_uart/STM32F4xx_StdPeriph_Driver/lib/freertos.a(port.o)
 .comment       0x0000000000000076       0x77 /home/huynhtai/Downloads/STM32-master/stm32f4xx_demo_RTOS_uart/STM32F4xx_StdPeriph_Driver/lib/freertos.a(heap_4.o)
 .comment       0x0000000000000076       0x77 /home/huynhtai/Downloads/STM32-master/stm32f4xx_demo_RTOS_uart/STM32F4xx_StdPeriph_Driver/lib/freertos.a(queue.o)
 .comment       0x0000000000000076       0x77 /home/huynhtai/Downloads/STM32-master/stm32f4xx_demo_RTOS_uart/STM32F4xx_StdPeriph_Driver/lib/freertos.a(list.o)

.ARM.attributes
                0x0000000000000000       0x32
 .ARM.attributes
                0x0000000000000000       0x34 startup_stm32f4xx.o
 .ARM.attributes
                0x0000000000000034       0x34 main.o
 .ARM.attributes
                0x0000000000000068       0x34 stm32f4xx_it.o
 .ARM.attributes
                0x000000000000009c       0x34 system_stm32f4xx.o
 .ARM.attributes
                0x00000000000000d0       0x34 /home/huynhtai/Downloads/STM32-master/stm32f4xx_demo_RTOS_uart/STM32F4xx_StdPeriph_Driver/lib/stdperiph.a(stm32f4xx_gpio.o)
 .ARM.attributes
                0x0000000000000104       0x34 /home/huynhtai/Downloads/STM32-master/stm32f4xx_demo_RTOS_uart/STM32F4xx_StdPeriph_Driver/lib/stdperiph.a(stm32f4xx_usart.o)
 .ARM.attributes
                0x0000000000000138       0x34 /home/huynhtai/Downloads/STM32-master/stm32f4xx_demo_RTOS_uart/STM32F4xx_StdPeriph_Driver/lib/stdperiph.a(stm32f4xx_exti.o)
 .ARM.attributes
                0x000000000000016c       0x34 /home/huynhtai/Downloads/STM32-master/stm32f4xx_demo_RTOS_uart/STM32F4xx_StdPeriph_Driver/lib/stdperiph.a(stm32f4xx_rtc.o)
 .ARM.attributes
                0x00000000000001a0       0x34 /home/huynhtai/Downloads/STM32-master/stm32f4xx_demo_RTOS_uart/STM32F4xx_StdPeriph_Driver/lib/stdperiph.a(stm32f4xx_rcc.o)
 .ARM.attributes
                0x00000000000001d4       0x34 /home/huynhtai/Downloads/STM32-master/stm32f4xx_demo_RTOS_uart/STM32F4xx_StdPeriph_Driver/lib/freertos.a(tasks.o)
 .ARM.attributes
                0x0000000000000208       0x34 /home/huynhtai/Downloads/STM32-master/stm32f4xx_demo_RTOS_uart/STM32F4xx_StdPeriph_Driver/lib/freertos.a(timers.o)
 .ARM.attributes
                0x000000000000023c       0x34 /home/huynhtai/Downloads/STM32-master/stm32f4xx_demo_RTOS_uart/STM32F4xx_StdPeriph_Driver/lib/freertos.a(port.o)
 .ARM.attributes
                0x0000000000000270       0x34 /home/huynhtai/Downloads/STM32-master/stm32f4xx_demo_RTOS_uart/STM32F4xx_StdPeriph_Driver/lib/freertos.a(heap_4.o)
 .ARM.attributes
                0x00000000000002a4       0x34 /home/huynhtai/Downloads/STM32-master/stm32f4xx_demo_RTOS_uart/STM32F4xx_StdPeriph_Driver/lib/freertos.a(queue.o)
 .ARM.attributes
                0x00000000000002d8       0x34 /home/huynhtai/Downloads/STM32-master/stm32f4xx_demo_RTOS_uart/STM32F4xx_StdPeriph_Driver/lib/freertos.a(list.o)
 .ARM.attributes
                0x000000000000030c       0x34 /home/huynhtai/Downloads/TOOLCHAIN/gcc-arm-none-eabi-8-2019-q3-update-linux/gcc-arm-none-eabi-8-2019-q3-update/bin/../lib/gcc/arm-none-eabi/8.3.1/../../../../arm-none-eabi/lib/thumb/v7e-m+fp/hard/libc_nano.a(lib_a-memcpy-stub.o)
 .ARM.attributes
                0x0000000000000340       0x34 /home/huynhtai/Downloads/TOOLCHAIN/gcc-arm-none-eabi-8-2019-q3-update-linux/gcc-arm-none-eabi-8-2019-q3-update/bin/../lib/gcc/arm-none-eabi/8.3.1/../../../../arm-none-eabi/lib/thumb/v7e-m+fp/hard/libc_nano.a(lib_a-memset.o)

.debug_frame    0x0000000000000000     0x1ed8
 .debug_frame   0x0000000000000000       0x40 startup_stm32f4xx.o
 .debug_frame   0x0000000000000040      0x178 main.o
 .debug_frame   0x00000000000001b8       0xf8 stm32f4xx_it.o
 .debug_frame   0x00000000000002b0       0x3c system_stm32f4xx.o
 .debug_frame   0x00000000000002ec      0x170 /home/huynhtai/Downloads/STM32-master/stm32f4xx_demo_RTOS_uart/STM32F4xx_StdPeriph_Driver/lib/stdperiph.a(stm32f4xx_gpio.o)
 .debug_frame   0x000000000000045c      0x280 /home/huynhtai/Downloads/STM32-master/stm32f4xx_demo_RTOS_uart/STM32F4xx_StdPeriph_Driver/lib/stdperiph.a(stm32f4xx_usart.o)
 .debug_frame   0x00000000000006dc       0xa4 /home/huynhtai/Downloads/STM32-master/stm32f4xx_demo_RTOS_uart/STM32F4xx_StdPeriph_Driver/lib/stdperiph.a(stm32f4xx_exti.o)
 .debug_frame   0x0000000000000780      0x538 /home/huynhtai/Downloads/STM32-master/stm32f4xx_demo_RTOS_uart/STM32F4xx_StdPeriph_Driver/lib/stdperiph.a(stm32f4xx_rtc.o)
 .debug_frame   0x0000000000000cb8      0x380 /home/huynhtai/Downloads/STM32-master/stm32f4xx_demo_RTOS_uart/STM32F4xx_StdPeriph_Driver/lib/stdperiph.a(stm32f4xx_rcc.o)
 .debug_frame   0x0000000000001038      0x6a0 /home/huynhtai/Downloads/STM32-master/stm32f4xx_demo_RTOS_uart/STM32F4xx_StdPeriph_Driver/lib/freertos.a(tasks.o)
 .debug_frame   0x00000000000016d8      0x204 /home/huynhtai/Downloads/STM32-master/stm32f4xx_demo_RTOS_uart/STM32F4xx_StdPeriph_Driver/lib/freertos.a(timers.o)
 .debug_frame   0x00000000000018dc      0x128 /home/huynhtai/Downloads/STM32-master/stm32f4xx_demo_RTOS_uart/STM32F4xx_StdPeriph_Driver/lib/freertos.a(port.o)
 .debug_frame   0x0000000000001a04       0xc8 /home/huynhtai/Downloads/STM32-master/stm32f4xx_demo_RTOS_uart/STM32F4xx_StdPeriph_Driver/lib/freertos.a(heap_4.o)
 .debug_frame   0x0000000000001acc      0x354 /home/huynhtai/Downloads/STM32-master/stm32f4xx_demo_RTOS_uart/STM32F4xx_StdPeriph_Driver/lib/freertos.a(queue.o)
 .debug_frame   0x0000000000001e20       0x70 /home/huynhtai/Downloads/STM32-master/stm32f4xx_demo_RTOS_uart/STM32F4xx_StdPeriph_Driver/lib/freertos.a(list.o)
 .debug_frame   0x0000000000001e90       0x28 /home/huynhtai/Downloads/TOOLCHAIN/gcc-arm-none-eabi-8-2019-q3-update-linux/gcc-arm-none-eabi-8-2019-q3-update/bin/../lib/gcc/arm-none-eabi/8.3.1/../../../../arm-none-eabi/lib/thumb/v7e-m+fp/hard/libc_nano.a(lib_a-memcpy-stub.o)
 .debug_frame   0x0000000000001eb8       0x20 /home/huynhtai/Downloads/TOOLCHAIN/gcc-arm-none-eabi-8-2019-q3-update-linux/gcc-arm-none-eabi-8-2019-q3-update/bin/../lib/gcc/arm-none-eabi/8.3.1/../../../../arm-none-eabi/lib/thumb/v7e-m+fp/hard/libc_nano.a(lib_a-memset.o)

.debug_loc      0x0000000000000000     0xc144
 .debug_loc     0x0000000000000000      0x449 main.o
 .debug_loc     0x0000000000000449       0x22 stm32f4xx_it.o
 .debug_loc     0x000000000000046b      0x11e system_stm32f4xx.o
 .debug_loc     0x0000000000000589      0x3b9 /home/huynhtai/Downloads/STM32-master/stm32f4xx_demo_RTOS_uart/STM32F4xx_StdPeriph_Driver/lib/stdperiph.a(stm32f4xx_gpio.o)
 .debug_loc     0x0000000000000942      0xb8c /home/huynhtai/Downloads/STM32-master/stm32f4xx_demo_RTOS_uart/STM32F4xx_StdPeriph_Driver/lib/stdperiph.a(stm32f4xx_usart.o)
 .debug_loc     0x00000000000014ce      0x175 /home/huynhtai/Downloads/STM32-master/stm32f4xx_demo_RTOS_uart/STM32F4xx_StdPeriph_Driver/lib/stdperiph.a(stm32f4xx_exti.o)
 .debug_loc     0x0000000000001643     0x283a /home/huynhtai/Downloads/STM32-master/stm32f4xx_demo_RTOS_uart/STM32F4xx_StdPeriph_Driver/lib/stdperiph.a(stm32f4xx_rtc.o)
 .debug_loc     0x0000000000003e7d      0xa54 /home/huynhtai/Downloads/STM32-master/stm32f4xx_demo_RTOS_uart/STM32F4xx_StdPeriph_Driver/lib/stdperiph.a(stm32f4xx_rcc.o)
 .debug_loc     0x00000000000048d1     0x3227 /home/huynhtai/Downloads/STM32-master/stm32f4xx_demo_RTOS_uart/STM32F4xx_StdPeriph_Driver/lib/freertos.a(tasks.o)
 .debug_loc     0x0000000000007af8     0x1350 /home/huynhtai/Downloads/STM32-master/stm32f4xx_demo_RTOS_uart/STM32F4xx_StdPeriph_Driver/lib/freertos.a(timers.o)
 .debug_loc     0x0000000000008e48      0x124 /home/huynhtai/Downloads/STM32-master/stm32f4xx_demo_RTOS_uart/STM32F4xx_StdPeriph_Driver/lib/freertos.a(port.o)
 .debug_loc     0x0000000000008f6c      0x6a8 /home/huynhtai/Downloads/STM32-master/stm32f4xx_demo_RTOS_uart/STM32F4xx_StdPeriph_Driver/lib/freertos.a(heap_4.o)
 .debug_loc     0x0000000000009614     0x2a9d /home/huynhtai/Downloads/STM32-master/stm32f4xx_demo_RTOS_uart/STM32F4xx_StdPeriph_Driver/lib/freertos.a(queue.o)
 .debug_loc     0x000000000000c0b1       0x93 /home/huynhtai/Downloads/STM32-master/stm32f4xx_demo_RTOS_uart/STM32F4xx_StdPeriph_Driver/lib/freertos.a(list.o)

Cross Reference Table

Symbol                                            File
ADC_IRQHandler                                    startup_stm32f4xx.o
AHBPrescTable                                     system_stm32f4xx.o
Board_Configuration                               main.o
BusFault_Handler                                  startup_stm32f4xx.o
CAN1_RX0_IRQHandler                               startup_stm32f4xx.o
CAN1_RX1_IRQHandler                               startup_stm32f4xx.o
CAN1_SCE_IRQHandler                               startup_stm32f4xx.o
CAN1_TX_IRQHandler                                startup_stm32f4xx.o
CAN2_RX0_IRQHandler                               startup_stm32f4xx.o
CAN2_RX1_IRQHandler                               startup_stm32f4xx.o
CAN2_SCE_IRQHandler                               startup_stm32f4xx.o
CAN2_TX_IRQHandler                                startup_stm32f4xx.o
CRYP_IRQHandler                                   startup_stm32f4xx.o
DCMI_IRQHandler                                   startup_stm32f4xx.o
DMA1_Stream0_IRQHandler                           startup_stm32f4xx.o
DMA1_Stream1_IRQHandler                           startup_stm32f4xx.o
DMA1_Stream2_IRQHandler                           startup_stm32f4xx.o
DMA1_Stream3_IRQHandler                           startup_stm32f4xx.o
DMA1_Stream4_IRQHandler                           startup_stm32f4xx.o
DMA1_Stream5_IRQHandler                           startup_stm32f4xx.o
DMA1_Stream6_IRQHandler                           startup_stm32f4xx.o
DMA1_Stream7_IRQHandler                           startup_stm32f4xx.o
DMA2_Stream0_IRQHandler                           startup_stm32f4xx.o
DMA2_Stream1_IRQHandler                           startup_stm32f4xx.o
DMA2_Stream2_IRQHandler                           startup_stm32f4xx.o
DMA2_Stream3_IRQHandler                           startup_stm32f4xx.o
DMA2_Stream4_IRQHandler                           startup_stm32f4xx.o
DMA2_Stream5_IRQHandler                           startup_stm32f4xx.o
DMA2_Stream6_IRQHandler                           startup_stm32f4xx.o
DMA2_Stream7_IRQHandler                           startup_stm32f4xx.o
DebugMon_Handler                                  startup_stm32f4xx.o
Default_Handler                                   startup_stm32f4xx.o
EEPROM_DeInit                                     EEPROM.o
EEPROM_Init                                       EEPROM.o
EEPROM_ReadByte                                   EEPROM.o
EEPROM_WriteByte                                  EEPROM.o
ETH_IRQHandler                                    startup_stm32f4xx.o
ETH_WKUP_IRQHandler                               startup_stm32f4xx.o
EXTI0_IRQHandler                                  startup_stm32f4xx.o
EXTI15_10_IRQHandler                              startup_stm32f4xx.o
EXTI1_IRQHandler                                  startup_stm32f4xx.o
EXTI2_IRQHandler                                  startup_stm32f4xx.o
EXTI3_IRQHandler                                  startup_stm32f4xx.o
EXTI4_IRQHandler                                  startup_stm32f4xx.o
EXTI9_5_IRQHandler                                startup_stm32f4xx.o
EXTI_ClearFlag                                    /home/huynhtai/Downloads/STM32-master/stm32f4xx_demo_RTOS_uart/STM32F4xx_StdPeriph_Driver/lib/stdperiph.a(stm32f4xx_exti.o)
EXTI_ClearITPendingBit                            /home/huynhtai/Downloads/STM32-master/stm32f4xx_demo_RTOS_uart/STM32F4xx_StdPeriph_Driver/lib/stdperiph.a(stm32f4xx_exti.o)
                                                  stm32f4xx_it.o
                                                  sensor.o
EXTI_DeInit                                       /home/huynhtai/Downloads/STM32-master/stm32f4xx_demo_RTOS_uart/STM32F4xx_StdPeriph_Driver/lib/stdperiph.a(stm32f4xx_exti.o)
EXTI_GenerateSWInterrupt                          /home/huynhtai/Downloads/STM32-master/stm32f4xx_demo_RTOS_uart/STM32F4xx_StdPeriph_Driver/lib/stdperiph.a(stm32f4xx_exti.o)
EXTI_GetFlagStatus                                /home/huynhtai/Downloads/STM32-master/stm32f4xx_demo_RTOS_uart/STM32F4xx_StdPeriph_Driver/lib/stdperiph.a(stm32f4xx_exti.o)
EXTI_GetITStatus                                  /home/huynhtai/Downloads/STM32-master/stm32f4xx_demo_RTOS_uart/STM32F4xx_StdPeriph_Driver/lib/stdperiph.a(stm32f4xx_exti.o)
                                                  sensor.o
EXTI_Handler                                      sensor.o
EXTI_Init                                         /home/huynhtai/Downloads/STM32-master/stm32f4xx_demo_RTOS_uart/STM32F4xx_StdPeriph_Driver/lib/stdperiph.a(stm32f4xx_exti.o)
                                                  sensor.o
EXTI_InitStructure                                sensor.o
EXTI_StructInit                                   /home/huynhtai/Downloads/STM32-master/stm32f4xx_demo_RTOS_uart/STM32F4xx_StdPeriph_Driver/lib/stdperiph.a(stm32f4xx_exti.o)
FLASH_ClearFlag                                   /home/huynhtai/Downloads/STM32-master/stm32f4xx_demo_RTOS_uart/STM32F4xx_StdPeriph_Driver/lib/stdperiph.a(stm32f4xx_flash.o)
                                                  EEPROM.o
FLASH_DataCacheCmd                                /home/huynhtai/Downloads/STM32-master/stm32f4xx_demo_RTOS_uart/STM32F4xx_StdPeriph_Driver/lib/stdperiph.a(stm32f4xx_flash.o)
FLASH_DataCacheReset                              /home/huynhtai/Downloads/STM32-master/stm32f4xx_demo_RTOS_uart/STM32F4xx_StdPeriph_Driver/lib/stdperiph.a(stm32f4xx_flash.o)
FLASH_EraseAllBank1Sectors                        /home/huynhtai/Downloads/STM32-master/stm32f4xx_demo_RTOS_uart/STM32F4xx_StdPeriph_Driver/lib/stdperiph.a(stm32f4xx_flash.o)
FLASH_EraseAllBank2Sectors                        /home/huynhtai/Downloads/STM32-master/stm32f4xx_demo_RTOS_uart/STM32F4xx_StdPeriph_Driver/lib/stdperiph.a(stm32f4xx_flash.o)
FLASH_EraseAllSectors                             /home/huynhtai/Downloads/STM32-master/stm32f4xx_demo_RTOS_uart/STM32F4xx_StdPeriph_Driver/lib/stdperiph.a(stm32f4xx_flash.o)
FLASH_EraseSector                                 /home/huynhtai/Downloads/STM32-master/stm32f4xx_demo_RTOS_uart/STM32F4xx_StdPeriph_Driver/lib/stdperiph.a(stm32f4xx_flash.o)
                                                  EEPROM.o
FLASH_GetFlagStatus                               /home/huynhtai/Downloads/STM32-master/stm32f4xx_demo_RTOS_uart/STM32F4xx_StdPeriph_Driver/lib/stdperiph.a(stm32f4xx_flash.o)
FLASH_GetStatus                                   /home/huynhtai/Downloads/STM32-master/stm32f4xx_demo_RTOS_uart/STM32F4xx_StdPeriph_Driver/lib/stdperiph.a(stm32f4xx_flash.o)
FLASH_IRQHandler                                  startup_stm32f4xx.o
FLASH_ITConfig                                    /home/huynhtai/Downloads/STM32-master/stm32f4xx_demo_RTOS_uart/STM32F4xx_StdPeriph_Driver/lib/stdperiph.a(stm32f4xx_flash.o)
FLASH_InstructionCacheCmd                         /home/huynhtai/Downloads/STM32-master/stm32f4xx_demo_RTOS_uart/STM32F4xx_StdPeriph_Driver/lib/stdperiph.a(stm32f4xx_flash.o)
FLASH_InstructionCacheReset                       /home/huynhtai/Downloads/STM32-master/stm32f4xx_demo_RTOS_uart/STM32F4xx_StdPeriph_Driver/lib/stdperiph.a(stm32f4xx_flash.o)
FLASH_Lock                                        /home/huynhtai/Downloads/STM32-master/stm32f4xx_demo_RTOS_uart/STM32F4xx_StdPeriph_Driver/lib/stdperiph.a(stm32f4xx_flash.o)
                                                  EEPROM.o
FLASH_OB_BORConfig                                /home/huynhtai/Downloads/STM32-master/stm32f4xx_demo_RTOS_uart/STM32F4xx_StdPeriph_Driver/lib/stdperiph.a(stm32f4xx_flash.o)
FLASH_OB_BootConfig                               /home/huynhtai/Downloads/STM32-master/stm32f4xx_demo_RTOS_uart/STM32F4xx_StdPeriph_Driver/lib/stdperiph.a(stm32f4xx_flash.o)
FLASH_OB_GetBOR                                   /home/huynhtai/Downloads/STM32-master/stm32f4xx_demo_RTOS_uart/STM32F4xx_StdPeriph_Driver/lib/stdperiph.a(stm32f4xx_flash.o)
FLASH_OB_GetPCROP                                 /home/huynhtai/Downloads/STM32-master/stm32f4xx_demo_RTOS_uart/STM32F4xx_StdPeriph_Driver/lib/stdperiph.a(stm32f4xx_flash.o)
FLASH_OB_GetPCROP1                                /home/huynhtai/Downloads/STM32-master/stm32f4xx_demo_RTOS_uart/STM32F4xx_StdPeriph_Driver/lib/stdperiph.a(stm32f4xx_flash.o)
FLASH_OB_GetRDP                                   /home/huynhtai/Downloads/STM32-master/stm32f4xx_demo_RTOS_uart/STM32F4xx_StdPeriph_Driver/lib/stdperiph.a(stm32f4xx_flash.o)
FLASH_OB_GetUser                                  /home/huynhtai/Downloads/STM32-master/stm32f4xx_demo_RTOS_uart/STM32F4xx_StdPeriph_Driver/lib/stdperiph.a(stm32f4xx_flash.o)
FLASH_OB_GetWRP                                   /home/huynhtai/Downloads/STM32-master/stm32f4xx_demo_RTOS_uart/STM32F4xx_StdPeriph_Driver/lib/stdperiph.a(stm32f4xx_flash.o)
FLASH_OB_GetWRP1                                  /home/huynhtai/Downloads/STM32-master/stm32f4xx_demo_RTOS_uart/STM32F4xx_StdPeriph_Driver/lib/stdperiph.a(stm32f4xx_flash.o)
FLASH_OB_Launch                                   /home/huynhtai/Downloads/STM32-master/stm32f4xx_demo_RTOS_uart/STM32F4xx_StdPeriph_Driver/lib/stdperiph.a(stm32f4xx_flash.o)
FLASH_OB_Lock                                     /home/huynhtai/Downloads/STM32-master/stm32f4xx_demo_RTOS_uart/STM32F4xx_StdPeriph_Driver/lib/stdperiph.a(stm32f4xx_flash.o)
FLASH_OB_PCROP1Config                             /home/huynhtai/Downloads/STM32-master/stm32f4xx_demo_RTOS_uart/STM32F4xx_StdPeriph_Driver/lib/stdperiph.a(stm32f4xx_flash.o)
FLASH_OB_PCROPConfig                              /home/huynhtai/Downloads/STM32-master/stm32f4xx_demo_RTOS_uart/STM32F4xx_StdPeriph_Driver/lib/stdperiph.a(stm32f4xx_flash.o)
FLASH_OB_PCROPSelectionConfig                     /home/huynhtai/Downloads/STM32-master/stm32f4xx_demo_RTOS_uart/STM32F4xx_StdPeriph_Driver/lib/stdperiph.a(stm32f4xx_flash.o)
FLASH_OB_RDPConfig                                /home/huynhtai/Downloads/STM32-master/stm32f4xx_demo_RTOS_uart/STM32F4xx_StdPeriph_Driver/lib/stdperiph.a(stm32f4xx_flash.o)
FLASH_OB_Unlock                                   /home/huynhtai/Downloads/STM32-master/stm32f4xx_demo_RTOS_uart/STM32F4xx_StdPeriph_Driver/lib/stdperiph.a(stm32f4xx_flash.o)
FLASH_OB_UserConfig                               /home/huynhtai/Downloads/STM32-master/stm32f4xx_demo_RTOS_uart/STM32F4xx_StdPeriph_Driver/lib/stdperiph.a(stm32f4xx_flash.o)
FLASH_OB_WRP1Config                               /home/huynhtai/Downloads/STM32-master/stm32f4xx_demo_RTOS_uart/STM32F4xx_StdPeriph_Driver/lib/stdperiph.a(stm32f4xx_flash.o)
FLASH_OB_WRPConfig                                /home/huynhtai/Downloads/STM32-master/stm32f4xx_demo_RTOS_uart/STM32F4xx_StdPeriph_Driver/lib/stdperiph.a(stm32f4xx_flash.o)
FLASH_PrefetchBufferCmd                           /home/huynhtai/Downloads/STM32-master/stm32f4xx_demo_RTOS_uart/STM32F4xx_StdPeriph_Driver/lib/stdperiph.a(stm32f4xx_flash.o)
FLASH_ProgramByte                                 /home/huynhtai/Downloads/STM32-master/stm32f4xx_demo_RTOS_uart/STM32F4xx_StdPeriph_Driver/lib/stdperiph.a(stm32f4xx_flash.o)
FLASH_ProgramDoubleWord                           /home/huynhtai/Downloads/STM32-master/stm32f4xx_demo_RTOS_uart/STM32F4xx_StdPeriph_Driver/lib/stdperiph.a(stm32f4xx_flash.o)
FLASH_ProgramHalfWord                             /home/huynhtai/Downloads/STM32-master/stm32f4xx_demo_RTOS_uart/STM32F4xx_StdPeriph_Driver/lib/stdperiph.a(stm32f4xx_flash.o)
                                                  EEPROM.o
FLASH_ProgramWord                                 /home/huynhtai/Downloads/STM32-master/stm32f4xx_demo_RTOS_uart/STM32F4xx_StdPeriph_Driver/lib/stdperiph.a(stm32f4xx_flash.o)
FLASH_SetLatency                                  /home/huynhtai/Downloads/STM32-master/stm32f4xx_demo_RTOS_uart/STM32F4xx_StdPeriph_Driver/lib/stdperiph.a(stm32f4xx_flash.o)
FLASH_Unlock                                      /home/huynhtai/Downloads/STM32-master/stm32f4xx_demo_RTOS_uart/STM32F4xx_StdPeriph_Driver/lib/stdperiph.a(stm32f4xx_flash.o)
                                                  EEPROM.o
FLASH_WaitForLastOperation                        /home/huynhtai/Downloads/STM32-master/stm32f4xx_demo_RTOS_uart/STM32F4xx_StdPeriph_Driver/lib/stdperiph.a(stm32f4xx_flash.o)
FPU_IRQHandler                                    startup_stm32f4xx.o
FSMC_IRQHandler                                   startup_stm32f4xx.o
GET_Sensor                                        sensor.o
GPIO_DeInit                                       /home/huynhtai/Downloads/STM32-master/stm32f4xx_demo_RTOS_uart/STM32F4xx_StdPeriph_Driver/lib/stdperiph.a(stm32f4xx_gpio.o)
GPIO_Init                                         /home/huynhtai/Downloads/STM32-master/stm32f4xx_demo_RTOS_uart/STM32F4xx_StdPeriph_Driver/lib/stdperiph.a(stm32f4xx_gpio.o)
                                                  main.o
                                                  sensor.o
GPIO_InitStructure                                sensor.o
GPIO_PinAFConfig                                  /home/huynhtai/Downloads/STM32-master/stm32f4xx_demo_RTOS_uart/STM32F4xx_StdPeriph_Driver/lib/stdperiph.a(stm32f4xx_gpio.o)
                                                  main.o
GPIO_PinLockConfig                                /home/huynhtai/Downloads/STM32-master/stm32f4xx_demo_RTOS_uart/STM32F4xx_StdPeriph_Driver/lib/stdperiph.a(stm32f4xx_gpio.o)
GPIO_ReadInputData                                /home/huynhtai/Downloads/STM32-master/stm32f4xx_demo_RTOS_uart/STM32F4xx_StdPeriph_Driver/lib/stdperiph.a(stm32f4xx_gpio.o)
GPIO_ReadInputDataBit                             /home/huynhtai/Downloads/STM32-master/stm32f4xx_demo_RTOS_uart/STM32F4xx_StdPeriph_Driver/lib/stdperiph.a(stm32f4xx_gpio.o)
GPIO_ReadOutputData                               /home/huynhtai/Downloads/STM32-master/stm32f4xx_demo_RTOS_uart/STM32F4xx_StdPeriph_Driver/lib/stdperiph.a(stm32f4xx_gpio.o)
GPIO_ReadOutputDataBit                            /home/huynhtai/Downloads/STM32-master/stm32f4xx_demo_RTOS_uart/STM32F4xx_StdPeriph_Driver/lib/stdperiph.a(stm32f4xx_gpio.o)
GPIO_ResetBits                                    /home/huynhtai/Downloads/STM32-master/stm32f4xx_demo_RTOS_uart/STM32F4xx_StdPeriph_Driver/lib/stdperiph.a(stm32f4xx_gpio.o)
                                                  main.o
GPIO_SetBits                                      /home/huynhtai/Downloads/STM32-master/stm32f4xx_demo_RTOS_uart/STM32F4xx_StdPeriph_Driver/lib/stdperiph.a(stm32f4xx_gpio.o)
                                                  main.o
GPIO_StructInit                                   /home/huynhtai/Downloads/STM32-master/stm32f4xx_demo_RTOS_uart/STM32F4xx_StdPeriph_Driver/lib/stdperiph.a(stm32f4xx_gpio.o)
GPIO_ToggleBits                                   /home/huynhtai/Downloads/STM32-master/stm32f4xx_demo_RTOS_uart/STM32F4xx_StdPeriph_Driver/lib/stdperiph.a(stm32f4xx_gpio.o)
                                                  sensor.o
GPIO_Write                                        /home/huynhtai/Downloads/STM32-master/stm32f4xx_demo_RTOS_uart/STM32F4xx_StdPeriph_Driver/lib/stdperiph.a(stm32f4xx_gpio.o)
GPIO_WriteBit                                     /home/huynhtai/Downloads/STM32-master/stm32f4xx_demo_RTOS_uart/STM32F4xx_StdPeriph_Driver/lib/stdperiph.a(stm32f4xx_gpio.o)
                                                  sensor.o
HASH_RNG_IRQHandler                               startup_stm32f4xx.o
HardFault_Handler                                 stm32f4xx_it.o
                                                  startup_stm32f4xx.o
I2C1_ER_IRQHandler                                startup_stm32f4xx.o
I2C1_EV_IRQHandler                                startup_stm32f4xx.o
I2C2_ER_IRQHandler                                startup_stm32f4xx.o
I2C2_EV_IRQHandler                                startup_stm32f4xx.o
I2C3_ER_IRQHandler                                startup_stm32f4xx.o
I2C3_EV_IRQHandler                                startup_stm32f4xx.o
MemManage_Handler                                 startup_stm32f4xx.o
NMI_Handler                                       stm32f4xx_it.o
                                                  startup_stm32f4xx.o
NVIC_Init                                         /home/huynhtai/Downloads/STM32-master/stm32f4xx_demo_RTOS_uart/STM32F4xx_StdPeriph_Driver/lib/stdperiph.a(misc.o)
                                                  sensor.o
NVIC_InitStructure                                sensor.o
NVIC_PriorityGroupConfig                          /home/huynhtai/Downloads/STM32-master/stm32f4xx_demo_RTOS_uart/STM32F4xx_StdPeriph_Driver/lib/stdperiph.a(misc.o)
NVIC_SetVectorTable                               /home/huynhtai/Downloads/STM32-master/stm32f4xx_demo_RTOS_uart/STM32F4xx_StdPeriph_Driver/lib/stdperiph.a(misc.o)
NVIC_SystemLPConfig                               /home/huynhtai/Downloads/STM32-master/stm32f4xx_demo_RTOS_uart/STM32F4xx_StdPeriph_Driver/lib/stdperiph.a(misc.o)
OTG_FS_IRQHandler                                 startup_stm32f4xx.o
OTG_FS_WKUP_IRQHandler                            startup_stm32f4xx.o
OTG_HS_EP1_IN_IRQHandler                          startup_stm32f4xx.o
OTG_HS_EP1_OUT_IRQHandler                         startup_stm32f4xx.o
OTG_HS_IRQHandler                                 startup_stm32f4xx.o
OTG_HS_WKUP_IRQHandler                            startup_stm32f4xx.o
PVD_IRQHandler                                    startup_stm32f4xx.o
PendSV_Handler                                    /home/huynhtai/Downloads/STM32-master/stm32f4xx_demo_RTOS_uart/STM32F4xx_StdPeriph_Driver/lib/freertos.a(port.o)
                                                  startup_stm32f4xx.o
RCC_AHB1PeriphClockCmd                            /home/huynhtai/Downloads/STM32-master/stm32f4xx_demo_RTOS_uart/STM32F4xx_StdPeriph_Driver/lib/stdperiph.a(stm32f4xx_rcc.o)
                                                  main.o
                                                  sensor.o
RCC_AHB1PeriphClockLPModeCmd                      /home/huynhtai/Downloads/STM32-master/stm32f4xx_demo_RTOS_uart/STM32F4xx_StdPeriph_Driver/lib/stdperiph.a(stm32f4xx_rcc.o)
RCC_AHB1PeriphResetCmd                            /home/huynhtai/Downloads/STM32-master/stm32f4xx_demo_RTOS_uart/STM32F4xx_StdPeriph_Driver/lib/stdperiph.a(stm32f4xx_rcc.o)
                                                  /home/huynhtai/Downloads/STM32-master/stm32f4xx_demo_RTOS_uart/STM32F4xx_StdPeriph_Driver/lib/stdperiph.a(stm32f4xx_gpio.o)
RCC_AHB2PeriphClockCmd                            /home/huynhtai/Downloads/STM32-master/stm32f4xx_demo_RTOS_uart/STM32F4xx_StdPeriph_Driver/lib/stdperiph.a(stm32f4xx_rcc.o)
RCC_AHB2PeriphClockLPModeCmd                      /home/huynhtai/Downloads/STM32-master/stm32f4xx_demo_RTOS_uart/STM32F4xx_StdPeriph_Driver/lib/stdperiph.a(stm32f4xx_rcc.o)
RCC_AHB2PeriphResetCmd                            /home/huynhtai/Downloads/STM32-master/stm32f4xx_demo_RTOS_uart/STM32F4xx_StdPeriph_Driver/lib/stdperiph.a(stm32f4xx_rcc.o)
RCC_AHB3PeriphClockCmd                            /home/huynhtai/Downloads/STM32-master/stm32f4xx_demo_RTOS_uart/STM32F4xx_StdPeriph_Driver/lib/stdperiph.a(stm32f4xx_rcc.o)
RCC_AHB3PeriphClockLPModeCmd                      /home/huynhtai/Downloads/STM32-master/stm32f4xx_demo_RTOS_uart/STM32F4xx_StdPeriph_Driver/lib/stdperiph.a(stm32f4xx_rcc.o)
RCC_AHB3PeriphResetCmd                            /home/huynhtai/Downloads/STM32-master/stm32f4xx_demo_RTOS_uart/STM32F4xx_StdPeriph_Driver/lib/stdperiph.a(stm32f4xx_rcc.o)
RCC_APB1PeriphClockCmd                            /home/huynhtai/Downloads/STM32-master/stm32f4xx_demo_RTOS_uart/STM32F4xx_StdPeriph_Driver/lib/stdperiph.a(stm32f4xx_rcc.o)
                                                  main.o
RCC_APB1PeriphClockLPModeCmd                      /home/huynhtai/Downloads/STM32-master/stm32f4xx_demo_RTOS_uart/STM32F4xx_StdPeriph_Driver/lib/stdperiph.a(stm32f4xx_rcc.o)
RCC_APB1PeriphResetCmd                            /home/huynhtai/Downloads/STM32-master/stm32f4xx_demo_RTOS_uart/STM32F4xx_StdPeriph_Driver/lib/stdperiph.a(stm32f4xx_rcc.o)
                                                  /home/huynhtai/Downloads/STM32-master/stm32f4xx_demo_RTOS_uart/STM32F4xx_StdPeriph_Driver/lib/stdperiph.a(stm32f4xx_tim.o)
                                                  /home/huynhtai/Downloads/STM32-master/stm32f4xx_demo_RTOS_uart/STM32F4xx_StdPeriph_Driver/lib/stdperiph.a(stm32f4xx_usart.o)
RCC_APB2PeriphClockCmd                            /home/huynhtai/Downloads/STM32-master/stm32f4xx_demo_RTOS_uart/STM32F4xx_StdPeriph_Driver/lib/stdperiph.a(stm32f4xx_rcc.o)
                                                  main.o
                                                  sensor.o
RCC_APB2PeriphClockLPModeCmd                      /home/huynhtai/Downloads/STM32-master/stm32f4xx_demo_RTOS_uart/STM32F4xx_StdPeriph_Driver/lib/stdperiph.a(stm32f4xx_rcc.o)
RCC_APB2PeriphResetCmd                            /home/huynhtai/Downloads/STM32-master/stm32f4xx_demo_RTOS_uart/STM32F4xx_StdPeriph_Driver/lib/stdperiph.a(stm32f4xx_rcc.o)
                                                  /home/huynhtai/Downloads/STM32-master/stm32f4xx_demo_RTOS_uart/STM32F4xx_StdPeriph_Driver/lib/stdperiph.a(stm32f4xx_tim.o)
                                                  /home/huynhtai/Downloads/STM32-master/stm32f4xx_demo_RTOS_uart/STM32F4xx_StdPeriph_Driver/lib/stdperiph.a(stm32f4xx_syscfg.o)
                                                  /home/huynhtai/Downloads/STM32-master/stm32f4xx_demo_RTOS_uart/STM32F4xx_StdPeriph_Driver/lib/stdperiph.a(stm32f4xx_usart.o)
RCC_AdjustHSICalibrationValue                     /home/huynhtai/Downloads/STM32-master/stm32f4xx_demo_RTOS_uart/STM32F4xx_StdPeriph_Driver/lib/stdperiph.a(stm32f4xx_rcc.o)
RCC_BackupResetCmd                                /home/huynhtai/Downloads/STM32-master/stm32f4xx_demo_RTOS_uart/STM32F4xx_StdPeriph_Driver/lib/stdperiph.a(stm32f4xx_rcc.o)
RCC_ClearFlag                                     /home/huynhtai/Downloads/STM32-master/stm32f4xx_demo_RTOS_uart/STM32F4xx_StdPeriph_Driver/lib/stdperiph.a(stm32f4xx_rcc.o)
RCC_ClearITPendingBit                             /home/huynhtai/Downloads/STM32-master/stm32f4xx_demo_RTOS_uart/STM32F4xx_StdPeriph_Driver/lib/stdperiph.a(stm32f4xx_rcc.o)
RCC_ClockSecuritySystemCmd                        /home/huynhtai/Downloads/STM32-master/stm32f4xx_demo_RTOS_uart/STM32F4xx_StdPeriph_Driver/lib/stdperiph.a(stm32f4xx_rcc.o)
RCC_DeInit                                        /home/huynhtai/Downloads/STM32-master/stm32f4xx_demo_RTOS_uart/STM32F4xx_StdPeriph_Driver/lib/stdperiph.a(stm32f4xx_rcc.o)
RCC_GetClocksFreq                                 /home/huynhtai/Downloads/STM32-master/stm32f4xx_demo_RTOS_uart/STM32F4xx_StdPeriph_Driver/lib/stdperiph.a(stm32f4xx_rcc.o)
                                                  /home/huynhtai/Downloads/STM32-master/stm32f4xx_demo_RTOS_uart/STM32F4xx_StdPeriph_Driver/lib/stdperiph.a(stm32f4xx_usart.o)
RCC_GetFlagStatus                                 /home/huynhtai/Downloads/STM32-master/stm32f4xx_demo_RTOS_uart/STM32F4xx_StdPeriph_Driver/lib/stdperiph.a(stm32f4xx_rcc.o)
RCC_GetITStatus                                   /home/huynhtai/Downloads/STM32-master/stm32f4xx_demo_RTOS_uart/STM32F4xx_StdPeriph_Driver/lib/stdperiph.a(stm32f4xx_rcc.o)