Archive member included to satisfy reference by file (symbol)

/home/huynhtai/Downloads/STM32-master/stm32f4xx_demo_RTOS_QUEU/STM32F4xx_StdPeriph_Driver/lib/stdperiph.a(stm32f4xx_gpio.o)
                              my_printf.o (GPIO_Init)
/home/huynhtai/Downloads/STM32-master/stm32f4xx_demo_RTOS_QUEU/STM32F4xx_StdPeriph_Driver/lib/stdperiph.a(stm32f4xx_usart.o)
                              my_printf.o (USART_DeInit)
/home/huynhtai/Downloads/STM32-master/stm32f4xx_demo_RTOS_QUEU/STM32F4xx_StdPeriph_Driver/lib/stdperiph.a(stm32f4xx_exti.o)
                              stm32f4xx_it.o (EXTI_ClearITPendingBit)
/home/huynhtai/Downloads/STM32-master/stm32f4xx_demo_RTOS_QUEU/STM32F4xx_StdPeriph_Driver/lib/stdperiph.a(stm32f4xx_rtc.o)
                              stm32f4xx_it.o (RTC_ClearFlag)
/home/huynhtai/Downloads/STM32-master/stm32f4xx_demo_RTOS_QUEU/STM32F4xx_StdPeriph_Driver/lib/stdperiph.a(stm32f4xx_rcc.o)
                              /home/huynhtai/Downloads/STM32-master/stm32f4xx_demo_RTOS_QUEU/STM32F4xx_StdPeriph_Driver/lib/stdperiph.a(stm32f4xx_usart.o) (RCC_GetClocksFreq)
/home/huynhtai/Downloads/STM32-master/stm32f4xx_demo_RTOS_QUEU/STM32F4xx_StdPeriph_Driver/lib/freertos.a(queue.o)
                              main.o (xQueueGenericCreate)
/home/huynhtai/Downloads/STM32-master/stm32f4xx_demo_RTOS_QUEU/STM32F4xx_StdPeriph_Driver/lib/freertos.a(list.o)
                              /home/huynhtai/Downloads/STM32-master/stm32f4xx_demo_RTOS_QUEU/STM32F4xx_StdPeriph_Driver/lib/freertos.a(queue.o) (vListInitialise)
/home/huynhtai/Downloads/STM32-master/stm32f4xx_demo_RTOS_QUEU/STM32F4xx_StdPeriph_Driver/lib/freertos.a(tasks.o)
                              main.o (xTaskCreate)
/home/huynhtai/Downloads/STM32-master/stm32f4xx_demo_RTOS_QUEU/STM32F4xx_StdPeriph_Driver/lib/freertos.a(timers.o)
                              /home/huynhtai/Downloads/STM32-master/stm32f4xx_demo_RTOS_QUEU/STM32F4xx_StdPeriph_Driver/lib/freertos.a(tasks.o) (xTimerCreateTimerTask)
/home/huynhtai/Downloads/STM32-master/stm32f4xx_demo_RTOS_QUEU/STM32F4xx_StdPeriph_Driver/lib/freertos.a(port.o)
                              /home/huynhtai/Downloads/STM32-master/stm32f4xx_demo_RTOS_QUEU/STM32F4xx_StdPeriph_Driver/lib/freertos.a(tasks.o) (pxPortInitialiseStack)
/home/huynhtai/Downloads/STM32-master/stm32f4xx_demo_RTOS_QUEU/STM32F4xx_StdPeriph_Driver/lib/freertos.a(heap_4.o)
                              /home/huynhtai/Downloads/STM32-master/stm32f4xx_demo_RTOS_QUEU/STM32F4xx_StdPeriph_Driver/lib/freertos.a(queue.o) (pvPortMalloc)
/home/huynhtai/Downloads/TOOLCHAIN/gcc-arm-none-eabi-5_4-2016q3/bin/../lib/gcc/arm-none-eabi/5.4.1/../../../../arm-none-eabi/lib/armv7e-m/fpu/libc_nano.a(lib_a-memcpy-stub.o)
                              startup_stm32f4xx.o (memcpy)
/home/huynhtai/Downloads/TOOLCHAIN/gcc-arm-none-eabi-5_4-2016q3/bin/../lib/gcc/arm-none-eabi/5.4.1/../../../../arm-none-eabi/lib/armv7e-m/fpu/libc_nano.a(lib_a-memset.o)
                              startup_stm32f4xx.o (memset)

Allocating common symbols
Common symbol       size              file

xQueueRegistry      0x40              /home/huynhtai/Downloads/STM32-master/stm32f4xx_demo_RTOS_QUEU/STM32F4xx_StdPeriph_Driver/lib/freertos.a(queue.o)
data                0x4               main.o

Discarded input sections

 .group         0x00000000        0x8 my_printf.o
 .group         0x00000000        0x8 my_printf.o
 .group         0x00000000        0x8 my_printf.o
 .group         0x00000000        0x8 my_printf.o
 .group         0x00000000        0x8 my_printf.o
 .group         0x00000000        0x8 my_printf.o
 .group         0x00000000        0x8 my_printf.o
 .group         0x00000000        0x8 my_printf.o
 .group         0x00000000        0x8 my_printf.o
 .group         0x00000000        0x8 my_printf.o
 .group         0x00000000        0x8 my_printf.o
 .group         0x00000000        0x8 my_printf.o
 .group         0x00000000        0x8 my_printf.o
 .group         0x00000000        0x8 my_printf.o
 .group         0x00000000        0x8 my_printf.o
 .group         0x00000000        0x8 my_printf.o
 .group         0x00000000        0x8 my_printf.o
 .group         0x00000000        0x8 my_printf.o
 .group         0x00000000        0x8 my_printf.o
 .group         0x00000000        0x8 my_printf.o
 .group         0x00000000        0x8 my_printf.o
 .group         0x00000000        0x8 my_printf.o
 .group         0x00000000        0x8 my_printf.o
 .group         0x00000000        0x8 my_printf.o
 .group         0x00000000        0x8 my_printf.o
 .group         0x00000000        0x8 my_printf.o
 .group         0x00000000        0x8 my_printf.o
 .group         0x00000000        0x8 my_printf.o
 .group         0x00000000        0x8 my_printf.o
 .group         0x00000000        0x8 my_printf.o
 .group         0x00000000        0x8 my_printf.o
 .group         0x00000000        0x8 my_printf.o
 .group         0x00000000        0x8 my_printf.o
[...]
Memory Configuration

Name             Origin             Length             Attributes
FLASH            0x08000000         0x00080000         xr
RAM              0x20000000         0x00020000         xrw
CCM              0x10000000         0x00010000         xrw
*default*        0x00000000         0xffffffff

Linker script and memory map

LOAD my_printf.o
LOAD startup_stm32f4xx.o
LOAD main.o
LOAD stm32f4xx_it.o
LOAD system_stm32f4xx.o
LOAD CortexM4asmOps.o
LOAD /home/huynhtai/Downloads/STM32-master/stm32f4xx_demo_RTOS_QUEU/STM32F4xx_StdPeriph_Driver/lib/stdperiph.a
LOAD /home/huynhtai/Downloads/STM32-master/stm32f4xx_demo_RTOS_QUEU/STM32F4xx_StdPeriph_Driver/lib/freertos.a
LOAD /home/huynhtai/Downloads/TOOLCHAIN/gcc-arm-none-eabi-5_4-2016q3/bin/../lib/gcc/arm-none-eabi/5.4.1/../../../../arm-none-eabi/lib/armv7e-m/fpu/libc_nano.a
LOAD /home/huynhtai/Downloads/TOOLCHAIN/gcc-arm-none-eabi-5_4-2016q3/bin/../lib/gcc/arm-none-eabi/5.4.1/armv7e-m/fpu/libgcc.a
LOAD /home/huynhtai/Downloads/TOOLCHAIN/gcc-arm-none-eabi-5_4-2016q3/bin/../lib/gcc/arm-none-eabi/5.4.1/../../../../arm-none-eabi/lib/armv7e-m/fpu/libnosys.a
START GROUP
LOAD /home/huynhtai/Downloads/TOOLCHAIN/gcc-arm-none-eabi-5_4-2016q3/bin/../lib/gcc/arm-none-eabi/5.4.1/armv7e-m/fpu/libgcc.a
LOAD /home/huynhtai/Downloads/TOOLCHAIN/gcc-arm-none-eabi-5_4-2016q3/bin/../lib/gcc/arm-none-eabi/5.4.1/../../../../arm-none-eabi/lib/armv7e-m/fpu/libc_nano.a
END GROUP
START GROUP
LOAD /home/huynhtai/Downloads/TOOLCHAIN/gcc-arm-none-eabi-5_4-2016q3/bin/../lib/gcc/arm-none-eabi/5.4.1/armv7e-m/fpu/libgcc.a
LOAD /home/huynhtai/Downloads/TOOLCHAIN/gcc-arm-none-eabi-5_4-2016q3/bin/../lib/gcc/arm-none-eabi/5.4.1/../../../../arm-none-eabi/lib/armv7e-m/fpu/libc_nano.a
END GROUP
                0x20020000                _estack = 0x20020000
                0x00002000                _Min_Heap_Size = 0x2000
                0x00004000                _Min_Stack_Size = 0x4000

.isr_vector     0x08000000      0x188
                0x08000000                . = ALIGN (0x4)
 *(.isr_vector)
 .isr_vector    0x08000000      0x188 startup_stm32f4xx.o
                0x08000000                g_pfnVectors
                0x08000188                . = ALIGN (0x4)

.text           0x08000190     0x2bb8
                0x08000190                . = ALIGN (0x4)
 *(.text)
 *(.text*)
 .text.my_printf_config
                0x08000190      0x11c my_printf.o
                0x08000190                my_printf_config
 .text.my_printf
                0x080002ac       0xb4 my_printf.o
                0x080002ac                my_printf
 .text.Default_Handler
                0x08000360        0x4 startup_stm32f4xx.o
                0x08000360                HASH_RNG_IRQHandler
                0x08000360                EXTI2_IRQHandler
                0x08000360                TIM8_CC_IRQHandler
                0x08000360                DebugMon_Handler
                0x08000360                TIM1_CC_IRQHandler
                0x08000360                DMA2_Stream5_IRQHandler
                0x08000360                DMA1_Stream5_IRQHandler
                0x08000360                PVD_IRQHandler
                0x08000360                SDIO_IRQHandler
                0x08000360                TAMP_STAMP_IRQHandler
                0x08000360                CAN2_RX1_IRQHandler
                0x08000360                EXTI3_IRQHandler
                0x08000360                TIM8_TRG_COM_TIM14_IRQHandler
                0x08000360                TIM1_UP_TIM10_IRQHandler
                0x08000360                TIM8_UP_TIM13_IRQHandler
                0x08000360                I2C3_ER_IRQHandler
                0x08000360                EXTI0_IRQHandler
                0x08000360                I2C2_EV_IRQHandler
                0x08000360                DMA1_Stream2_IRQHandler
                0x08000360                CAN1_RX0_IRQHandler
                0x08000360                FPU_IRQHandler
                0x08000360                OTG_HS_WKUP_IRQHandler
                0x08000360                UsageFault_Handler
                0x08000360                CAN2_SCE_IRQHandler
                0x08000360                DMA2_Stream2_IRQHandler
                0x08000360                SPI1_IRQHandler
                0x08000360                TIM6_DAC_IRQHandler
                0x08000360                TIM1_BRK_TIM9_IRQHandler
                0x08000360                DCMI_IRQHandler
                0x08000360                CAN2_RX0_IRQHandler
                0x08000360                DMA2_Stream3_IRQHandler
                0x08000360                USART6_IRQHandler
                0x08000360                USART3_IRQHandler
                0x08000360                CRYP_IRQHandler
                0x08000360                CAN1_RX1_IRQHandler
                0x08000360                UART5_IRQHandler
                0x08000360                DMA2_Stream0_IRQHandler
                0x08000360                TIM4_IRQHandler
                0x08000360                I2C1_EV_IRQHandler
                0x08000360                DMA1_Stream6_IRQHandler
                0x08000360                DMA1_Stream1_IRQHandler
                0x08000360                UART4_IRQHandler
                0x08000360                TIM3_IRQHandler
                0x08000360                RCC_IRQHandler
                0x08000360                TIM8_BRK_TIM12_IRQHandler
                0x08000360                Default_Handler
                0x08000360                EXTI15_10_IRQHandler
                0x08000360                ADC_IRQHandler
                0x08000360                DMA1_Stream7_IRQHandler
                0x08000360                TIM7_IRQHandler
                0x08000360                CAN2_TX_IRQHandler
                0x08000360                TIM5_IRQHandler
                0x08000360                DMA2_Stream7_IRQHandler
                0x08000360                I2C3_EV_IRQHandler
                0x08000360                EXTI9_5_IRQHandler
                0x08000360                ETH_WKUP_IRQHandler
                0x08000360                SPI2_IRQHandler
                0x08000360                OTG_HS_EP1_IN_IRQHandler
                0x08000360                MemManage_Handler
                0x08000360                DMA1_Stream0_IRQHandler
                0x08000360                CAN1_TX_IRQHandler
                0x08000360                EXTI4_IRQHandler
                0x08000360                FSMC_IRQHandler
                0x08000360                ETH_IRQHandler
                0x08000360                OTG_HS_EP1_OUT_IRQHandler
                0x08000360                WWDG_IRQHandler
                0x08000360                TIM2_IRQHandler
                0x08000360                OTG_FS_WKUP_IRQHandler
                0x08000360                TIM1_TRG_COM_TIM11_IRQHandler
                0x08000360                OTG_HS_IRQHandler
                0x08000360                EXTI1_IRQHandler
                0x08000360                I2C2_ER_IRQHandler
                0x08000360                DMA2_Stream1_IRQHandler
                0x08000360                CAN1_SCE_IRQHandler
                0x08000360                FLASH_IRQHandler
                0x08000360                DMA2_Stream4_IRQHandler
                0x08000360                BusFault_Handler
                0x08000360                USART1_IRQHandler
                0x08000360                OTG_FS_IRQHandler
                0x08000360                SPI3_IRQHandler
                0x08000360                DMA1_Stream4_IRQHandler
                0x08000360                I2C1_ER_IRQHandler
                0x08000360                DMA2_Stream6_IRQHandler
                0x08000360                DMA1_Stream3_IRQHandler
 .text.Reset_Handler
                0x08000364       0x60 startup_stm32f4xx.o
                0x08000364                Reset_Handler
 .text.vReceiverptrTask
                0x080003c4       0x44 main.o
 .text.vSenderptrTask
                0x08000408       0x44 main.o
 .text.vTimerOneShot
                0x0800044c       0x10 main.o
 .text.vTimerSoftware
                0x0800045c       0x10 main.o
 .text.startup.main
                0x0800046c       0xe4 main.o
                0x0800046c                main
 .text.NMI_Handler
                0x08000550        0x4 stm32f4xx_it.o
                0x08000550                NMI_Handler
 .text.HardFault_Handler
                0x08000554        0x4 stm32f4xx_it.o
                0x08000554                HardFault_Handler
 .text.USART2_IRQHandler
                0x08000558       0x24 stm32f4xx_it.o
                0x08000558                USART2_IRQHandler
 .text.RTC_WKUP_IRQHandler
                0x0800057c       0x24 stm32f4xx_it.o
                0x0800057c                RTC_WKUP_IRQHandler
 .text.RTC_Alarm_IRQHandler
                0x080005a0       0x58 stm32f4xx_it.o
                0x080005a0                RTC_Alarm_IRQHandler
 .text.SystemInit
                0x080005f8       0xfc system_stm32f4xx.o
                0x080005f8                SystemInit
 .text.GPIO_Init
                0x080006f4       0xa8 /home/huynhtai/Downloads/STM32-master/stm32f4xx_demo_RTOS_QUEU/STM32F4xx_StdPeriph_Driver/lib/stdperiph.a(stm32f4xx_gpio.o)
                0x080006f4                GPIO_Init
 .text.GPIO_SetBits
                0x0800079c        0x4 /home/huynhtai/Downloads/STM32-master/stm32f4xx_demo_RTOS_QUEU/STM32F4xx_StdPeriph_Driver/lib/stdperiph.a(stm32f4xx_gpio.o)
                0x0800079c                GPIO_SetBits
 .text.GPIO_ToggleBits
                0x080007a0        0x8 /home/huynhtai/Downloads/STM32-master/stm32f4xx_demo_RTOS_QUEU/STM32F4xx_StdPeriph_Driver/lib/stdperiph.a(stm32f4xx_gpio.o)
                0x080007a0                GPIO_ToggleBits
 .text.GPIO_PinAFConfig
                0x080007a8       0x2c /home/huynhtai/Downloads/STM32-master/stm32f4xx_demo_RTOS_QUEU/STM32F4xx_StdPeriph_Driver/lib/stdperiph.a(stm32f4xx_gpio.o)
                0x080007a8                GPIO_PinAFConfig
 .text.USART_DeInit
                0x080007d4      0x10c /home/huynhtai/Downloads/STM32-master/stm32f4xx_demo_RTOS_QUEU/STM32F4xx_StdPeriph_Driver/lib/stdperiph.a(stm32f4xx_usart.o)
                0x080007d4                USART_DeInit
 .text.USART_Init
                0x080008e0       0xc4 /home/huynhtai/Downloads/STM32-master/stm32f4xx_demo_RTOS_QUEU/STM32F4xx_StdPeriph_Driver/lib/stdperiph.a(stm32f4xx_usart.o)
                0x080008e0                USART_Init
 .text.USART_Cmd
                0x080009a4       0x1c /home/huynhtai/Downloads/STM32-master/stm32f4xx_demo_RTOS_QUEU/STM32F4xx_StdPeriph_Driver/lib/stdperiph.a(stm32f4xx_usart.o)
                0x080009a4                USART_Cmd
 .text.USART_SendData
                0x080009c0       0x18 /home/huynhtai/Downloads/STM32-master/stm32f4xx_demo_RTOS_QUEU/STM32F4xx_StdPeriph_Driver/lib/stdperiph.a(stm32f4xx_usart.o)
                0x080009c0                USART_SendData
 .text.USART_SendString
                0x080009d8       0x24 /home/huynhtai/Downloads/STM32-master/stm32f4xx_demo_RTOS_QUEU/STM32F4xx_StdPeriph_Driver/lib/stdperiph.a(stm32f4xx_usart.o)
                0x080009d8                USART_SendString
 .text.USART_ReceiveData
                0x080009fc        0x8 /home/huynhtai/Downloads/STM32-master/stm32f4xx_demo_RTOS_QUEU/STM32F4xx_StdPeriph_Driver/lib/stdperiph.a(stm32f4xx_usart.o)
                0x080009fc                USART_ReceiveData
 .text.USART_LINBreakDetectLengthConfig
                0x08000a04       0x18 /home/huynhtai/Downloads/STM32-master/stm32f4xx_demo_RTOS_QUEU/STM32F4xx_StdPeriph_Driver/lib/stdperiph.a(stm32f4xx_usart.o)
                0x08000a04                USART_LINBreakDetectLengthConfig
 .text.USART_LINCmd
                0x08000a1c       0x1c /home/huynhtai/Downloads/STM32-master/stm32f4xx_demo_RTOS_QUEU/STM32F4xx_StdPeriph_Driver/lib/stdperiph.a(stm32f4xx_usart.o)
                0x08000a1c                USART_LINCmd
 .text.USART_DMACmd
                0x08000a38       0x14 /home/huynhtai/Downloads/STM32-master/stm32f4xx_demo_RTOS_QUEU/STM32F4xx_StdPeriph_Driver/lib/stdperiph.a(stm32f4xx_usart.o)
                0x08000a38                USART_DMACmd
 .text.USART_ITConfig
                0x08000a4c       0x3c /home/huynhtai/Downloads/STM32-master/stm32f4xx_demo_RTOS_QUEU/STM32F4xx_StdPeriph_Driver/lib/stdperiph.a(stm32f4xx_usart.o)
                0x08000a4c                USART_ITConfig
 .text.USART_GetFlagStatus
                0x08000a88        0xc /home/huynhtai/Downloads/STM32-master/stm32f4xx_demo_RTOS_QUEU/STM32F4xx_StdPeriph_Driver/lib/stdperiph.a(stm32f4xx_usart.o)
                0x08000a88                USART_GetFlagStatus
 .text.EXTI_ClearITPendingBit
                0x08000a94        0xc /home/huynhtai/Downloads/STM32-master/stm32f4xx_demo_RTOS_QUEU/STM32F4xx_StdPeriph_Driver/lib/stdperiph.a(stm32f4xx_exti.o)
                0x08000a94                EXTI_ClearITPendingBit
 .text.RTC_ClearFlag
                0x08000aa0       0x1c /home/huynhtai/Downloads/STM32-master/stm32f4xx_demo_RTOS_QUEU/STM32F4xx_StdPeriph_Driver/lib/stdperiph.a(stm32f4xx_rtc.o)
                0x08000aa0                RTC_ClearFlag
 .text.RTC_GetITStatus
                0x08000abc       0x2c /home/huynhtai/Downloads/STM32-master/stm32f4xx_demo_RTOS_QUEU/STM32F4xx_StdPeriph_Driver/lib/stdperiph.a(stm32f4xx_rtc.o)
                0x08000abc                RTC_GetITStatus
 .text.RTC_ClearITPendingBit
                0x08000ae8       0x1c /home/huynhtai/Downloads/STM32-master/stm32f4xx_demo_RTOS_QUEU/STM32F4xx_StdPeriph_Driver/lib/stdperiph.a(stm32f4xx_rtc.o)
                0x08000ae8                RTC_ClearITPendingBit
 .text.RCC_GetClocksFreq
                0x08000b04       0x98 /home/huynhtai/Downloads/STM32-master/stm32f4xx_demo_RTOS_QUEU/STM32F4xx_StdPeriph_Driver/lib/stdperiph.a(stm32f4xx_rcc.o)
                0x08000b04                RCC_GetClocksFreq
 .text.RCC_AHB1PeriphClockCmd
                0x08000b9c       0x1c /home/huynhtai/Downloads/STM32-master/stm32f4xx_demo_RTOS_QUEU/STM32F4xx_StdPeriph_Driver/lib/stdperiph.a(stm32f4xx_rcc.o)
                0x08000b9c                RCC_AHB1PeriphClockCmd
 .text.RCC_APB1PeriphClockCmd
                0x08000bb8       0x1c /home/huynhtai/Downloads/STM32-master/stm32f4xx_demo_RTOS_QUEU/STM32F4xx_StdPeriph_Driver/lib/stdperiph.a(stm32f4xx_rcc.o)
                0x08000bb8                RCC_APB1PeriphClockCmd
 .text.RCC_APB2PeriphClockCmd
                0x08000bd4       0x1c /home/huynhtai/Downloads/STM32-master/stm32f4xx_demo_RTOS_QUEU/STM32F4xx_StdPeriph_Driver/lib/stdperiph.a(stm32f4xx_rcc.o)
                0x08000bd4                RCC_APB2PeriphClockCmd
 .text.RCC_APB1PeriphResetCmd
                0x08000bf0       0x1c /home/huynhtai/Downloads/STM32-master/stm32f4xx_demo_RTOS_QUEU/STM32F4xx_StdPeriph_Driver/lib/stdperiph.a(stm32f4xx_rcc.o)
                0x08000bf0                RCC_APB1PeriphResetCmd
 .text.RCC_APB2PeriphResetCmd
                0x08000c0c       0x1c /home/huynhtai/Downloads/STM32-master/stm32f4xx_demo_RTOS_QUEU/STM32F4xx_StdPeriph_Driver/lib/stdperiph.a(stm32f4xx_rcc.o)
                0x08000c0c                RCC_APB2PeriphResetCmd
 .text.unlikely.prvCopyDataToQueue
                0x08000c28       0x74 /home/huynhtai/Downloads/STM32-master/stm32f4xx_demo_RTOS_QUEU/STM32F4xx_StdPeriph_Driver/lib/freertos.a(queue.o)
 .text.unlikely.prvCopyDataFromQueue
                0x08000c9c       0x28 /home/huynhtai/Downloads/STM32-master/stm32f4xx_demo_RTOS_QUEU/STM32F4xx_StdPeriph_Driver/lib/freertos.a(queue.o)
 .text.prvUnlockQueue
                0x08000cc4       0x94 /home/huynhtai/Downloads/STM32-master/stm32f4xx_demo_RTOS_QUEU/STM32F4xx_StdPeriph_Driver/lib/freertos.a(queue.o)
 .text.xQueueGenericReset
                0x08000d58       0x90 /home/huynhtai/Downloads/STM32-master/stm32f4xx_demo_RTOS_QUEU/STM32F4xx_StdPeriph_Driver/lib/freertos.a(queue.o)
                0x08000d58                xQueueGenericReset
 .text.xQueueGenericCreate
                0x08000de8       0x48 /home/huynhtai/Downloads/STM32-master/stm32f4xx_demo_RTOS_QUEU/STM32F4xx_StdPeriph_Driver/lib/freertos.a(queue.o)
                0x08000de8                xQueueGenericCreate
 .text.xQueueGenericSend
                0x08000e30      0x2ac /home/huynhtai/Downloads/STM32-master/stm32f4xx_demo_RTOS_QUEU/STM32F4xx_StdPeriph_Driver/lib/freertos.a(queue.o)
                0x08000e30                xQueueGenericSend
 .text.xQueueGenericSendFromISR
                0x080010dc       0xc8 /home/huynhtai/Downloads/STM32-master/stm32f4xx_demo_RTOS_QUEU/STM32F4xx_StdPeriph_Driver/lib/freertos.a(queue.o)
                0x080010dc                xQueueGenericSendFromISR
 .text.xQueueReceive
                0x080011a4      0x30c /home/huynhtai/Downloads/STM32-master/stm32f4xx_demo_RTOS_QUEU/STM32F4xx_StdPeriph_Driver/lib/freertos.a(queue.o)
                0x080011a4                xQueueReceive
 .text.vQueueAddToRegistry
                0x080014b0       0x58 /home/huynhtai/Downloads/STM32-master/stm32f4xx_demo_RTOS_QUEU/STM32F4xx_StdPeriph_Driver/lib/freertos.a(queue.o)
                0x080014b0                vQueueAddToRegistry
 .text.vQueueWaitForMessageRestricted
                0x08001508       0xcc /home/huynhtai/Downloads/STM32-master/stm32f4xx_demo_RTOS_QUEU/STM32F4xx_StdPeriph_Driver/lib/freertos.a(queue.o)
                0x08001508                vQueueWaitForMessageRestricted
 .text.vListInitialise
                0x080015d4       0x18 /home/huynhtai/Downloads/STM32-master/stm32f4xx_demo_RTOS_QUEU/STM32F4xx_StdPeriph_Driver/lib/freertos.a(list.o)
                0x080015d4                vListInitialise
 .text.vListInitialiseItem
                0x080015ec        0x8 /home/huynhtai/Downloads/STM32-master/stm32f4xx_demo_RTOS_QUEU/STM32F4xx_StdPeriph_Driver/lib/freertos.a(list.o)
                0x080015ec                vListInitialiseItem
 .text.vListInsertEnd
                0x080015f4       0x18 /home/huynhtai/Downloads/STM32-master/stm32f4xx_demo_RTOS_QUEU/STM32F4xx_StdPeriph_Driver/lib/freertos.a(list.o)
                0x080015f4                vListInsertEnd
 .text.vListInsert
                0x0800160c       0x34 /home/huynhtai/Downloads/STM32-master/stm32f4xx_demo_RTOS_QUEU/STM32F4xx_StdPeriph_Driver/lib/freertos.a(list.o)
                0x0800160c                vListInsert
 .text.uxListRemove
                0x08001640       0x28 /home/huynhtai/Downloads/STM32-master/stm32f4xx_demo_RTOS_QUEU/STM32F4xx_StdPeriph_Driver/lib/freertos.a(list.o)
                0x08001640                uxListRemove
 .text.prvIdleTask
                0x08001668       0x70 /home/huynhtai/Downloads/STM32-master/stm32f4xx_demo_RTOS_QUEU/STM32F4xx_StdPeriph_Driver/lib/freertos.a(tasks.o)
 .text.xTaskIncrementTick.part.5
                0x080016d8      0x130 /home/huynhtai/Downloads/STM32-master/stm32f4xx_demo_RTOS_QUEU/STM32F4xx_StdPeriph_Driver/lib/freertos.a(tasks.o)
 .text.xTaskCreate
                0x08001808      0x228 /home/huynhtai/Downloads/STM32-master/stm32f4xx_demo_RTOS_QUEU/STM32F4xx_StdPeriph_Driver/lib/freertos.a(tasks.o)
                0x08001808                xTaskCreate
 .text.vTaskStartScheduler
                0x08001a30      0x210 /home/huynhtai/Downloads/STM32-master/stm32f4xx_demo_RTOS_QUEU/STM32F4xx_StdPeriph_Driver/lib/freertos.a(tasks.o)
                0x08001a30                vTaskStartScheduler
 .text.vTaskSuspendAll
                0x08001c40       0x10 /home/huynhtai/Downloads/STM32-master/stm32f4xx_demo_RTOS_QUEU/STM32F4xx_StdPeriph_Driver/lib/freertos.a(tasks.o)
                0x08001c40                vTaskSuspendAll
 .text.xTaskResumeAll
                0x08001c50      0x130 /home/huynhtai/Downloads/STM32-master/stm32f4xx_demo_RTOS_QUEU/STM32F4xx_StdPeriph_Driver/lib/freertos.a(tasks.o)
                0x08001c50                xTaskResumeAll
 .text.xTaskGetTickCount
                0x08001d80        0xc /home/huynhtai/Downloads/STM32-master/stm32f4xx_demo_RTOS_QUEU/STM32F4xx_StdPeriph_Driver/lib/freertos.a(tasks.o)
                0x08001d80                xTaskGetTickCount
 .text.xTaskIncrementTick
                0x08001d8c       0x20 /home/huynhtai/Downloads/STM32-master/stm32f4xx_demo_RTOS_QUEU/STM32F4xx_StdPeriph_Driver/lib/freertos.a(tasks.o)
                0x08001d8c                xTaskIncrementTick
 .text.vTaskSwitchContext
                0x08001dac       0x70 /home/huynhtai/Downloads/STM32-master/stm32f4xx_demo_RTOS_QUEU/STM32F4xx_StdPeriph_Driver/lib/freertos.a(tasks.o)
                0x08001dac                vTaskSwitchContext
 .text.vTaskPlaceOnEventList
                0x08001e1c       0xa4 /home/huynhtai/Downloads/STM32-master/stm32f4xx_demo_RTOS_QUEU/STM32F4xx_StdPeriph_Driver/lib/freertos.a(tasks.o)
                0x08001e1c                vTaskPlaceOnEventList
 .text.vTaskPlaceOnEventListRestricted
                0x08001ec0       0xc4 /home/huynhtai/Downloads/STM32-master/stm32f4xx_demo_RTOS_QUEU/STM32F4xx_StdPeriph_Driver/lib/freertos.a(tasks.o)
                0x08001ec0                vTaskPlaceOnEventListRestricted
 .text.xTaskRemoveFromEventList
                0x08001f84       0x88 /home/huynhtai/Downloads/STM32-master/stm32f4xx_demo_RTOS_QUEU/STM32F4xx_StdPeriph_Driver/lib/freertos.a(tasks.o)
                0x08001f84                xTaskRemoveFromEventList
 .text.vTaskInternalSetTimeOutState
                0x0800200c       0x18 /home/huynhtai/Downloads/STM32-master/stm32f4xx_demo_RTOS_QUEU/STM32F4xx_StdPeriph_Driver/lib/freertos.a(tasks.o)
                0x0800200c                vTaskInternalSetTimeOutState
 .text.xTaskCheckForTimeOut
                0x08002024       0x98 /home/huynhtai/Downloads/STM32-master/stm32f4xx_demo_RTOS_QUEU/STM32F4xx_StdPeriph_Driver/lib/freertos.a(tasks.o)
                0x08002024                xTaskCheckForTimeOut
 .text.vTaskMissedYield
                0x080020bc        0xc /home/huynhtai/Downloads/STM32-master/stm32f4xx_demo_RTOS_QUEU/STM32F4xx_StdPeriph_Driver/lib/freertos.a(tasks.o)
                0x080020bc                vTaskMissedYield
 .text.xTaskGetSchedulerState
                0x080020c8       0x20 /home/huynhtai/Downloads/STM32-master/stm32f4xx_demo_RTOS_QUEU/STM32F4xx_StdPeriph_Driver/lib/freertos.a(tasks.o)
                0x080020c8                xTaskGetSchedulerState
 .text.xTaskPriorityDisinherit
                0x080020e8       0xb4 /home/huynhtai/Downloads/STM32-master/stm32f4xx_demo_RTOS_QUEU/STM32F4xx_StdPeriph_Driver/lib/freertos.a(tasks.o)
                0x080020e8                xTaskPriorityDisinherit
 .text.prvSwitchTimerLists
                0x0800219c       0xa0 /home/huynhtai/Downloads/STM32-master/stm32f4xx_demo_RTOS_QUEU/STM32F4xx_StdPeriph_Driver/lib/freertos.a(timers.o)
 .text.prvTimerTask
                0x0800223c      0x2a4 /home/huynhtai/Downloads/STM32-master/stm32f4xx_demo_RTOS_QUEU/STM32F4xx_StdPeriph_Driver/lib/freertos.a(timers.o)
 .text.xTimerCreateTimerTask
                0x080024e0       0x98 /home/huynhtai/Downloads/STM32-master/stm32f4xx_demo_RTOS_QUEU/STM32F4xx_StdPeriph_Driver/lib/freertos.a(timers.o)
                0x080024e0                xTimerCreateTimerTask
 .text.xTimerCreate
                0x08002578       0xc4 /home/huynhtai/Downloads/STM32-master/stm32f4xx_demo_RTOS_QUEU/STM32F4xx_StdPeriph_Driver/lib/freertos.a(timers.o)
                0x08002578                xTimerCreate
 .text.xTimerGenericCommand
                0x0800263c       0x68 /home/huynhtai/Downloads/STM32-master/stm32f4xx_demo_RTOS_QUEU/STM32F4xx_StdPeriph_Driver/lib/freertos.a(timers.o)
                0x0800263c                xTimerGenericCommand
 .text.prvTaskExitError
                0x080026a4       0x40 /home/huynhtai/Downloads/STM32-master/stm32f4xx_demo_RTOS_QUEU/STM32F4xx_StdPeriph_Driver/lib/freertos.a(port.o)
 .text.unlikely.prvPortStartFirstTask
                0x080026e4       0x28 /home/huynhtai/Downloads/STM32-master/stm32f4xx_demo_RTOS_QUEU/STM32F4xx_StdPeriph_Driver/lib/freertos.a(port.o)
 .text.unlikely.vPortEnableVFP
                0x0800270c       0x14 /home/huynhtai/Downloads/STM32-master/stm32f4xx_demo_RTOS_QUEU/STM32F4xx_StdPeriph_Driver/lib/freertos.a(port.o)
 .text.pxPortInitialiseStack
                0x08002720       0x2c /home/huynhtai/Downloads/STM32-master/stm32f4xx_demo_RTOS_QUEU/STM32F4xx_StdPeriph_Driver/lib/freertos.a(port.o)
                0x08002720                pxPortInitialiseStack
 *fill*         0x0800274c        0x4 
 .text.SVC_Handler
                0x08002750       0x24 /home/huynhtai/Downloads/STM32-master/stm32f4xx_demo_RTOS_QUEU/STM32F4xx_StdPeriph_Driver/lib/freertos.a(port.o)
                0x08002750                SVC_Handler
 .text.vPortEnterCritical
                0x08002774       0x44 /home/huynhtai/Downloads/STM32-master/stm32f4xx_demo_RTOS_QUEU/STM32F4xx_StdPeriph_Driver/lib/freertos.a(port.o)
                0x08002774                vPortEnterCritical
 .text.vPortExitCritical
                0x080027b8       0x28 /home/huynhtai/Downloads/STM32-master/stm32f4xx_demo_RTOS_QUEU/STM32F4xx_StdPeriph_Driver/lib/freertos.a(port.o)
                0x080027b8                vPortExitCritical
 .text.PendSV_Handler
                0x080027e0       0x64 /home/huynhtai/Downloads/STM32-master/stm32f4xx_demo_RTOS_QUEU/STM32F4xx_StdPeriph_Driver/lib/freertos.a(port.o)
                0x080027e0                PendSV_Handler
 .text.SysTick_Handler
                0x08002844       0x2c /home/huynhtai/Downloads/STM32-master/stm32f4xx_demo_RTOS_QUEU/STM32F4xx_StdPeriph_Driver/lib/freertos.a(port.o)
                0x08002844                SysTick_Handler
 .text.vPortSetupTimerInterrupt
                0x08002870       0x3c /home/huynhtai/Downloads/STM32-master/stm32f4xx_demo_RTOS_QUEU/STM32F4xx_StdPeriph_Driver/lib/freertos.a(port.o)
                0x08002870                vPortSetupTimerInterrupt
 .text.xPortStartScheduler
                0x080028ac      0x114 /home/huynhtai/Downloads/STM32-master/stm32f4xx_demo_RTOS_QUEU/STM32F4xx_StdPeriph_Driver/lib/freertos.a(port.o)
                0x080028ac                xPortStartScheduler
 .text.vPortValidateInterruptPriority
                0x080029c0       0x5c /home/huynhtai/Downloads/STM32-master/stm32f4xx_demo_RTOS_QUEU/STM32F4xx_StdPeriph_Driver/lib/freertos.a(port.o)
                0x080029c0                vPortValidateInterruptPriority
 .text.unlikely.prvInsertBlockIntoFreeList
                0x08002a1c       0x54 /home/huynhtai/Downloads/STM32-master/stm32f4xx_demo_RTOS_QUEU/STM32F4xx_StdPeriph_Driver/lib/freertos.a(heap_4.o)
 .text.pvPortMalloc
                0x08002a70      0x128 /home/huynhtai/Downloads/STM32-master/stm32f4xx_demo_RTOS_QUEU/STM32F4xx_StdPeriph_Driver/lib/freertos.a(heap_4.o)
                0x08002a70                pvPortMalloc
 .text.vPortFree
                0x08002b98       0x7c /home/huynhtai/Downloads/STM32-master/stm32f4xx_demo_RTOS_QUEU/STM32F4xx_StdPeriph_Driver/lib/freertos.a(heap_4.o)
                0x08002b98                vPortFree
 .text.xPortGetFreeHeapSize
                0x08002c14        0xc /home/huynhtai/Downloads/STM32-master/stm32f4xx_demo_RTOS_QUEU/STM32F4xx_StdPeriph_Driver/lib/freertos.a(heap_4.o)
                0x08002c14                xPortGetFreeHeapSize
 .text.memcpy   0x08002c20       0x16 /home/huynhtai/Downloads/TOOLCHAIN/gcc-arm-none-eabi-5_4-2016q3/bin/../lib/gcc/arm-none-eabi/5.4.1/../../../../arm-none-eabi/lib/armv7e-m/fpu/libc_nano.a(lib_a-memcpy-stub.o)
                0x08002c20                memcpy
 .text.memset   0x08002c36       0x10 /home/huynhtai/Downloads/TOOLCHAIN/gcc-arm-none-eabi-5_4-2016q3/bin/../lib/gcc/arm-none-eabi/5.4.1/../../../../arm-none-eabi/lib/armv7e-m/fpu/libc_nano.a(lib_a-memset.o)
                0x08002c36                memset
 *(.rodata)
 *(.rodata*)
 *fill*         0x08002c46        0x2 
 .rodata.str1.4
                0x08002c48       0xf0 main.o
 .rodata.str1.4
                0x08002d38       0x10 /home/huynhtai/Downloads/STM32-master/stm32f4xx_demo_RTOS_QUEU/STM32F4xx_StdPeriph_Driver/lib/freertos.a(timers.o)
 *(.glue_7)
 .glue_7        0x08002d48        0x0 linker stubs
 *(.glue_7t)
 .glue_7t       0x08002d48        0x0 linker stubs
 *(.eh_frame)
 *(.init)
 *(.fini)
                0x08002d48                . = ALIGN (0x4)
                0x08002d48                _etext = .
                0x08002d48                _exit = .

.vfp11_veneer   0x08002d48        0x0
 .vfp11_veneer  0x08002d48        0x0 linker stubs

.v4_bx          0x08002d48        0x0
 .v4_bx         0x08002d48        0x0 linker stubs

.iplt           0x08002d48        0x0
 .iplt          0x08002d48        0x0 my_printf.o

.rel.dyn        0x08002d48        0x0
 .rel.iplt      0x08002d48        0x0 my_printf.o

.ARM.extab
 *(.ARM.extab* .gnu.linkonce.armextab.*)

.ARM            0x08002d48        0x0
                0x08002d48                __exidx_start = .
 *(.ARM.exidx*)
                0x08002d48                __exidx_end = .

.preinit_array  0x08002d48        0x0
                [!provide]                PROVIDE (__preinit_array_start, .)
 *(.preinit_array*)
                [!provide]                PROVIDE (__preinit_array_end, .)

.init_array     0x08002d48        0x0
                [!provide]                PROVIDE (__init_array_start, .)
 *(SORT(.init_array.*))
 *(.init_array*)
                [!provide]                PROVIDE (__init_array_end, .)

.fini_array     0x08002d48        0x0
                [!provide]                PROVIDE (__fini_array_start, .)
 *(.fini_array*)
 *(SORT(.fini_array.*))
                [!provide]                PROVIDE (__fini_array_end, .)
                0x08002d48                __sidata = .

.data           0x20000000       0x18 load address 0x08002d48
                0x20000000                . = ALIGN (0x4)
                0x20000000                _sdata = .
                0x20000000                __data_start__ = _sdata
 *(.data)
 *(.data*)
 .data.SystemCoreClock
                0x20000000        0x4 system_stm32f4xx.o
                0x20000000                SystemCoreClock
 .data.APBAHBPrescTable
                0x20000004       0x10 /home/huynhtai/Downloads/STM32-master/stm32f4xx_demo_RTOS_QUEU/STM32F4xx_StdPeriph_Driver/lib/stdperiph.a(stm32f4xx_rcc.o)
 .data.uxCriticalNesting
                0x20000014        0x4 /home/huynhtai/Downloads/STM32-master/stm32f4xx_demo_RTOS_QUEU/STM32F4xx_StdPeriph_Driver/lib/freertos.a(port.o)
                0x20000018                . = ALIGN (0x4)
                0x20000018                _edata = .
                0x20000018                __data_end__ = _edata

.igot.plt       0x20000018        0x0 load address 0x08002d60
 .igot.plt      0x20000018        0x0 my_printf.o
                0x20000018                . = ALIGN (0x4)

.bss            0x20000018    0x12db0 load address 0x08002d60
                0x20000018                _sbss = .
                0x20000018                __bss_start__ = _sbss
 *(.bss)
 *(.bss*)
 .bss.ptrqueue  0x20000018        0x4 main.o
 .bss.pxDelayedTaskList
                0x2000001c        0x4 /home/huynhtai/Downloads/STM32-master/stm32f4xx_demo_RTOS_QUEU/STM32F4xx_StdPeriph_Driver/lib/freertos.a(tasks.o)
 .bss.xSchedulerRunning
                0x20000020        0x4 /home/huynhtai/Downloads/STM32-master/stm32f4xx_demo_RTOS_QUEU/STM32F4xx_StdPeriph_Driver/lib/freertos.a(tasks.o)
 .bss.xTasksWaitingTermination
                0x20000024       0x14 /home/huynhtai/Downloads/STM32-master/stm32f4xx_demo_RTOS_QUEU/STM32F4xx_StdPeriph_Driver/lib/freertos.a(tasks.o)
 .bss.xSuspendedTaskList
                0x20000038       0x14 /home/huynhtai/Downloads/STM32-master/stm32f4xx_demo_RTOS_QUEU/STM32F4xx_StdPeriph_Driver/lib/freertos.a(tasks.o)
 .bss.xIdleTaskHandle
                0x2000004c        0x4 /home/huynhtai/Downloads/STM32-master/stm32f4xx_demo_RTOS_QUEU/STM32F4xx_StdPeriph_Driver/lib/freertos.a(tasks.o)
 .bss.xPendedTicks
                0x20000050        0x4 /home/huynhtai/Downloads/STM32-master/stm32f4xx_demo_RTOS_QUEU/STM32F4xx_StdPeriph_Driver/lib/freertos.a(tasks.o)
 .bss.pxReadyTasksLists
                0x20000054       0x64 /home/huynhtai/Downloads/STM32-master/stm32f4xx_demo_RTOS_QUEU/STM32F4xx_StdPeriph_Driver/lib/freertos.a(tasks.o)
 .bss.uxSchedulerSuspended
                0x200000b8        0x4 /home/huynhtai/Downloads/STM32-master/stm32f4xx_demo_RTOS_QUEU/STM32F4xx_StdPeriph_Driver/lib/freertos.a(tasks.o)
 .bss.pxCurrentTCB
                0x200000bc        0x4 /home/huynhtai/Downloads/STM32-master/stm32f4xx_demo_RTOS_QUEU/STM32F4xx_StdPeriph_Driver/lib/freertos.a(tasks.o)
                0x200000bc                pxCurrentTCB
 .bss.xNextTaskUnblockTime
                0x200000c0        0x4 /home/huynhtai/Downloads/STM32-master/stm32f4xx_demo_RTOS_QUEU/STM32F4xx_StdPeriph_Driver/lib/freertos.a(tasks.o)
 .bss.xNumOfOverflows
                0x200000c4        0x4 /home/huynhtai/Downloads/STM32-master/stm32f4xx_demo_RTOS_QUEU/STM32F4xx_StdPeriph_Driver/lib/freertos.a(tasks.o)
 .bss.xTickCount
                0x200000c8        0x4 /home/huynhtai/Downloads/STM32-master/stm32f4xx_demo_RTOS_QUEU/STM32F4xx_StdPeriph_Driver/lib/freertos.a(tasks.o)
 .bss.pxOverflowDelayedTaskList
                0x200000cc        0x4 /home/huynhtai/Downloads/STM32-master/stm32f4xx_demo_RTOS_QUEU/STM32F4xx_StdPeriph_Driver/lib/freertos.a(tasks.o)
 .bss.xDelayedTaskList2
                0x200000d0       0x14 /home/huynhtai/Downloads/STM32-master/stm32f4xx_demo_RTOS_QUEU/STM32F4xx_StdPeriph_Driver/lib/freertos.a(tasks.o)
 .bss.uxTaskNumber
                0x200000e4        0x4 /home/huynhtai/Downloads/STM32-master/stm32f4xx_demo_RTOS_QUEU/STM32F4xx_StdPeriph_Driver/lib/freertos.a(tasks.o)
 .bss.xDelayedTaskList1
                0x200000e8       0x14 /home/huynhtai/Downloads/STM32-master/stm32f4xx_demo_RTOS_QUEU/STM32F4xx_StdPeriph_Driver/lib/freertos.a(tasks.o)
 .bss.uxDeletedTasksWaitingCleanUp
                0x200000fc        0x4 /home/huynhtai/Downloads/STM32-master/stm32f4xx_demo_RTOS_QUEU/STM32F4xx_StdPeriph_Driver/lib/freertos.a(tasks.o)
 .bss.xPendingReadyList
                0x20000100       0x14 /home/huynhtai/Downloads/STM32-master/stm32f4xx_demo_RTOS_QUEU/STM32F4xx_StdPeriph_Driver/lib/freertos.a(tasks.o)
 .bss.uxCurrentNumberOfTasks
                0x20000114        0x4 /home/huynhtai/Downloads/STM32-master/stm32f4xx_demo_RTOS_QUEU/STM32F4xx_StdPeriph_Driver/lib/freertos.a(tasks.o)
 .bss.uxTopReadyPriority
                0x20000118        0x4 /home/huynhtai/Downloads/STM32-master/stm32f4xx_demo_RTOS_QUEU/STM32F4xx_StdPeriph_Driver/lib/freertos.a(tasks.o)
 .bss.xYieldPending
                0x2000011c        0x4 /home/huynhtai/Downloads/STM32-master/stm32f4xx_demo_RTOS_QUEU/STM32F4xx_StdPeriph_Driver/lib/freertos.a(tasks.o)
 .bss.pxCurrentTimerList
                0x20000120        0x4 /home/huynhtai/Downloads/STM32-master/stm32f4xx_demo_RTOS_QUEU/STM32F4xx_StdPeriph_Driver/lib/freertos.a(timers.o)
 .bss.xActiveTimerList1
                0x20000124       0x14 /home/huynhtai/Downloads/STM32-master/stm32f4xx_demo_RTOS_QUEU/STM32F4xx_StdPeriph_Driver/lib/freertos.a(timers.o)
 .bss.xActiveTimerList2
                0x20000138       0x14 /home/huynhtai/Downloads/STM32-master/stm32f4xx_demo_RTOS_QUEU/STM32F4xx_StdPeriph_Driver/lib/freertos.a(timers.o)
 .bss.xTimerQueue
                0x2000014c        0x4 /home/huynhtai/Downloads/STM32-master/stm32f4xx_demo_RTOS_QUEU/STM32F4xx_StdPeriph_Driver/lib/freertos.a(timers.o)
 .bss.xLastTime.5492
                0x20000150        0x4 /home/huynhtai/Downloads/STM32-master/stm32f4xx_demo_RTOS_QUEU/STM32F4xx_StdPeriph_Driver/lib/freertos.a(timers.o)
 .bss.pxOverflowTimerList
                0x20000154        0x4 /home/huynhtai/Downloads/STM32-master/stm32f4xx_demo_RTOS_QUEU/STM32F4xx_StdPeriph_Driver/lib/freertos.a(timers.o)
 .bss.xTimerTaskHandle
                0x20000158        0x4 /home/huynhtai/Downloads/STM32-master/stm32f4xx_demo_RTOS_QUEU/STM32F4xx_StdPeriph_Driver/lib/freertos.a(timers.o)
 .bss.ucMaxSysCallPriority
                0x2000015c        0x1 /home/huynhtai/Downloads/STM32-master/stm32f4xx_demo_RTOS_QUEU/STM32F4xx_StdPeriph_Driver/lib/freertos.a(port.o)
 *fill*         0x2000015d        0x3 
 .bss.ulMaxPRIGROUPValue
                0x20000160        0x4 /home/huynhtai/Downloads/STM32-master/stm32f4xx_demo_RTOS_QUEU/STM32F4xx_StdPeriph_Driver/lib/freertos.a(port.o)
 .bss.xNumberOfSuccessfulAllocations
                0x20000164        0x4 /home/huynhtai/Downloads/STM32-master/stm32f4xx_demo_RTOS_QUEU/STM32F4xx_StdPeriph_Driver/lib/freertos.a(heap_4.o)
 .bss.xFreeBytesRemaining
                0x20000168        0x4 /home/huynhtai/Downloads/STM32-master/stm32f4xx_demo_RTOS_QUEU/STM32F4xx_StdPeriph_Driver/lib/freertos.a(heap_4.o)
 .bss.pxEnd     0x2000016c        0x4 /home/huynhtai/Downloads/STM32-master/stm32f4xx_demo_RTOS_QUEU/STM32F4xx_StdPeriph_Driver/lib/freertos.a(heap_4.o)
 .bss.xStart    0x20000170        0x8 /home/huynhtai/Downloads/STM32-master/stm32f4xx_demo_RTOS_QUEU/STM32F4xx_StdPeriph_Driver/lib/freertos.a(heap_4.o)
 .bss.xNumberOfSuccessfulFrees
                0x20000178        0x4 /home/huynhtai/Downloads/STM32-master/stm32f4xx_demo_RTOS_QUEU/STM32F4xx_StdPeriph_Driver/lib/freertos.a(heap_4.o)
 .bss.ucHeap    0x2000017c    0x12c00 /home/huynhtai/Downloads/STM32-master/stm32f4xx_demo_RTOS_QUEU/STM32F4xx_StdPeriph_Driver/lib/freertos.a(heap_4.o)
 .bss.xBlockAllocatedBit
                0x20012d7c        0x4 /home/huynhtai/Downloads/STM32-master/stm32f4xx_demo_RTOS_QUEU/STM32F4xx_StdPeriph_Driver/lib/freertos.a(heap_4.o)
 .bss.xMinimumEverFreeBytesRemaining
                0x20012d80        0x4 /home/huynhtai/Downloads/STM32-master/stm32f4xx_demo_RTOS_QUEU/STM32F4xx_StdPeriph_Driver/lib/freertos.a(heap_4.o)
 *(COMMON)
 COMMON         0x20012d84        0x4 main.o
                0x20012d84                data
 COMMON         0x20012d88       0x40 /home/huynhtai/Downloads/STM32-master/stm32f4xx_demo_RTOS_QUEU/STM32F4xx_StdPeriph_Driver/lib/freertos.a(queue.o)
                0x20012d88                xQueueRegistry
                0x20012dc8                . = ALIGN (0x4)
                0x20012dc8                _ebss = .
                0x20012dc8                __bss_end__ = _ebss

._user_heap_stack
                0x20012dc8     0x6000 load address 0x08015b10
                0x20012dc8                . = ALIGN (0x4)
                [!provide]                PROVIDE (end, .)
                [!provide]                PROVIDE (_end, .)
                0x20014dc8                . = (. + _Min_Heap_Size)
 *fill*         0x20012dc8     0x2000 
                0x20018dc8                . = (. + _Min_Stack_Size)
 *fill*         0x20014dc8     0x4000 
                0x20018dc8                . = ALIGN (0x4)
OUTPUT(/home/huynhtai/Downloads/STM32-master/stm32f4xx_demo_RTOS_QUEU/build/blinky.elf elf32-littlearm)

.debug_info     0x00000000     0xdcc4
 .debug_info    0x00000000      0x875 my_printf.o
 .debug_info    0x00000875      0x149 startup_stm32f4xx.o
 .debug_info    0x000009be      0x742 main.o
 .debug_info    0x00001100      0x448 stm32f4xx_it.o
 .debug_info    0x00001548      0x619 system_stm32f4xx.o
 .debug_info    0x00001b61      0x84e /home/huynhtai/Downloads/STM32-master/stm32f4xx_demo_RTOS_QUEU/STM32F4xx_StdPeriph_Driver/lib/stdperiph.a(stm32f4xx_gpio.o)
 .debug_info    0x000023af      0xc5f /home/huynhtai/Downloads/STM32-master/stm32f4xx_demo_RTOS_QUEU/STM32F4xx_StdPeriph_Driver/lib/stdperiph.a(stm32f4xx_usart.o)
 .debug_info    0x0000300e      0x31c /home/huynhtai/Downloads/STM32-master/stm32f4xx_demo_RTOS_QUEU/STM32F4xx_StdPeriph_Driver/lib/stdperiph.a(stm32f4xx_exti.o)
 .debug_info    0x0000332a     0x1685 /home/huynhtai/Downloads/STM32-master/stm32f4xx_demo_RTOS_QUEU/STM32F4xx_StdPeriph_Driver/lib/stdperiph.a(stm32f4xx_rtc.o)
 .debug_info    0x000049af      0xed5 /home/huynhtai/Downloads/STM32-master/stm32f4xx_demo_RTOS_QUEU/STM32F4xx_StdPeriph_Driver/lib/stdperiph.a(stm32f4xx_rcc.o)
 .debug_info    0x00005884     0x2956 /home/huynhtai/Downloads/STM32-master/stm32f4xx_demo_RTOS_QUEU/STM32F4xx_StdPeriph_Driver/lib/freertos.a(queue.o)
 .debug_info    0x000081da      0x2a9 /home/huynhtai/Downloads/STM32-master/stm32f4xx_demo_RTOS_QUEU/STM32F4xx_StdPeriph_Driver/lib/freertos.a(list.o)
 .debug_info    0x00008483     0x378d /home/huynhtai/Downloads/STM32-master/stm32f4xx_demo_RTOS_QUEU/STM32F4xx_StdPeriph_Driver/lib/freertos.a(tasks.o)
 .debug_info    0x0000bc10     0x1581 /home/huynhtai/Downloads/STM32-master/stm32f4xx_demo_RTOS_QUEU/STM32F4xx_StdPeriph_Driver/lib/freertos.a(timers.o)
 .debug_info    0x0000d191      0x565 /home/huynhtai/Downloads/STM32-master/stm32f4xx_demo_RTOS_QUEU/STM32F4xx_StdPeriph_Driver/lib/freertos.a(port.o)
 .debug_info    0x0000d6f6      0x5ce /home/huynhtai/Downloads/STM32-master/stm32f4xx_demo_RTOS_QUEU/STM32F4xx_StdPeriph_Driver/lib/freertos.a(heap_4.o)

.debug_abbrev   0x00000000     0x22d4
 .debug_abbrev  0x00000000      0x27b my_printf.o
 .debug_abbrev  0x0000027b       0xf1 startup_stm32f4xx.o
 .debug_abbrev  0x0000036c      0x1bf main.o
 .debug_abbrev  0x0000052b      0x17a stm32f4xx_it.o
 .debug_abbrev  0x000006a5      0x14a system_stm32f4xx.o
 .debug_abbrev  0x000007ef      0x1f8 /home/huynhtai/Downloads/STM32-master/stm32f4xx_demo_RTOS_QUEU/STM32F4xx_StdPeriph_Driver/lib/stdperiph.a(stm32f4xx_gpio.o)
 .debug_abbrev  0x000009e7      0x25d /home/huynhtai/Downloads/STM32-master/stm32f4xx_demo_RTOS_QUEU/STM32F4xx_StdPeriph_Driver/lib/stdperiph.a(stm32f4xx_usart.o)
 .debug_abbrev  0x00000c44      0x1ad /home/huynhtai/Downloads/STM32-master/stm32f4xx_demo_RTOS_QUEU/STM32F4xx_StdPeriph_Driver/lib/stdperiph.a(stm32f4xx_exti.o)
 .debug_abbrev  0x00000df1      0x26e /home/huynhtai/Downloads/STM32-master/stm32f4xx_demo_RTOS_QUEU/STM32F4xx_StdPeriph_Driver/lib/stdperiph.a(stm32f4xx_rtc.o)
 .debug_abbrev  0x0000105f      0x273 /home/huynhtai/Downloads/STM32-master/stm32f4xx_demo_RTOS_QUEU/STM32F4xx_StdPeriph_Driver/lib/stdperiph.a(stm32f4xx_rcc.o)
 .debug_abbrev  0x000012d2      0x384 /home/huynhtai/Downloads/STM32-master/stm32f4xx_demo_RTOS_QUEU/STM32F4xx_StdPeriph_Driver/lib/freertos.a(queue.o)
 .debug_abbrev  0x00001656       0xe6 /home/huynhtai/Downloads/STM32-master/stm32f4xx_demo_RTOS_QUEU/STM32F4xx_StdPeriph_Driver/lib/freertos.a(list.o)
 .debug_abbrev  0x0000173c      0x3e5 /home/huynhtai/Downloads/STM32-master/stm32f4xx_demo_RTOS_QUEU/STM32F4xx_StdPeriph_Driver/lib/freertos.a(tasks.o)
 .debug_abbrev  0x00001b21      0x343 /home/huynhtai/Downloads/STM32-master/stm32f4xx_demo_RTOS_QUEU/STM32F4xx_StdPeriph_Driver/lib/freertos.a(timers.o)
 .debug_abbrev  0x00001e64      0x22c /home/huynhtai/Downloads/STM32-master/stm32f4xx_demo_RTOS_QUEU/STM32F4xx_StdPeriph_Driver/lib/freertos.a(port.o)
 .debug_abbrev  0x00002090      0x244 /home/huynhtai/Downloads/STM32-master/stm32f4xx_demo_RTOS_QUEU/STM32F4xx_StdPeriph_Driver/lib/freertos.a(heap_4.o)

.debug_loc      0x00000000     0xa1c0
 .debug_loc     0x00000000      0x1dd my_printf.o
 .debug_loc     0x000001dd       0xe6 main.o
 .debug_loc     0x000002c3       0x1e stm32f4xx_it.o
 .debug_loc     0x000002e1      0x13b system_stm32f4xx.o
 .debug_loc     0x0000041c      0x39b /home/huynhtai/Downloads/STM32-master/stm32f4xx_demo_RTOS_QUEU/STM32F4xx_StdPeriph_Driver/lib/stdperiph.a(stm32f4xx_gpio.o)
 .debug_loc     0x000007b7      0xa59 /home/huynhtai/Downloads/STM32-master/stm32f4xx_demo_RTOS_QUEU/STM32F4xx_StdPeriph_Driver/lib/stdperiph.a(stm32f4xx_usart.o)
 .debug_loc     0x00001210      0x127 /home/huynhtai/Downloads/STM32-master/stm32f4xx_demo_RTOS_QUEU/STM32F4xx_StdPeriph_Driver/lib/stdperiph.a(stm32f4xx_exti.o)
 .debug_loc     0x00001337     0x1604 /home/huynhtai/Downloads/STM32-master/stm32f4xx_demo_RTOS_QUEU/STM32F4xx_StdPeriph_Driver/lib/stdperiph.a(stm32f4xx_rtc.o)
 .debug_loc     0x0000293b      0xd16 /home/huynhtai/Downloads/STM32-master/stm32f4xx_demo_RTOS_QUEU/STM32F4xx_StdPeriph_Driver/lib/stdperiph.a(stm32f4xx_rcc.o)
 .debug_loc     0x00003651     0x1f9d /home/huynhtai/Downloads/STM32-master/stm32f4xx_demo_RTOS_QUEU/STM32F4xx_StdPeriph_Driver/lib/freertos.a(queue.o)
 .debug_loc     0x000055ee       0x70 /home/huynhtai/Downloads/STM32-master/stm32f4xx_demo_RTOS_QUEU/STM32F4xx_StdPeriph_Driver/lib/freertos.a(list.o)
 .debug_loc     0x0000565e     0x383b /home/huynhtai/Downloads/STM32-master/stm32f4xx_demo_RTOS_QUEU/STM32F4xx_StdPeriph_Driver/lib/freertos.a(tasks.o)
 .debug_loc     0x00008e99      0xde1 /home/huynhtai/Downloads/STM32-master/stm32f4xx_demo_RTOS_QUEU/STM32F4xx_StdPeriph_Driver/lib/freertos.a(timers.o)
 .debug_loc     0x00009c7a       0xea /home/huynhtai/Downloads/STM32-master/stm32f4xx_demo_RTOS_QUEU/STM32F4xx_StdPeriph_Driver/lib/freertos.a(port.o)
 .debug_loc     0x00009d64      0x45c /home/huynhtai/Downloads/STM32-master/stm32f4xx_demo_RTOS_QUEU/STM32F4xx_StdPeriph_Driver/lib/freertos.a(heap_4.o)

.debug_aranges  0x00000000      0xae8
 .debug_aranges
                0x00000000       0x30 my_printf.o
 .debug_aranges
                0x00000030       0x28 startup_stm32f4xx.o
 .debug_aranges
                0x00000058       0x40 main.o
 .debug_aranges
                0x00000098       0x58 stm32f4xx_it.o
 .debug_aranges
                0x000000f0       0x28 system_stm32f4xx.o
 .debug_aranges
                0x00000118       0x88 /home/huynhtai/Downloads/STM32-master/stm32f4xx_demo_RTOS_QUEU/STM32F4xx_StdPeriph_Driver/lib/stdperiph.a(stm32f4xx_gpio.o)
 .debug_aranges
                0x000001a0      0x108 /home/huynhtai/Downloads/STM32-master/stm32f4xx_demo_RTOS_QUEU/STM32F4xx_StdPeriph_Driver/lib/stdperiph.a(stm32f4xx_usart.o)
 .debug_aranges
                0x000002a8       0x48 /home/huynhtai/Downloads/STM32-master/stm32f4xx_demo_RTOS_QUEU/STM32F4xx_StdPeriph_Driver/lib/stdperiph.a(stm32f4xx_exti.o)
 .debug_aranges
                0x000002f0      0x1d0 /home/huynhtai/Downloads/STM32-master/stm32f4xx_demo_RTOS_QUEU/STM32F4xx_StdPeriph_Driver/lib/stdperiph.a(stm32f4xx_rtc.o)
 .debug_aranges
                0x000004c0      0x1b8 /home/huynhtai/Downloads/STM32-master/stm32f4xx_demo_RTOS_QUEU/STM32F4xx_StdPeriph_Driver/lib/stdperiph.a(stm32f4xx_rcc.o)
 .debug_aranges
                0x00000678      0x108 /home/huynhtai/Downloads/STM32-master/stm32f4xx_demo_RTOS_QUEU/STM32F4xx_StdPeriph_Driver/lib/freertos.a(queue.o)
 .debug_aranges
                0x00000780       0x40 /home/huynhtai/Downloads/STM32-master/stm32f4xx_demo_RTOS_QUEU/STM32F4xx_StdPeriph_Driver/lib/freertos.a(list.o)
 .debug_aranges
                0x000007c0      0x1c0 /home/huynhtai/Downloads/STM32-master/stm32f4xx_demo_RTOS_QUEU/STM32F4xx_StdPeriph_Driver/lib/freertos.a(tasks.o)
 .debug_aranges
                0x00000980       0x98 /home/huynhtai/Downloads/STM32-master/stm32f4xx_demo_RTOS_QUEU/STM32F4xx_StdPeriph_Driver/lib/freertos.a(timers.o)
 .debug_aranges
                0x00000a18       0x80 /home/huynhtai/Downloads/STM32-master/stm32f4xx_demo_RTOS_QUEU/STM32F4xx_StdPeriph_Driver/lib/freertos.a(port.o)
 .debug_aranges
                0x00000a98       0x50 /home/huynhtai/Downloads/STM32-master/stm32f4xx_demo_RTOS_QUEU/STM32F4xx_StdPeriph_Driver/lib/freertos.a(heap_4.o)

.debug_ranges   0x00000000     0x16d8
 .debug_ranges  0x00000000       0x38 my_printf.o
 .debug_ranges  0x00000038       0x18 startup_stm32f4xx.o
 .debug_ranges  0x00000050       0x30 main.o
 .debug_ranges  0x00000080       0x60 stm32f4xx_it.o
 .debug_ranges  0x000000e0       0x30 system_stm32f4xx.o
 .debug_ranges  0x00000110       0x78 /home/huynhtai/Downloads/STM32-master/stm32f4xx_demo_RTOS_QUEU/STM32F4xx_StdPeriph_Driver/lib/stdperiph.a(stm32f4xx_gpio.o)
 .debug_ranges  0x00000188      0x128 /home/huynhtai/Downloads/STM32-master/stm32f4xx_demo_RTOS_QUEU/STM32F4xx_StdPeriph_Driver/lib/stdperiph.a(stm32f4xx_usart.o)
 .debug_ranges  0x000002b0       0x38 /home/huynhtai/Downloads/STM32-master/stm32f4xx_demo_RTOS_QUEU/STM32F4xx_StdPeriph_Driver/lib/stdperiph.a(stm32f4xx_exti.o)
 .debug_ranges  0x000002e8      0x340 /home/huynhtai/Downloads/STM32-master/stm32f4xx_demo_RTOS_QUEU/STM32F4xx_StdPeriph_Driver/lib/stdperiph.a(stm32f4xx_rtc.o)
 .debug_ranges  0x00000628      0x1c8 /home/huynhtai/Downloads/STM32-master/stm32f4xx_demo_RTOS_QUEU/STM32F4xx_StdPeriph_Driver/lib/stdperiph.a(stm32f4xx_rcc.o)
 .debug_ranges  0x000007f0      0x2f0 /home/huynhtai/Downloads/STM32-master/stm32f4xx_demo_RTOS_QUEU/STM32F4xx_StdPeriph_Driver/lib/freertos.a(queue.o)
 .debug_ranges  0x00000ae0       0x30 /home/huynhtai/Downloads/STM32-master/stm32f4xx_demo_RTOS_QUEU/STM32F4xx_StdPeriph_Driver/lib/freertos.a(list.o)
 .debug_ranges  0x00000b10      0x8c0 /home/huynhtai/Downloads/STM32-master/stm32f4xx_demo_RTOS_QUEU/STM32F4xx_StdPeriph_Driver/lib/freertos.a(tasks.o)
 .debug_ranges  0x000013d0      0x230 /home/huynhtai/Downloads/STM32-master/stm32f4xx_demo_RTOS_QUEU/STM32F4xx_StdPeriph_Driver/lib/freertos.a(timers.o)
 .debug_ranges  0x00001600       0x98 /home/huynhtai/Downloads/STM32-master/stm32f4xx_demo_RTOS_QUEU/STM32F4xx_StdPeriph_Driver/lib/freertos.a(port.o)
 .debug_ranges  0x00001698       0x40 /home/huynhtai/Downloads/STM32-master/stm32f4xx_demo_RTOS_QUEU/STM32F4xx_StdPeriph_Driver/lib/freertos.a(heap_4.o)

.debug_macro    0x00000000    0x13388
 .debug_macro   0x00000000      0x303 my_printf.o
 .debug_macro   0x00000303      0x880 my_printf.o
 .debug_macro   0x00000b83       0x22 my_printf.o
 .debug_macro   0x00000ba5       0x4c my_printf.o
 .debug_macro   0x00000bf1       0x8d my_printf.o
 .debug_macro   0x00000c7e       0x35 my_printf.o
 .debug_macro   0x00000cb3       0x9c my_printf.o
 .debug_macro   0x00000d4f       0x16 my_printf.o
 .debug_macro   0x00000d65       0x4a my_printf.o
 .debug_macro   0x00000daf       0x97 my_printf.o
 .debug_macro   0x00000e46      0x330 my_printf.o
 .debug_macro   0x00001176       0xf6 my_printf.o
 .debug_macro   0x0000126c       0x10 my_printf.o
 .debug_macro   0x0000127c       0x52 my_printf.o
 .debug_macro   0x000012ce       0x1f my_printf.o
 .debug_macro   0x000012ed       0x43 my_printf.o
 .debug_macro   0x00001330       0x20 my_printf.o
 .debug_macro   0x00001350      0x187 my_printf.o
 .debug_macro   0x000014d7       0x10 my_printf.o
 .debug_macro   0x000014e7       0x5e my_printf.o
 .debug_macro   0x00001545       0x1c my_printf.o
 .debug_macro   0x00001561       0x52 my_printf.o
 .debug_macro   0x000015b3       0x40 my_printf.o
 .debug_macro   0x000015f3       0x10 my_printf.o
 .debug_macro   0x00001603       0x40 my_printf.o
 .debug_macro   0x00001643       0xd7 my_printf.o
 .debug_macro   0x0000171a       0x16 my_printf.o
 .debug_macro   0x00001730      0x18b my_printf.o
 .debug_macro   0x000018bb       0x4c my_printf.o
 .debug_macro   0x00001907       0x70 my_printf.o
 .debug_macro   0x00001977       0x3b my_printf.o
 .debug_macro   0x000019b2       0xfd my_printf.o
 .debug_macro   0x00001aaf      0x1df my_printf.o
 .debug_macro   0x00001c8e       0x2d my_printf.o
 .debug_macro   0x00001cbb       0x42 my_printf.o
 .debug_macro   0x00001cfd      0xd39 my_printf.o
 .debug_macro   0x00002a36     0x8bb0 my_printf.o
 .debug_macro   0x0000b5e6       0x16 my_printf.o
 .debug_macro   0x0000b5fc      0x44f my_printf.o
 .debug_macro   0x0000ba4b      0x3cf my_printf.o
 .debug_macro   0x0000be1a      0x144 my_printf.o
 .debug_macro   0x0000bf5e      0x188 my_printf.o
 .debug_macro   0x0000c0e6       0xb2 my_printf.o
 .debug_macro   0x0000c198      0x149 my_printf.o
 .debug_macro   0x0000c2e1      0x477 my_printf.o
 .debug_macro   0x0000c758       0xae my_printf.o
 .debug_macro   0x0000c806      0x41c my_printf.o
 .debug_macro   0x0000cc22      0x279 my_printf.o
 .debug_macro   0x0000ce9b       0xc3 my_printf.o
 .debug_macro   0x0000cf5e      0x2bc my_printf.o
 .debug_macro   0x0000d21a      0x2bb my_printf.o
 .debug_macro   0x0000d4d5       0x64 my_printf.o
 .debug_macro   0x0000d539       0xe7 my_printf.o
 .debug_macro   0x0000d620      0x62f my_printf.o
 .debug_macro   0x0000dc4f       0x40 my_printf.o
 .debug_macro   0x0000dc8f      0x57b my_printf.o
 .debug_macro   0x0000e20a      0x342 my_printf.o
 .debug_macro   0x0000e54c      0x36c my_printf.o
 .debug_macro   0x0000e8b8       0xf7 my_printf.o
 .debug_macro   0x0000e9af      0x73b my_printf.o
 .debug_macro   0x0000f0ea      0x223 my_printf.o
 .debug_macro   0x0000f30d       0x34 my_printf.o
 .debug_macro   0x0000f341       0x82 my_printf.o
 .debug_macro   0x0000f3c3       0x3c my_printf.o
 .debug_macro   0x0000f3ff       0x11 startup_stm32f4xx.o
 .debug_macro   0x0000f410      0x3e9 main.o
 .debug_macro   0x0000f7f9       0x16 main.o
 .debug_macro   0x0000f80f       0x35 main.o
 .debug_macro   0x0000f844       0x16 main.o
 .debug_macro   0x0000f85a       0x29 main.o
 .debug_macro   0x0000f883       0x16 main.o
 .debug_macro   0x0000f899      0x10c main.o
 .debug_macro   0x0000f9a5      0x15a main.o
 .debug_macro   0x0000faff       0xe4 main.o
 .debug_macro   0x0000fbe3       0x1c main.o
 .debug_macro   0x0000fbff       0x26 main.o
 .debug_macro   0x0000fc25      0x4e8 main.o
 .debug_macro   0x0001010d       0xb5 main.o
 .debug_macro   0x000101c2       0xaa main.o
 .debug_macro   0x0001026c       0x80 main.o
 .debug_macro   0x000102ec       0x97 main.o
 .debug_macro   0x00010383      0x1c3 stm32f4xx_it.o
 .debug_macro   0x00010546       0x87 stm32f4xx_it.o
 .debug_macro   0x000105cd       0x44 stm32f4xx_it.o
 .debug_macro   0x00010611      0x1d9 system_stm32f4xx.o
 .debug_macro   0x000107ea      0x1c3 /home/huynhtai/Downloads/STM32-master/stm32f4xx_demo_RTOS_QUEU/STM32F4xx_StdPeriph_Driver/lib/stdperiph.a(stm32f4xx_gpio.o)
 .debug_macro   0x000109ad      0x2b6 /home/huynhtai/Downloads/STM32-master/stm32f4xx_demo_RTOS_QUEU/STM32F4xx_StdPeriph_Driver/lib/stdperiph.a(stm32f4xx_gpio.o)
 .debug_macro   0x00010c63      0x1db /home/huynhtai/Downloads/STM32-master/stm32f4xx_demo_RTOS_QUEU/STM32F4xx_StdPeriph_Driver/lib/stdperiph.a(stm32f4xx_usart.o)
 .debug_macro   0x00010e3e      0x21d /home/huynhtai/Downloads/STM32-master/stm32f4xx_demo_RTOS_QUEU/STM32F4xx_StdPeriph_Driver/lib/stdperiph.a(stm32f4xx_usart.o)
 .debug_macro   0x0001105b      0x1c5 /home/huynhtai/Downloads/STM32-master/stm32f4xx_demo_RTOS_QUEU/STM32F4xx_StdPeriph_Driver/lib/stdperiph.a(stm32f4xx_exti.o)
 .debug_macro   0x00011220       0xa8 /home/huynhtai/Downloads/STM32-master/stm32f4xx_demo_RTOS_QUEU/STM32F4xx_StdPeriph_Driver/lib/stdperiph.a(stm32f4xx_exti.o)
 .debug_macro   0x000112c8      0x1ff /home/huynhtai/Downloads/STM32-master/stm32f4xx_demo_RTOS_QUEU/STM32F4xx_StdPeriph_Driver/lib/stdperiph.a(stm32f4xx_rtc.o)
 .debug_macro   0x000114c7      0x575 /home/huynhtai/Downloads/STM32-master/stm32f4xx_demo_RTOS_QUEU/STM32F4xx_StdPeriph_Driver/lib/stdperiph.a(stm32f4xx_rtc.o)
 .debug_macro   0x00011a3c      0x289 /home/huynhtai/Downloads/STM32-master/stm32f4xx_demo_RTOS_QUEU/STM32F4xx_StdPeriph_Driver/lib/stdperiph.a(stm32f4xx_rcc.o)
 .debug_macro   0x00011cc5      0x629 /home/huynhtai/Downloads/STM32-master/stm32f4xx_demo_RTOS_QUEU/STM32F4xx_StdPeriph_Driver/lib/stdperiph.a(stm32f4xx_rcc.o)
 .debug_macro   0x000122ee      0x1fb /home/huynhtai/Downloads/STM32-master/stm32f4xx_demo_RTOS_QUEU/STM32F4xx_StdPeriph_Driver/lib/freertos.a(queue.o)
 .debug_macro   0x000124e9      0x10e /home/huynhtai/Downloads/STM32-master/stm32f4xx_demo_RTOS_QUEU/STM32F4xx_StdPeriph_Driver/lib/freertos.a(queue.o)
 .debug_macro   0x000125f7       0x86 /home/huynhtai/Downloads/STM32-master/stm32f4xx_demo_RTOS_QUEU/STM32F4xx_StdPeriph_Driver/lib/freertos.a(queue.o)
 .debug_macro   0x0001267d      0x10c /home/huynhtai/Downloads/STM32-master/stm32f4xx_demo_RTOS_QUEU/STM32F4xx_StdPeriph_Driver/lib/freertos.a(queue.o)
 .debug_macro   0x00012789      0x17b /home/huynhtai/Downloads/STM32-master/stm32f4xx_demo_RTOS_QUEU/STM32F4xx_StdPeriph_Driver/lib/freertos.a(list.o)
 .debug_macro   0x00012904      0x25e /home/huynhtai/Downloads/STM32-master/stm32f4xx_demo_RTOS_QUEU/STM32F4xx_StdPeriph_Driver/lib/freertos.a(tasks.o)
 .debug_macro   0x00012b62       0x91 /home/huynhtai/Downloads/STM32-master/stm32f4xx_demo_RTOS_QUEU/STM32F4xx_StdPeriph_Driver/lib/freertos.a(tasks.o)
 .debug_macro   0x00012bf3       0x10 /home/huynhtai/Downloads/STM32-master/stm32f4xx_demo_RTOS_QUEU/STM32F4xx_StdPeriph_Driver/lib/freertos.a(tasks.o)
 .debug_macro   0x00012c03      0x1d0 /home/huynhtai/Downloads/STM32-master/stm32f4xx_demo_RTOS_QUEU/STM32F4xx_StdPeriph_Driver/lib/freertos.a(timers.o)
 .debug_macro   0x00012dd3      0x196 /home/huynhtai/Downloads/STM32-master/stm32f4xx_demo_RTOS_QUEU/STM32F4xx_StdPeriph_Driver/lib/freertos.a(port.o)
 .debug_macro   0x00012f69      0x16d /home/huynhtai/Downloads/STM32-master/stm32f4xx_demo_RTOS_QUEU/STM32F4xx_StdPeriph_Driver/lib/freertos.a(port.o)
 .debug_macro   0x000130d6      0x1ac /home/huynhtai/Downloads/STM32-master/stm32f4xx_demo_RTOS_QUEU/STM32F4xx_StdPeriph_Driver/lib/freertos.a(heap_4.o)
 .debug_macro   0x00013282      0x106 /home/huynhtai/Downloads/STM32-master/stm32f4xx_demo_RTOS_QUEU/STM32F4xx_StdPeriph_Driver/lib/freertos.a(heap_4.o)

.debug_line     0x00000000     0x7662
 .debug_line    0x00000000      0x678 my_printf.o
 .debug_line    0x00000678       0x60 startup_stm32f4xx.o
 .debug_line    0x000006d8      0x737 main.o
 .debug_line    0x00000e0f      0x546 stm32f4xx_it.o
 .debug_line    0x00001355      0x525 system_stm32f4xx.o
 .debug_line    0x0000187a      0x65e /home/huynhtai/Downloads/STM32-master/stm32f4xx_demo_RTOS_QUEU/STM32F4xx_StdPeriph_Driver/lib/stdperiph.a(stm32f4xx_gpio.o)
 .debug_line    0x00001ed8      0x810 /home/huynhtai/Downloads/STM32-master/stm32f4xx_demo_RTOS_QUEU/STM32F4xx_StdPeriph_Driver/lib/stdperiph.a(stm32f4xx_usart.o)
 .debug_line    0x000026e8      0x54f /home/huynhtai/Downloads/STM32-master/stm32f4xx_demo_RTOS_QUEU/STM32F4xx_StdPeriph_Driver/lib/stdperiph.a(stm32f4xx_exti.o)
 .debug_line    0x00002c37      0xdc1 /home/huynhtai/Downloads/STM32-master/stm32f4xx_demo_RTOS_QUEU/STM32F4xx_StdPeriph_Driver/lib/stdperiph.a(stm32f4xx_rtc.o)
 .debug_line    0x000039f8      0x911 /home/huynhtai/Downloads/STM32-master/stm32f4xx_demo_RTOS_QUEU/STM32F4xx_StdPeriph_Driver/lib/stdperiph.a(stm32f4xx_rcc.o)
 .debug_line    0x00004309      0xcb6 /home/huynhtai/Downloads/STM32-master/stm32f4xx_demo_RTOS_QUEU/STM32F4xx_StdPeriph_Driver/lib/freertos.a(queue.o)
 .debug_line    0x00004fbf      0x3cf /home/huynhtai/Downloads/STM32-master/stm32f4xx_demo_RTOS_QUEU/STM32F4xx_StdPeriph_Driver/lib/freertos.a(list.o)
 .debug_line    0x0000538e     0x12c2 /home/huynhtai/Downloads/STM32-master/stm32f4xx_demo_RTOS_QUEU/STM32F4xx_StdPeriph_Driver/lib/freertos.a(tasks.o)
 .debug_line    0x00006650      0x6b8 /home/huynhtai/Downloads/STM32-master/stm32f4xx_demo_RTOS_QUEU/STM32F4xx_StdPeriph_Driver/lib/freertos.a(timers.o)
 .debug_line    0x00006d08      0x48d /home/huynhtai/Downloads/STM32-master/stm32f4xx_demo_RTOS_QUEU/STM32F4xx_StdPeriph_Driver/lib/freertos.a(port.o)
 .debug_line    0x00007195      0x4cd /home/huynhtai/Downloads/STM32-master/stm32f4xx_demo_RTOS_QUEU/STM32F4xx_StdPeriph_Driver/lib/freertos.a(heap_4.o)

.debug_str      0x00000000    0x6b5c4
 .debug_str     0x00000000    0x6165e my_printf.o
                              0x61932 (size before relaxing)
 .debug_str     0x0006165e       0xb3 startup_stm32f4xx.o
                               0x25b7 (size before relaxing)
 .debug_str     0x00061711     0x5018 main.o
                              0x66654 (size before relaxing)
 .debug_str     0x00066729      0x132 stm32f4xx_it.o
                              0x5da2d (size before relaxing)
 .debug_str     0x0006685b      0x1f7 system_stm32f4xx.o
                              0x5daf5 (size before relaxing)
 .debug_str     0x00066a52      0x172 /home/huynhtai/Downloads/STM32-master/stm32f4xx_demo_RTOS_QUEU/STM32F4xx_StdPeriph_Driver/lib/stdperiph.a(stm32f4xx_gpio.o)
                              0x5dbca (size before relaxing)
 .debug_str     0x00066bc4      0x4c5 /home/huynhtai/Downloads/STM32-master/stm32f4xx_demo_RTOS_QUEU/STM32F4xx_StdPeriph_Driver/lib/stdperiph.a(stm32f4xx_usart.o)
                              0x5df17 (size before relaxing)
 .debug_str     0x00067089      0x17f /home/huynhtai/Downloads/STM32-master/stm32f4xx_demo_RTOS_QUEU/STM32F4xx_StdPeriph_Driver/lib/stdperiph.a(stm32f4xx_exti.o)
                              0x5da5f (size before relaxing)
 .debug_str     0x00067208      0xb65 /home/huynhtai/Downloads/STM32-master/stm32f4xx_demo_RTOS_QUEU/STM32F4xx_StdPeriph_Driver/lib/stdperiph.a(stm32f4xx_rtc.o)
                              0x5e4a2 (size before relaxing)
 .debug_str     0x00067d6d      0xb40 /home/huynhtai/Downloads/STM32-master/stm32f4xx_demo_RTOS_QUEU/STM32F4xx_StdPeriph_Driver/lib/stdperiph.a(stm32f4xx_rcc.o)
                              0x5e66f (size before relaxing)
 .debug_str     0x000688ad      0xb12 /home/huynhtai/Downloads/STM32-master/stm32f4xx_demo_RTOS_QUEU/STM32F4xx_StdPeriph_Driver/lib/freertos.a(queue.o)
                               0xb0b6 (size before relaxing)
 .debug_str     0x000693bf       0x97 /home/huynhtai/Downloads/STM32-master/stm32f4xx_demo_RTOS_QUEU/STM32F4xx_StdPeriph_Driver/lib/freertos.a(list.o)
                               0x9830 (size before relaxing)
 .debug_str     0x00069456     0x126e /home/huynhtai/Downloads/STM32-master/stm32f4xx_demo_RTOS_QUEU/STM32F4xx_StdPeriph_Driver/lib/freertos.a(tasks.o)
                               0xbcb9 (size before relaxing)
 .debug_str     0x0006a6c4      0x4ca /home/huynhtai/Downloads/STM32-master/stm32f4xx_demo_RTOS_QUEU/STM32F4xx_StdPeriph_Driver/lib/freertos.a(timers.o)
                               0xb49e (size before relaxing)
 .debug_str     0x0006ab8e      0x750 /home/huynhtai/Downloads/STM32-master/stm32f4xx_demo_RTOS_QUEU/STM32F4xx_StdPeriph_Driver/lib/freertos.a(port.o)
                               0x7e0f (size before relaxing)
 .debug_str     0x0006b2de      0x2e6 /home/huynhtai/Downloads/STM32-master/stm32f4xx_demo_RTOS_QUEU/STM32F4xx_StdPeriph_Driver/lib/freertos.a(heap_4.o)
                               0xa15d (size before relaxing)

.comment        0x00000000       0x6e
 .comment       0x00000000       0x6e my_printf.o
                                 0x6f (size before relaxing)
 .comment       0x0000006e       0x6f startup_stm32f4xx.o
 .comment       0x0000006e       0x6f main.o
 .comment       0x0000006e       0x6f stm32f4xx_it.o
 .comment       0x0000006e       0x6f system_stm32f4xx.o
 .comment       0x0000006e       0x6f /home/huynhtai/Downloads/STM32-master/stm32f4xx_demo_RTOS_QUEU/STM32F4xx_StdPeriph_Driver/lib/stdperiph.a(stm32f4xx_gpio.o)
 .comment       0x0000006e       0x6f /home/huynhtai/Downloads/STM32-master/stm32f4xx_demo_RTOS_QUEU/STM32F4xx_StdPeriph_Driver/lib/stdperiph.a(stm32f4xx_usart.o)
 .comment       0x0000006e       0x6f /home/huynhtai/Downloads/STM32-master/stm32f4xx_demo_RTOS_QUEU/STM32F4xx_StdPeriph_Driver/lib/stdperiph.a(stm32f4xx_exti.o)
 .comment       0x0000006e       0x6f /home/huynhtai/Downloads/STM32-master/stm32f4xx_demo_RTOS_QUEU/STM32F4xx_StdPeriph_Driver/lib/stdperiph.a(stm32f4xx_rtc.o)
 .comment       0x0000006e       0x6f /home/huynhtai/Downloads/STM32-master/stm32f4xx_demo_RTOS_QUEU/STM32F4xx_StdPeriph_Driver/lib/stdperiph.a(stm32f4xx_rcc.o)
 .comment       0x0000006e       0x6f /home/huynhtai/Downloads/STM32-master/stm32f4xx_demo_RTOS_QUEU/STM32F4xx_StdPeriph_Driver/lib/freertos.a(queue.o)
 .comment       0x0000006e       0x6f /home/huynhtai/Downloads/STM32-master/stm32f4xx_demo_RTOS_QUEU/STM32F4xx_StdPeriph_Driver/lib/freertos.a(list.o)
 .comment       0x0000006e       0x6f /home/huynhtai/Downloads/STM32-master/stm32f4xx_demo_RTOS_QUEU/STM32F4xx_StdPeriph_Driver/lib/freertos.a(tasks.o)
 .comment       0x0000006e       0x6f /home/huynhtai/Downloads/STM32-master/stm32f4xx_demo_RTOS_QUEU/STM32F4xx_StdPeriph_Driver/lib/freertos.a(timers.o)
 .comment       0x0000006e       0x6f /home/huynhtai/Downloads/STM32-master/stm32f4xx_demo_RTOS_QUEU/STM32F4xx_StdPeriph_Driver/lib/freertos.a(port.o)
 .comment       0x0000006e       0x6f /home/huynhtai/Downloads/STM32-master/stm32f4xx_demo_RTOS_QUEU/STM32F4xx_StdPeriph_Driver/lib/freertos.a(heap_4.o)

.ARM.attributes
                0x00000000       0x37
 .ARM.attributes
                0x00000000       0x39 my_printf.o
 .ARM.attributes
                0x00000039       0x39 startup_stm32f4xx.o
 .ARM.attributes
                0x00000072       0x39 main.o
 .ARM.attributes
                0x000000ab       0x39 stm32f4xx_it.o
 .ARM.attributes
                0x000000e4       0x39 system_stm32f4xx.o
 .ARM.attributes
                0x0000011d       0x39 /home/huynhtai/Downloads/STM32-master/stm32f4xx_demo_RTOS_QUEU/STM32F4xx_StdPeriph_Driver/lib/stdperiph.a(stm32f4xx_gpio.o)
 .ARM.attributes
                0x00000156       0x39 /home/huynhtai/Downloads/STM32-master/stm32f4xx_demo_RTOS_QUEU/STM32F4xx_StdPeriph_Driver/lib/stdperiph.a(stm32f4xx_usart.o)
 .ARM.attributes
                0x0000018f       0x39 /home/huynhtai/Downloads/STM32-master/stm32f4xx_demo_RTOS_QUEU/STM32F4xx_StdPeriph_Driver/lib/stdperiph.a(stm32f4xx_exti.o)
 .ARM.attributes
                0x000001c8       0x39 /home/huynhtai/Downloads/STM32-master/stm32f4xx_demo_RTOS_QUEU/STM32F4xx_StdPeriph_Driver/lib/stdperiph.a(stm32f4xx_rtc.o)
 .ARM.attributes
                0x00000201       0x39 /home/huynhtai/Downloads/STM32-master/stm32f4xx_demo_RTOS_QUEU/STM32F4xx_StdPeriph_Driver/lib/stdperiph.a(stm32f4xx_rcc.o)
 .ARM.attributes
                0x0000023a       0x39 /home/huynhtai/Downloads/STM32-master/stm32f4xx_demo_RTOS_QUEU/STM32F4xx_StdPeriph_Driver/lib/freertos.a(queue.o)
 .ARM.attributes
                0x00000273       0x39 /home/huynhtai/Downloads/STM32-master/stm32f4xx_demo_RTOS_QUEU/STM32F4xx_StdPeriph_Driver/lib/freertos.a(list.o)
 .ARM.attributes
                0x000002ac       0x39 /home/huynhtai/Downloads/STM32-master/stm32f4xx_demo_RTOS_QUEU/STM32F4xx_StdPeriph_Driver/lib/freertos.a(tasks.o)
 .ARM.attributes
                0x000002e5       0x39 /home/huynhtai/Downloads/STM32-master/stm32f4xx_demo_RTOS_QUEU/STM32F4xx_StdPeriph_Driver/lib/freertos.a(timers.o)
 .ARM.attributes
                0x0000031e       0x39 /home/huynhtai/Downloads/STM32-master/stm32f4xx_demo_RTOS_QUEU/STM32F4xx_StdPeriph_Driver/lib/freertos.a(port.o)
 .ARM.attributes
                0x00000357       0x39 /home/huynhtai/Downloads/STM32-master/stm32f4xx_demo_RTOS_QUEU/STM32F4xx_StdPeriph_Driver/lib/freertos.a(heap_4.o)
 .ARM.attributes
                0x00000390       0x34 /home/huynhtai/Downloads/TOOLCHAIN/gcc-arm-none-eabi-5_4-2016q3/bin/../lib/gcc/arm-none-eabi/5.4.1/../../../../arm-none-eabi/lib/armv7e-m/fpu/libc_nano.a(lib_a-memcpy-stub.o)
 .ARM.attributes
                0x000003c4       0x34 /home/huynhtai/Downloads/TOOLCHAIN/gcc-arm-none-eabi-5_4-2016q3/bin/../lib/gcc/arm-none-eabi/5.4.1/../../../../arm-none-eabi/lib/armv7e-m/fpu/libc_nano.a(lib_a-memset.o)

.debug_frame    0x00000000     0x1ed4
 .debug_frame   0x00000000       0x9c my_printf.o
 .debug_frame   0x0000009c       0x40 startup_stm32f4xx.o
 .debug_frame   0x000000dc       0x90 main.o
 .debug_frame   0x0000016c       0xfc stm32f4xx_it.o
 .debug_frame   0x00000268       0x3c system_stm32f4xx.o
 .debug_frame   0x000002a4      0x170 /home/huynhtai/Downloads/STM32-master/stm32f4xx_demo_RTOS_QUEU/STM32F4xx_StdPeriph_Driver/lib/stdperiph.a(stm32f4xx_gpio.o)
 .debug_frame   0x00000414      0x280 /home/huynhtai/Downloads/STM32-master/stm32f4xx_demo_RTOS_QUEU/STM32F4xx_StdPeriph_Driver/lib/stdperiph.a(stm32f4xx_usart.o)
 .debug_frame   0x00000694       0xa4 /home/huynhtai/Downloads/STM32-master/stm32f4xx_demo_RTOS_QUEU/STM32F4xx_StdPeriph_Driver/lib/stdperiph.a(stm32f4xx_exti.o)
 .debug_frame   0x00000738      0x544 /home/huynhtai/Downloads/STM32-master/stm32f4xx_demo_RTOS_QUEU/STM32F4xx_StdPeriph_Driver/lib/stdperiph.a(stm32f4xx_rtc.o)
 .debug_frame   0x00000c7c      0x37c /home/huynhtai/Downloads/STM32-master/stm32f4xx_demo_RTOS_QUEU/STM32F4xx_StdPeriph_Driver/lib/stdperiph.a(stm32f4xx_rcc.o)
 .debug_frame   0x00000ff8      0x38c /home/huynhtai/Downloads/STM32-master/stm32f4xx_demo_RTOS_QUEU/STM32F4xx_StdPeriph_Driver/lib/freertos.a(queue.o)
 .debug_frame   0x00001384       0x70 /home/huynhtai/Downloads/STM32-master/stm32f4xx_demo_RTOS_QUEU/STM32F4xx_StdPeriph_Driver/lib/freertos.a(list.o)
 .debug_frame   0x000013f4      0x6b8 /home/huynhtai/Downloads/STM32-master/stm32f4xx_demo_RTOS_QUEU/STM32F4xx_StdPeriph_Driver/lib/freertos.a(tasks.o)
 .debug_frame   0x00001aac      0x1f8 /home/huynhtai/Downloads/STM32-master/stm32f4xx_demo_RTOS_QUEU/STM32F4xx_StdPeriph_Driver/lib/freertos.a(timers.o)
 .debug_frame   0x00001ca4      0x124 /home/huynhtai/Downloads/STM32-master/stm32f4xx_demo_RTOS_QUEU/STM32F4xx_StdPeriph_Driver/lib/freertos.a(port.o)
 .debug_frame   0x00001dc8       0xc4 /home/huynhtai/Downloads/STM32-master/stm32f4xx_demo_RTOS_QUEU/STM32F4xx_StdPeriph_Driver/lib/freertos.a(heap_4.o)
 .debug_frame   0x00001e8c       0x28 /home/huynhtai/Downloads/TOOLCHAIN/gcc-arm-none-eabi-5_4-2016q3/bin/../lib/gcc/arm-none-eabi/5.4.1/../../../../arm-none-eabi/lib/armv7e-m/fpu/libc_nano.a(lib_a-memcpy-stub.o)
 .debug_frame   0x00001eb4       0x20 /home/huynhtai/Downloads/TOOLCHAIN/gcc-arm-none-eabi-5_4-2016q3/bin/../lib/gcc/arm-none-eabi/5.4.1/../../../../arm-none-eabi/lib/armv7e-m/fpu/libc_nano.a(lib_a-memset.o)

Cross Reference Table

Symbol                                            File
ADC_IRQHandler                                    startup_stm32f4xx.o
AHBPrescTable                                     system_stm32f4xx.o
BusFault_Handler                                  startup_stm32f4xx.o
CAN1_RX0_IRQHandler                               startup_stm32f4xx.o
CAN1_RX1_IRQHandler                               startup_stm32f4xx.o
CAN1_SCE_IRQHandler                               startup_stm32f4xx.o
CAN1_TX_IRQHandler                                startup_stm32f4xx.o
CAN2_RX0_IRQHandler                               startup_stm32f4xx.o
CAN2_RX1_IRQHandler                               startup_stm32f4xx.o
CAN2_SCE_IRQHandler                               startup_stm32f4xx.o
CAN2_TX_IRQHandler                                startup_stm32f4xx.o
CRYP_IRQHandler                                   startup_stm32f4xx.o
DCMI_IRQHandler                                   startup_stm32f4xx.o
DMA1_Stream0_IRQHandler                           startup_stm32f4xx.o
DMA1_Stream1_IRQHandler                           startup_stm32f4xx.o
DMA1_Stream2_IRQHandler                           startup_stm32f4xx.o
DMA1_Stream3_IRQHandler                           startup_stm32f4xx.o
DMA1_Stream4_IRQHandler                           startup_stm32f4xx.o
DMA1_Stream5_IRQHandler                           startup_stm32f4xx.o
DMA1_Stream6_IRQHandler                           startup_stm32f4xx.o
DMA1_Stream7_IRQHandler                           startup_stm32f4xx.o
DMA2_Stream0_IRQHandler                           startup_stm32f4xx.o
DMA2_Stream1_IRQHandler                           startup_stm32f4xx.o
DMA2_Stream2_IRQHandler                           startup_stm32f4xx.o
DMA2_Stream3_IRQHandler                           startup_stm32f4xx.o
DMA2_Stream4_IRQHandler                           startup_stm32f4xx.o
DMA2_Stream5_IRQHandler                           startup_stm32f4xx.o
DMA2_Stream6_IRQHandler                           startup_stm32f4xx.o
DMA2_Stream7_IRQHandler                           startup_stm32f4xx.o
DebugMon_Handler                                  startup_stm32f4xx.o
Default_Handler                                   startup_stm32f4xx.o
ETH_IRQHandler                                    startup_stm32f4xx.o
ETH_WKUP_IRQHandler                               startup_stm32f4xx.o
EXTI0_IRQHandler                                  startup_stm32f4xx.o
EXTI15_10_IRQHandler                              startup_stm32f4xx.o
EXTI1_IRQHandler                                  startup_stm32f4xx.o
EXTI2_IRQHandler                                  startup_stm32f4xx.o
EXTI3_IRQHandler                                  startup_stm32f4xx.o
EXTI4_IRQHandler                                  startup_stm32f4xx.o
EXTI9_5_IRQHandler                                startup_stm32f4xx.o
EXTI_ClearFlag                                    /home/huynhtai/Downloads/STM32-master/stm32f4xx_demo_RTOS_QUEU/STM32F4xx_StdPeriph_Driver/lib/stdperiph.a(stm32f4xx_exti.o)
EXTI_ClearITPendingBit                            /home/huynhtai/Downloads/STM32-master/stm32f4xx_demo_RTOS_QUEU/STM32F4xx_StdPeriph_Driver/lib/stdperiph.a(stm32f4xx_exti.o)
                                                  stm32f4xx_it.o
EXTI_DeInit                                       /home/huynhtai/Downloads/STM32-master/stm32f4xx_demo_RTOS_QUEU/STM32F4xx_StdPeriph_Driver/lib/stdperiph.a(stm32f4xx_exti.o)
EXTI_GenerateSWInterrupt                          /home/huynhtai/Downloads/STM32-master/stm32f4xx_demo_RTOS_QUEU/STM32F4xx_StdPeriph_Driver/lib/stdperiph.a(stm32f4xx_exti.o)
EXTI_GetFlagStatus                                /home/huynhtai/Downloads/STM32-master/stm32f4xx_demo_RTOS_QUEU/STM32F4xx_StdPeriph_Driver/lib/stdperiph.a(stm32f4xx_exti.o)
EXTI_GetITStatus                                  /home/huynhtai/Downloads/STM32-master/stm32f4xx_demo_RTOS_QUEU/STM32F4xx_StdPeriph_Driver/lib/stdperiph.a(stm32f4xx_exti.o)
EXTI_Init                                         /home/huynhtai/Downloads/STM32-master/stm32f4xx_demo_RTOS_QUEU/STM32F4xx_StdPeriph_Driver/lib/stdperiph.a(stm32f4xx_exti.o)
EXTI_StructInit                                   /home/huynhtai/Downloads/STM32-master/stm32f4xx_demo_RTOS_QUEU/STM32F4xx_StdPeriph_Driver/lib/stdperiph.a(stm32f4xx_exti.o)
FLASH_IRQHandler                                  startup_stm32f4xx.o
FPU_IRQHandler                                    startup_stm32f4xx.o
FSMC_IRQHandler                                   startup_stm32f4xx.o
GPIO_DeInit                                       /home/huynhtai/Downloads/STM32-master/stm32f4xx_demo_RTOS_QUEU/STM32F4xx_StdPeriph_Driver/lib/stdperiph.a(stm32f4xx_gpio.o)
GPIO_Init                                         /home/huynhtai/Downloads/STM32-master/stm32f4xx_demo_RTOS_QUEU/STM32F4xx_StdPeriph_Driver/lib/stdperiph.a(stm32f4xx_gpio.o)
                                                  my_printf.o
GPIO_PinAFConfig                                  /home/huynhtai/Downloads/STM32-master/stm32f4xx_demo_RTOS_QUEU/STM32F4xx_StdPeriph_Driver/lib/stdperiph.a(stm32f4xx_gpio.o)
                                                  my_printf.o
GPIO_PinLockConfig                                /home/huynhtai/Downloads/STM32-master/stm32f4xx_demo_RTOS_QUEU/STM32F4xx_StdPeriph_Driver/lib/stdperiph.a(stm32f4xx_gpio.o)
GPIO_ReadInputData                                /home/huynhtai/Downloads/STM32-master/stm32f4xx_demo_RTOS_QUEU/STM32F4xx_StdPeriph_Driver/lib/stdperiph.a(stm32f4xx_gpio.o)
GPIO_ReadInputDataBit                             /home/huynhtai/Downloads/STM32-master/stm32f4xx_demo_RTOS_QUEU/STM32F4xx_StdPeriph_Driver/lib/stdperiph.a(stm32f4xx_gpio.o)
GPIO_ReadOutputData                               /home/huynhtai/Downloads/STM32-master/stm32f4xx_demo_RTOS_QUEU/STM32F4xx_StdPeriph_Driver/lib/stdperiph.a(stm32f4xx_gpio.o)
GPIO_ReadOutputDataBit                            /home/huynhtai/Downloads/STM32-master/stm32f4xx_demo_RTOS_QUEU/STM32F4xx_StdPeriph_Driver/lib/stdperiph.a(stm32f4xx_gpio.o)
GPIO_ResetBits                                    /home/huynhtai/Downloads/STM32-master/stm32f4xx_demo_RTOS_QUEU/STM32F4xx_StdPeriph_Driver/lib/stdperiph.a(stm32f4xx_gpio.o)
GPIO_SetBits                                      /home/huynhtai/Downloads/STM32-master/stm32f4xx_demo_RTOS_QUEU/STM32F4xx_StdPeriph_Driver/lib/stdperiph.a(stm32f4xx_gpio.o)
                                                  main.o
GPIO_StructInit                                   /home/huynhtai/Downloads/STM32-master/stm32f4xx_demo_RTOS_QUEU/STM32F4xx_StdPeriph_Driver/lib/stdperiph.a(stm32f4xx_gpio.o)
GPIO_ToggleBits                                   /home/huynhtai/Downloads/STM32-master/stm32f4xx_demo_RTOS_QUEU/STM32F4xx_StdPeriph_Driver/lib/stdperiph.a(stm32f4xx_gpio.o)
                                                  main.o
GPIO_Write                                        /home/huynhtai/Downloads/STM32-master/stm32f4xx_demo_RTOS_QUEU/STM32F4xx_StdPeriph_Driver/lib/stdperiph.a(stm32f4xx_gpio.o)
GPIO_WriteBit                                     /home/huynhtai/Downloads/STM32-master/stm32f4xx_demo_RTOS_QUEU/STM32F4xx_StdPeriph_Driver/lib/stdperiph.a(stm32f4xx_gpio.o)
HASH_RNG_IRQHandler                               startup_stm32f4xx.o
HardFault_Handler                                 stm32f4xx_it.o
                                                  startup_stm32f4xx.o
I2C1_ER_IRQHandler                                startup_stm32f4xx.o
I2C1_EV_IRQHandler                                startup_stm32f4xx.o
I2C2_ER_IRQHandler                                startup_stm32f4xx.o
I2C2_EV_IRQHandler                                startup_stm32f4xx.o
I2C3_ER_IRQHandler                                startup_stm32f4xx.o
I2C3_EV_IRQHandler                                startup_stm32f4xx.o
MemManage_Handler                                 startup_stm32f4xx.o
NMI_Handler                                       stm32f4xx_it.o
                                                  startup_stm32f4xx.o
OTG_FS_IRQHandler                                 startup_stm32f4xx.o
OTG_FS_WKUP_IRQHandler                            startup_stm32f4xx.o
OTG_HS_EP1_IN_IRQHandler                          startup_stm32f4xx.o
OTG_HS_EP1_OUT_IRQHandler                         startup_stm32f4xx.o
OTG_HS_IRQHandler                                 startup_stm32f4xx.o
OTG_HS_WKUP_IRQHandler                            startup_stm32f4xx.o
PVD_IRQHandler                                    startup_stm32f4xx.o
PendSV_Handler                                    /home/huynhtai/Downloads/STM32-master/stm32f4xx_demo_RTOS_QUEU/STM32F4xx_StdPeriph_Driver/lib/freertos.a(port.o)
                                                  startup_stm32f4xx.o
RCC_AHB1PeriphClockCmd                            /home/huynhtai/Downloads/STM32-master/stm32f4xx_demo_RTOS_QUEU/STM32F4xx_StdPeriph_Driver/lib/stdperiph.a(stm32f4xx_rcc.o)
                                                  my_printf.o
RCC_AHB1PeriphClockLPModeCmd                      /home/huynhtai/Downloads/STM32-master/stm32f4xx_demo_RTOS_QUEU/STM32F4xx_StdPeriph_Driver/lib/stdperiph.a(stm32f4xx_rcc.o)
RCC_AHB1PeriphResetCmd                            /home/huynhtai/Downloads/STM32-master/stm32f4xx_demo_RTOS_QUEU/STM32F4xx_StdPeriph_Driver/lib/stdperiph.a(stm32f4xx_rcc.o)
                                                  /home/huynhtai/Downloads/STM32-master/stm32f4xx_demo_RTOS_QUEU/STM32F4xx_StdPeriph_Driver/lib/stdperiph.a(stm32f4xx_gpio.o)
RCC_AHB2PeriphClockCmd                            /home/huynhtai/Downloads/STM32-master/stm32f4xx_demo_RTOS_QUEU/STM32F4xx_StdPeriph_Driver/lib/stdperiph.a(stm32f4xx_rcc.o)
RCC_AHB2PeriphClockLPModeCmd                      /home/huynhtai/Downloads/STM32-master/stm32f4xx_demo_RTOS_QUEU/STM32F4xx_StdPeriph_Driver/lib/stdperiph.a(stm32f4xx_rcc.o)
RCC_AHB2PeriphResetCmd                            /home/huynhtai/Downloads/STM32-master/stm32f4xx_demo_RTOS_QUEU/STM32F4xx_StdPeriph_Driver/lib/stdperiph.a(stm32f4xx_rcc.o)
RCC_AHB3PeriphClockCmd                            /home/huynhtai/Downloads/STM32-master/stm32f4xx_demo_RTOS_QUEU/STM32F4xx_StdPeriph_Driver/lib/stdperiph.a(stm32f4xx_rcc.o)
RCC_AHB3PeriphClockLPModeCmd                      /home/huynhtai/Downloads/STM32-master/stm32f4xx_demo_RTOS_QUEU/STM32F4xx_StdPeriph_Driver/lib/stdperiph.a(stm32f4xx_rcc.o)
RCC_AHB3PeriphResetCmd                            /home/huynhtai/Downloads/STM32-master/stm32f4xx_demo_RTOS_QUEU/STM32F4xx_StdPeriph_Driver/lib/stdperiph.a(stm32f4xx_rcc.o)
RCC_APB1PeriphClockCmd                            /home/huynhtai/Downloads/STM32-master/stm32f4xx_demo_RTOS_QUEU/STM32F4xx_StdPeriph_Driver/lib/stdperiph.a(stm32f4xx_rcc.o)
                                                  my_printf.o
RCC_APB1PeriphClockLPModeCmd                      /home/huynhtai/Downloads/STM32-master/stm32f4xx_demo_RTOS_QUEU/STM32F4xx_StdPeriph_Driver/lib/stdperiph.a(stm32f4xx_rcc.o)
RCC_APB1PeriphResetCmd                            /home/huynhtai/Downloads/STM32-master/stm32f4xx_demo_RTOS_QUEU/STM32F4xx_StdPeriph_Driver/lib/stdperiph.a(stm32f4xx_rcc.o)
                                                  /home/huynhtai/Downloads/STM32-master/stm32f4xx_demo_RTOS_QUEU/STM32F4xx_StdPeriph_Driver/lib/stdperiph.a(stm32f4xx_usart.o)
RCC_APB2PeriphClockCmd                            /home/huynhtai/Downloads/STM32-master/stm32f4xx_demo_RTOS_QUEU/STM32F4xx_StdPeriph_Driver/lib/stdperiph.a(stm32f4xx_rcc.o)
                                                  my_printf.o
RCC_APB2PeriphClockLPModeCmd                      /home/huynhtai/Downloads/STM32-master/stm32f4xx_demo_RTOS_QUEU/STM32F4xx_StdPeriph_Driver/lib/stdperiph.a(stm32f4xx_rcc.o)
RCC_APB2PeriphResetCmd                            /home/huynhtai/Downloads/STM32-master/stm32f4xx_demo_RTOS_QUEU/STM32F4xx_StdPeriph_Driver/lib/stdperiph.a(stm32f4xx_rcc.o)
                                                  /home/huynhtai/Downloads/STM32-master/stm32f4xx_demo_RTOS_QUEU/STM32F4xx_StdPeriph_Driver/lib/stdperiph.a(stm32f4xx_usart.o)
RCC_AdjustHSICalibrationValue                     /home/huynhtai/Downloads/STM32-master/stm32f4xx_demo_RTOS_QUEU/STM32F4xx_StdPeriph_Driver/lib/stdperiph.a(stm32f4xx_rcc.o)
RCC_BackupResetCmd                                /home/huynhtai/Downloads/STM32-master/stm32f4xx_demo_RTOS_QUEU/STM32F4xx_StdPeriph_Driver/lib/stdperiph.a(stm32f4xx_rcc.o)
RCC_ClearFlag                                     /home/huynhtai/Downloads/STM32-master/stm32f4xx_demo_RTOS_QUEU/STM32F4xx_StdPeriph_Driver/lib/stdperiph.a(stm32f4xx_rcc.o)
RCC_ClearITPendingBit                             /home/huynhtai/Downloads/STM32-master/stm32f4xx_demo_RTOS_QUEU/STM32F4xx_StdPeriph_Driver/lib/stdperiph.a(stm32f4xx_rcc.o)
RCC_ClockSecuritySystemCmd                        /home/huynhtai/Downloads/STM32-master/stm32f4xx_demo_RTOS_QUEU/STM32F4xx_StdPeriph_Driver/lib/stdperiph.a(stm32f4xx_rcc.o)
RCC_DeInit                                        /home/huynhtai/Downloads/STM32-master/stm32f4xx_demo_RTOS_QUEU/STM32F4xx_StdPeriph_Driver/lib/stdperiph.a(stm32f4xx_rcc.o)
RCC_GetClocksFreq                                 /home/huynhtai/Downloads/STM32-master/stm32f4xx_demo_RTOS_QUEU/STM32F4xx_StdPeriph_Driver/lib/stdperiph.a(stm32f4xx_rcc.o)
                                                  /home/huynhtai/Downloads/STM32-master/stm32f4xx_demo_RTOS_QUEU/STM32F4xx_StdPeriph_Driver/lib/stdperiph.a(stm32f4xx_usart.o)
RCC_GetFlagStatus                                 /home/huynhtai/Downloads/STM32-master/stm32f4xx_demo_RTOS_QUEU/STM32F4xx_StdPeriph_Driver/lib/stdperiph.a(stm32f4xx_rcc.o)
RCC_GetITStatus                                   /home/huynhtai/Downloads/STM32-master/stm32f4xx_demo_RTOS_QUEU/STM32F4xx_StdPeriph_Driver/lib/stdperiph.a(stm32f4xx_rcc.o)
RCC_GetSYSCLKSource                               /home/huynhtai/Downloads/STM32-master/stm32f4xx_demo_RTOS_QUEU/STM32F4xx_StdPeriph_Driver/lib/stdperiph.a(stm32f4xx_rcc.o)
RCC_HCLKConfig                                    /home/huynhtai/Downloads/STM32-master/stm32f4xx_demo_RTOS_QUEU/STM32F4xx_StdPeriph_Driver/lib/stdperiph.a(stm32f4xx_rcc.o)
RCC_HSEConfig                                     /home/huynhtai/Downloads/STM32-master/stm32f4xx_demo_RTOS_QUEU/STM32F4xx_StdPeriph_Driver/lib/stdperiph.a(stm32f4xx_rcc.o)
RCC_HSICmd                                        /home/huynhtai/Downloads/STM32-master/stm32f4xx_demo_RTOS_QUEU/STM32F4xx_StdPeriph_Driver/lib/stdperiph.a(stm32f4xx_rcc.o)
RCC_I2SCLKConfig                                  /home/huynhtai/Downloads/STM32-master/stm32f4xx_demo_RTOS_QUEU/STM32F4xx_StdPeriph_Driver/lib/stdperiph.a(stm32f4xx_rcc.o)
RCC_IRQHandler                                    startup_stm32f4xx.o
RCC_ITConfig                                      /home/huynhtai/Downloads/STM32-master/stm32f4xx_demo_RTOS_QUEU/STM32F4xx_StdPeriph_Driver/lib/stdperiph.a(stm32f4xx_rcc.o)
RCC_LSEConfig                                     /home/huynhtai/Downloads/STM32-master/stm32f4xx_demo_RTOS_QUEU/STM32F4xx_StdPeriph_Driver/lib/stdperiph.a(stm32f4xx_rcc.o)
RCC_LSICmd                                        /home/huynhtai/Downloads/STM32-master/stm32f4xx_demo_RTOS_QUEU/STM32F4xx_StdPeriph_Driver/lib/stdperiph.a(stm32f4xx_rcc.o)
RCC_LTDCCLKDivConfig                              /home/huynhtai/Downloads/STM32-master/stm32f4xx_demo_RTOS_QUEU/STM32F4xx_StdPeriph_Driver/lib/stdperiph.a(stm32f4xx_rcc.o)
RCC_MCO1Config                                    /home/huynhtai/Downloads/STM32-master/stm32f4xx_demo_RTOS_QUEU/STM32F4xx_StdPeriph_Driver/lib/stdperiph.a(stm32f4xx_rcc.o)
RCC_MCO2Config                                    /home/huynhtai/Downloads/STM32-master/stm32f4xx_demo_RTOS_QUEU/STM32F4xx_StdPeriph_Driver/lib/stdperiph.a(stm32f4xx_rcc.o)
RCC_PCLK1Config                                   /home/huynhtai/Downloads/STM32-master/stm32f4xx_demo_RTOS_QUEU/STM32F4xx_StdPeriph_Driver/lib/stdperiph.a(stm32f4xx_rcc.o)
RCC_PCLK2Config                                   /home/huynhtai/Downloads/STM32-master/stm32f4xx_demo_RTOS_QUEU/STM32F4xx_StdPeriph_Driver/lib/stdperiph.a(stm32f4xx_rcc.o)
RCC_PLLCmd                                        /home/huynhtai/Downloads/STM32-master/stm32f4xx_demo_RTOS_QUEU/STM32F4xx_StdPeriph_Driver/lib/stdperiph.a(stm32f4xx_rcc.o)
RCC_PLLConfig                                     /home/huynhtai/Downloads/STM32-master/stm32f4xx_demo_RTOS_QUEU/STM32F4xx_StdPeriph_Driver/lib/stdperiph.a(stm32f4xx_rcc.o)
RCC_PLLI2SCmd                                     /home/huynhtai/Downloads/STM32-master/stm32f4xx_demo_RTOS_QUEU/STM32F4xx_StdPeriph_Driver/lib/stdperiph.a(stm32f4xx_rcc.o)
RCC_PLLI2SConfig                                  /home/huynhtai/Downloads/STM32-master/stm32f4xx_demo_RTOS_QUEU/STM32F4xx_StdPeriph_Driver/lib/stdperiph.a(stm32f4xx_rcc.o)
RCC_PLLSAICmd                                     /home/huynhtai/Downloads/STM32-master/stm32f4xx_demo_RTOS_QUEU/STM32F4xx_StdPeriph_Driver/lib/stdperiph.a(stm32f4xx_rcc.o)
RCC_PLLSAIConfig                                  /home/huynhtai/Downloads/STM32-master/stm32f4xx_demo_RTOS_QUEU/STM32F4xx_StdPeriph_Driver/lib/stdperiph.a(stm32f4xx_rcc.o)
RCC_RTCCLKCmd                                     /home/huynhtai/Downloads/STM32-master/stm32f4xx_demo_RTOS_QUEU/STM32F4xx_StdPeriph_Driver/lib/stdperiph.a(stm32f4xx_rcc.o)
RCC_RTCCLKConfig                                  /home/huynhtai/Downloads/STM32-master/stm32f4xx_demo_RTOS_QUEU/STM32F4xx_StdPeriph_Driver/lib/stdperiph.a(stm32f4xx_rcc.o)
RCC_SAIBlockACLKConfig                            /home/huynhtai/Downloads/STM32-master/stm32f4xx_demo_RTOS_QUEU/STM32F4xx_StdPeriph_Driver/lib/stdperiph.a(stm32f4xx_rcc.o)
RCC_SAIBlockBCLKConfig                            /home/huynhtai/Downloads/STM32-master/stm32f4xx_demo_RTOS_QUEU/STM32F4xx_StdPeriph_Driver/lib/stdperiph.a(stm32f4xx_rcc.o)
RCC_SAIPLLI2SClkDivConfig                         /home/huynhtai/Downloads/STM32-master/stm32f4xx_demo_RTOS_QUEU/STM32F4xx_StdPeriph_Driver/lib/stdperiph.a(stm32f4xx_rcc.o)
RCC_SAIPLLSAIClkDivConfig                         /home/huynhtai/Downloads/STM32-master/stm32f4xx_demo_RTOS_QUEU/STM32F4xx_StdPeriph_Driver/lib/stdperiph.a(stm32f4xx_rcc.o)
RCC_SYSCLKConfig                                  /home/huynhtai/Downloads/STM32-master/stm32f4xx_demo_RTOS_QUEU/STM32F4xx_StdPeriph_Driver/lib/stdperiph.a(stm32f4xx_rcc.o)
RCC_TIMCLKPresConfig                              /home/huynhtai/Downloads/STM32-master/stm32f4xx_demo_RTOS_QUEU/STM32F4xx_StdPeriph_Driver/lib/stdperiph.a(stm32f4xx_rcc.o)
RCC_WaitForHSEStartUp                             /home/huynhtai/Downloads/STM32-master/stm32f4xx_demo_RTOS_QUEU/STM32F4xx_StdPeriph_Driver/lib/stdperiph.a(stm32f4xx_rcc.o)
RTC_AlarmCmd                                      /home/huynhtai/Downloads/STM32-master/stm32f4xx_demo_RTOS_QUEU/STM32F4xx_StdPeriph_Driver/lib/stdperiph.a(stm32f4xx_rtc.o)
RTC_AlarmStructInit                               /home/huynhtai/Downloads/STM32-master/stm32f4xx_demo_RTOS_QUEU/STM32F4xx_StdPeriph_Driver/lib/stdperiph.a(stm32f4xx_rtc.o)
RTC_AlarmSubSecondConfig                          /home/huynhtai/Downloads/STM32-master/stm32f4xx_demo_RTOS_QUEU/STM32F4xx_StdPeriph_Driver/lib/stdperiph.a(stm32f4xx_rtc.o)
RTC_Alarm_IRQHandler                              stm32f4xx_it.o
                                                  startup_stm32f4xx.o
RTC_BypassShadowCmd                               /home/huynhtai/Downloads/STM32-master/stm32f4xx_demo_RTOS_QUEU/STM32F4xx_StdPeriph_Driver/lib/stdperiph.a(stm32f4xx_rtc.o)
RTC_CalibOutputCmd                                /home/huynhtai/Downloads/STM32-master/stm32f4xx_demo_RTOS_QUEU/STM32F4xx_StdPeriph_Driver/lib/stdperiph.a(stm32f4xx_rtc.o)
RTC_CalibOutputConfig                             /home/huynhtai/Downloads/STM32-master/stm32f4xx_demo_RTOS_QUEU/STM32F4xx_StdPeriph_Driver/lib/stdperiph.a(stm32f4xx_rtc.o)
RTC_ClearFlag                                     /home/huynhtai/Downloads/STM32-master/stm32f4xx_demo_RTOS_QUEU/STM32F4xx_StdPeriph_Driver/lib/stdperiph.a(stm32f4xx_rtc.o)
                                                  stm32f4xx_it.o
RTC_ClearITPendingBit                             /home/huynhtai/Downloads/STM32-master/stm32f4xx_demo_RTOS_QUEU/STM32F4xx_StdPeriph_Driver/lib/stdperiph.a(stm32f4xx_rtc.o)
                                                  stm32f4xx_it.o
RTC_CoarseCalibCmd                                /home/huynhtai/Downloads/STM32-master/stm32f4xx_demo_RTOS_QUEU/STM32F4xx_StdPeriph_Driver/lib/stdperiph.a(stm32f4xx_rtc.o)
RTC_CoarseCalibConfig                             /home/huynhtai/Downloads/STM32-master/stm32f4xx_demo_RTOS_QUEU/STM32F4xx_StdPeriph_Driver/lib/stdperiph.a(stm32f4xx_rtc.o)
RTC_DateStructInit                                /home/huynhtai/Downloads/STM32-master/stm32f4xx_demo_RTOS_QUEU/STM32F4xx_StdPeriph_Driver/lib/stdperiph.a(stm32f4xx_rtc.o)
RTC_DayLightSavingConfig                          /home/huynhtai/Downloads/STM32-master/stm32f4xx_demo_RTOS_QUEU/STM32F4xx_StdPeriph_Driver/lib/stdperiph.a(stm32f4xx_rtc.o)
RTC_DeInit                                        /home/huynhtai/Downloads/STM32-master/stm32f4xx_demo_RTOS_QUEU/STM32F4xx_StdPeriph_Driver/lib/stdperiph.a(stm32f4xx_rtc.o)
RTC_EnterInitMode                                 /home/huynhtai/Downloads/STM32-master/stm32f4xx_demo_RTOS_QUEU/STM32F4xx_StdPeriph_Driver/lib/stdperiph.a(stm32f4xx_rtc.o)
RTC_ExitInitMode                                  /home/huynhtai/Downloads/STM32-master/stm32f4xx_demo_RTOS_QUEU/STM32F4xx_StdPeriph_Driver/lib/stdperiph.a(stm32f4xx_rtc.o)
RTC_GetAlarm                                      /home/huynhtai/Downloads/STM32-master/stm32f4xx_demo_RTOS_QUEU/STM32F4xx_StdPeriph_Driver/lib/stdperiph.a(stm32f4xx_rtc.o)
RTC_GetAlarmSubSecond                             /home/huynhtai/Downloads/STM32-master/stm32f4xx_demo_RTOS_QUEU/STM32F4xx_StdPeriph_Driver/lib/stdperiph.a(stm32f4xx_rtc.o)
RTC_GetDate                                       /home/huynhtai/Downloads/STM32-master/stm32f4xx_demo_RTOS_QUEU/STM32F4xx_StdPeriph_Driver/lib/stdperiph.a(stm32f4xx_rtc.o)
RTC_GetFlagStatus                                 /home/huynhtai/Downloads/STM32-master/stm32f4xx_demo_RTOS_QUEU/STM32F4xx_StdPeriph_Driver/lib/stdperiph.a(stm32f4xx_rtc.o)
RTC_GetITStatus                                   /home/huynhtai/Downloads/STM32-master/stm32f4xx_demo_RTOS_QUEU/STM32F4xx_StdPeriph_Driver/lib/stdperiph.a(stm32f4xx_rtc.o)
                                                  stm32f4xx_it.o
RTC_GetStoreOperation                             /home/huynhtai/Downloads/STM32-master/stm32f4xx_demo_RTOS_QUEU/STM32F4xx_StdPeriph_Driver/lib/stdperiph.a(stm32f4xx_rtc.o)
RTC_GetSubSecond                                  /home/huynhtai/Downloads/STM32-master/stm32f4xx_demo_RTOS_QUEU/STM32F4xx_StdPeriph_Driver/lib/stdperiph.a(stm32f4xx_rtc.o)
RTC_GetTime                                       /home/huynhtai/Downloads/STM32-master/stm32f4xx_demo_RTOS_QUEU/STM32F4xx_StdPeriph_Driver/lib/stdperiph.a(stm32f4xx_rtc.o)
RTC_GetTimeStamp                                  /home/huynhtai/Downloads/STM32-master/stm32f4xx_demo_RTOS_QUEU/STM32F4xx_StdPeriph_Driver/lib/stdperiph.a(stm32f4xx_rtc.o)
RTC_GetTimeStampSubSecond                         /home/huynhtai/Downloads/STM32-master/stm32f4xx_demo_RTOS_QUEU/STM32F4xx_StdPeriph_Driver/lib/stdperiph.a(stm32f4xx_rtc.o)
RTC_GetWakeUpCounter                              /home/huynhtai/Downloads/STM32-master/stm32f4xx_demo_RTOS_QUEU/STM32F4xx_StdPeriph_Driver/lib/stdperiph.a(stm32f4xx_rtc.o)
RTC_ITConfig                                      /home/huynhtai/Downloads/STM32-master/stm32f4xx_demo_RTOS_QUEU/STM32F4xx_StdPeriph_Driver/lib/stdperiph.a(stm32f4xx_rtc.o)
RTC_Init                                          /home/huynhtai/Downloads/STM32-master/stm32f4xx_demo_RTOS_QUEU/STM32F4xx_StdPeriph_Driver/lib/stdperiph.a(stm32f4xx_rtc.o)
RTC_OutputConfig                                  /home/huynhtai/Downloads/STM32-master/stm32f4xx_demo_RTOS_QUEU/STM32F4xx_StdPeriph_Driver/lib/stdperiph.a(stm32f4xx_rtc.o)
RTC_OutputTypeConfig                              /home/huynhtai/Downloads/STM32-master/stm32f4xx_demo_RTOS_QUEU/STM32F4xx_StdPeriph_Driver/lib/stdperiph.a(stm32f4xx_rtc.o)
RTC_ReadBackupRegister                            /home/huynhtai/Downloads/STM32-master/stm32f4xx_demo_RTOS_QUEU/STM32F4xx_StdPeriph_Driver/lib/stdperiph.a(stm32f4xx_rtc.o)
RTC_RefClockCmd                                   /home/huynhtai/Downloads/STM32-master/stm32f4xx_demo_RTOS_QUEU/STM32F4xx_StdPeriph_Driver/lib/stdperiph.a(stm32f4xx_rtc.o)
RTC_SetAlarm                                      /home/huynhtai/Downloads/STM32-master/stm32f4xx_demo_RTOS_QUEU/STM32F4xx_StdPeriph_Driver/lib/stdperiph.a(stm32f4xx_rtc.o)
RTC_SetDate                                       /home/huynhtai/Downloads/STM32-master/stm32f4xx_demo_RTOS_QUEU/STM32F4xx_StdPeriph_Driver/lib/stdperiph.a(stm32f4xx_rtc.o)
RTC_SetTime                                       /home/huynhtai/Downloads/STM32-master/stm32f4xx_demo_RTOS_QUEU/STM32F4xx_StdPeriph_Driver/lib/stdperiph.a(stm32f4xx_rtc.o)
RTC_SetWakeUpCounter                              /home/huynhtai/Downloads/STM32-master/stm32f4xx_demo_RTOS_QUEU/STM32F4xx_StdPeriph_Driver/lib/stdperiph.a(stm32f4xx_rtc.o)